C51 COMPILER V9.00   MAIN                                                                  08/02/2019 09:34:00 PAGE 1   


C51 COMPILER V9.00, COMPILATION OF MODULE MAIN
OBJECT MODULE PLACED IN ..\output\main.obj
COMPILER INVOKED BY: C:\Keil\C51\BIN\C51.EXE ..\source\main.c BROWSE DEBUG OBJECTEXTEND PRINT(.\main.lst) OBJECT(..\outp
                    -ut\main.obj)

line level    source

   1          /*
   2          * 【编写时间】： 2019年7月23日
   3          * 【作    者】： 清翔电子:01
   4          * 【版    本】： 1.6
   5          * 【网    站】： http://www.qxmcu.com/ 
   6          * 【淘宝店铺】： http://qxmcu.taobao.com/ 
   7          * 【实验平台】： QX-MCS51 单片机开发板 & QX-A51智能小车
   8          * 【外部晶振】： 11.0592mhz     
   9          * 【主控芯片】： STC89C52
  10          * 【编译环境】： Keil μVisio4
  11          * 【程序功能】： 超声波-魔术手实验
  12          * 【使用说明】： 打开底板电源后按S2启动，具体实验流程请看相关视频教程
  13          * 【注意事项】： 云台不防撞
  14          */
  15          
  16          #define  _MAIN_C
  17          #include "config.h"
  18          #include "motor.h"
  19          #include "Delay.h"
  20          #include "timer_ISR.h"
  21          #include "LCD1602.h"
  22          #include "ultrasonic.h"
  23          #include "app.h"
  24          #include "Servo.h"
  25          #include "main.h"
  26          
  27          uchar LeftSpeed, RightSpeed;//设置左右轮速度
  28          void keyscan()
  29          {
  30   1              for(;;) //死循环
  31   1              {
  32   2                      if(KEY_S2 == 0)// 实时检测S2按键是否被按下
  33   2                      {
  34   3                              Delay1ms(5); //软件消抖
  35   3                              if(KEY_S2 == 0)//再检测S2是否被按下
  36   3                              {
  37   4                                      while(!KEY_S2);//松手检测
  38   4                                      BUZZER_on;      //开启蜂鸣器
  39   4                                      Delay1ms(200);//200毫秒延时
  40   4                                      BUZZER_off;     //关闭蜂鸣器
  41   4                                      break;          //退出FOR死循环
  42   4                              }
  43   3                      }
  44   2              }       
  45   1      }
  46          void main()
  47          {
  48   1              LeftSpeed       = 120;//设置左轮速度
  49   1              RightSpeed      = 120;//设置右轮速度
  50   1              IntRegInit();//中断寄存器初始化
  51   1              Timer0Init();//PWM调速初始化
  52   1              Timer1Init();//初始化定时器
  53   1              ServoFront(); //初始化舵机朝向
  54   1              keyscan();//按S2按键启动        
C51 COMPILER V9.00   MAIN                                                                  08/02/2019 09:34:00 PAGE 2   

  55   1              while(1)
  56   1              {
  57   2                      UltrasonicMagic(200);//超声波魔术手，参数-触发距离,单位毫米
  58   2              }
  59   1      } 


MODULE INFORMATION:   STATIC OVERLAYABLE
   CODE SIZE        =     58    ----
   CONSTANT SIZE    =   ----    ----
   XDATA SIZE       =   ----    ----
   PDATA SIZE       =   ----    ----
   DATA SIZE        =      2    ----
   IDATA SIZE       =   ----    ----
   BIT SIZE         =   ----    ----
END OF MODULE INFORMATION.


C51 COMPILATION COMPLETE.  0 WARNING(S),  0 ERROR(S)
