BL51 BANKED LINKER/LOCATER V6.22                                                        08/02/2019  09:34:05  PAGE 1


BL51 BANKED LINKER/LOCATER V6.22, INVOKED BY:
C:\KEIL\C51\BIN\BL51.EXE ..\output\main.obj, ..\output\motor.obj, ..\output\timer_ISR.obj, ..\output\Delay.obj, ..\outpu
>> t\LCD1602.obj, ..\output\ultrasonic.obj, ..\output\app.obj, ..\output\servo.obj TO ..\output\template PRINT (.\templa
>> te.m51) RAMSIZE (256)


MEMORY MODEL: SMALL WITH FLOATING POINT ARITHMETIC


INPUT MODULES INCLUDED:
  ..\output\main.obj (MAIN)
  ..\output\motor.obj (MOTOR)
  ..\output\timer_ISR.obj (TIMER_ISR)
  ..\output\Delay.obj (DELAY)
  ..\output\LCD1602.obj (LCD1602)
  ..\output\ultrasonic.obj (ULTRASONIC)
  ..\output\app.obj (APP)
  ..\output\servo.obj (SERVO)
  C:\KEIL\C51\LIB\C51FPS.LIB (?C?FPMUL)
  C:\KEIL\C51\LIB\C51FPS.LIB (?C?FCAST)
  C:\KEIL\C51\LIB\C51FPS.LIB (?C?CASTF)
  C:\KEIL\C51\LIB\C51FPS.LIB (?C?FPGETOPN)
  C:\KEIL\C51\LIB\C51S.LIB (?C_STARTUP)
  C:\KEIL\C51\LIB\C51S.LIB (?C?CLDPTR)
  C:\KEIL\C51\LIB\C51S.LIB (?C?UIDIV)
  C:\KEIL\C51\LIB\C51S.LIB (?C?ILDOPTR)
  C:\KEIL\C51\LIB\C51S.LIB (?C?ISTOPTR)
  C:\KEIL\C51\LIB\C51S.LIB (?C?LNEG)
  C:\KEIL\C51\LIB\C51S.LIB (?C_INIT)


LINK MAP OF MODULE:  ..\output\template (MAIN)


            TYPE    BASE      LENGTH    RELOCATION   SEGMENT NAME
            -----------------------------------------------------

            * * * * * * *   D A T A   M E M O R Y   * * * * * * *
            REG     0000H     0008H     ABSOLUTE     "REG BANK 0"
            DATA    0008H     0014H     UNIT         ?DT?APP
            DATA    001CH     0003H     UNIT         ?DT?_LCD1602_DIS_STR?LCD1602
            DATA    001FH     0001H     UNIT         ?DT?TIMER_ISR
            BIT     0020H.0   0000H.1   UNIT         ?BI?APP
                    0020H.1   0000H.7                *** GAP ***
            DATA    0021H     0007H     UNIT         ?DT?_BUBBLE?APP
            DATA    0028H     0006H     UNIT         _DATA_GROUP_
            DATA    002EH     0002H     UNIT         ?DT?MAIN
            DATA    0030H     0002H     UNIT         ?DT?MOTOR
            DATA    0032H     0002H     UNIT         ?DT?_DISPDISTANCE?APP
            DATA    0034H     0002H     UNIT         ?DT?PTZ_AVOID?APP
            DATA    0036H     0001H     UNIT         ?DT?REFRESHDISTANCE?APP
            DATA    0037H     0001H     UNIT         ?DT?SERVOLEFT?SERVO
            DATA    0038H     0001H     UNIT         ?DT?SERVORIGHT?SERVO
            IDATA   0039H     0001H     UNIT         ?STACK

            * * * * * * *   C O D E   M E M O R Y   * * * * * * *
            CODE    0000H     0003H     ABSOLUTE     
            CODE    0003H     0007H     UNIT         ?PR?INTREGINIT?TIMER_ISR
BL51 BANKED LINKER/LOCATER V6.22                                                      08/02/2019  09:34:05  PAGE 2


                    000AH     0001H                  *** GAP ***
            CODE    000BH     0003H     ABSOLUTE     
            CODE    000EH     000DH     UNIT         ?PR?_SMARTCARFORWARD?MOTOR
            CODE    001BH     0003H     ABSOLUTE     
            CODE    001EH     02A6H     UNIT         ?C?LIB_CODE
            CODE    02C4H     018FH     UNIT         ?PR?PTZ_AVOID?APP
            CODE    0453H     00B5H     UNIT         ?PR?_DISPDISTANCE?APP
            CODE    0508H     00B0H     UNIT         ?PR?_BUBBLE?APP
            CODE    05B8H     008CH     UNIT         ?C_C51STARTUP
            CODE    0644H     0047H     UNIT         ?PR?REFRESHDISTANCE?APP
            CODE    068BH     0045H     UNIT         ?PR?GETDISTANCE?ULTRASONIC
            CODE    06D0H     0037H     UNIT         ?PR?TM0_ISR?TIMER_ISR
            CODE    0707H     002FH     UNIT         ?CO?APP
            CODE    0736H     0028H     UNIT         ?PR?_LCD1602_DIS_STR?LCD1602
            CODE    075EH     0023H     UNIT         ?PR?SERVOFRONT?SERVO
            CODE    0781H     0023H     UNIT         ?PR?SERVOLEFT?SERVO
            CODE    07A4H     0023H     UNIT         ?PR?SERVORIGHT?SERVO
            CODE    07C7H     001FH     UNIT         ?C_INITSEG
            CODE    07E6H     001EH     UNIT         ?PR?MAIN?MAIN
            CODE    0804H     001CH     UNIT         ?PR?KEYSCAN?MAIN
            CODE    0820H     001BH     UNIT         ?PR?_ULTRASONICMAGIC?APP
            CODE    083BH     0018H     UNIT         ?PR?IR_AVOID?APP
            CODE    0853H     0017H     UNIT         ?PR?_DELAY1MS?DELAY
            CODE    086AH     0014H     UNIT         ?PR?INIT_LCD1602?LCD1602
            CODE    087EH     0012H     UNIT         ?PR?READ_BUSY?LCD1602
            CODE    0890H     0010H     UNIT         ?PR?_LCD1602_WRITE_CMD?LCD1602
            CODE    08A0H     0010H     UNIT         ?PR?_LCD1602_WRITE_DAT?LCD1602
            CODE    08B0H     000FH     UNIT         ?PR?TRIGULTRASONIC?ULTRASONIC
            CODE    08BFH     000DH     UNIT         ?PR?_SMARTCARBACK?MOTOR
            CODE    08CCH     000DH     UNIT         ?PR?_SMARTCARLEFT?MOTOR
            CODE    08D9H     000DH     UNIT         ?PR?_SMARTCARLEFTTURN?MOTOR
            CODE    08E6H     000DH     UNIT         ?PR?_SMARTCARRIGHT?MOTOR
            CODE    08F3H     000DH     UNIT         ?PR?_SMARTCARRIGHTTURN?MOTOR
            CODE    0900H     000CH     UNIT         ?PR?TIMER0INIT?TIMER_ISR
            CODE    090CH     000CH     UNIT         ?PR?_LCD1602_SET_CURSOR?LCD1602
            CODE    0918H     000AH     UNIT         ?PR?DELAY18450US?DELAY
            CODE    0922H     000AH     UNIT         ?PR?DELAY600US?DELAY
            CODE    092CH     000AH     UNIT         ?PR?DELAY19400US?DELAY
            CODE    0936H     000AH     UNIT         ?PR?_LCD1602_DIS_ONECHAR?LCD1602
            CODE    0940H     0009H     UNIT         ?PR?SMARTCARSTOPS?MOTOR
            CODE    0949H     0009H     UNIT         ?PR?TIMER1INIT?TIMER_ISR
            CODE    0952H     0009H     UNIT         ?PR?DELAY1550US?DELAY
            CODE    095BH     0009H     UNIT         ?PR?DELAY17500US?DELAY
            CODE    0964H     0009H     UNIT         ?PR?DELAY2500US?DELAY
            CODE    096DH     0005H     UNIT         ?PR?TM1_ISR?TIMER_ISR
            CODE    0972H     0005H     UNIT         ?PR?DELAY15US?DELAY



OVERLAY MAP OF MODULE:   ..\output\template (MAIN)


SEGMENT                                    DATA_GROUP 
  +--> CALLED SEGMENT                    START    LENGTH
--------------------------------------------------------
?C_C51STARTUP                            -----    -----
  +--> ?PR?MAIN?MAIN
BL51 BANKED LINKER/LOCATER V6.22                                                      08/02/2019  09:34:05  PAGE 3


  +--> ?C_INITSEG

?PR?MAIN?MAIN                            -----    -----
  +--> ?PR?INTREGINIT?TIMER_ISR
  +--> ?PR?TIMER0INIT?TIMER_ISR
  +--> ?PR?TIMER1INIT?TIMER_ISR
  +--> ?PR?SERVOFRONT?SERVO
  +--> ?PR?KEYSCAN?MAIN
  +--> ?PR?_ULTRASONICMAGIC?APP

?PR?SERVOFRONT?SERVO                     0028H    0001H
  +--> ?PR?DELAY1550US?DELAY
  +--> ?PR?DELAY18450US?DELAY
  +--> ?PR?_DELAY1MS?DELAY

?PR?KEYSCAN?MAIN                         -----    -----
  +--> ?PR?_DELAY1MS?DELAY

?PR?_ULTRASONICMAGIC?APP                 0028H    0002H
  +--> ?PR?GETDISTANCE?ULTRASONIC
  +--> ?PR?_SMARTCARFORWARD?MOTOR
  +--> ?PR?_SMARTCARBACK?MOTOR

?PR?GETDISTANCE?ULTRASONIC               002AH    0004H
  +--> ?PR?TRIGULTRASONIC?ULTRASONIC

?PR?TRIGULTRASONIC?ULTRASONIC            -----    -----
  +--> ?PR?DELAY15US?DELAY



SYMBOL TABLE OF MODULE:  ..\output\template (MAIN)

  VALUE           TYPE          NAME
  ----------------------------------

  -------         MODULE        MAIN
  C:0000H         SYMBOL        _ICE_DUMMY_
  D:0090H         PUBLIC        P1
  D:002EH         PUBLIC        LeftSpeed
  D:00A0H         PUBLIC        P2
  D:00B0H         PUBLIC        P3
  D:00A8H         PUBLIC        IE
  D:00B8H         PUBLIC        IP
  C:07E6H         PUBLIC        main
  D:0098H         PUBLIC        SCON
  D:0088H         PUBLIC        TCON
  B:00B0H.0       PUBLIC        KEY_S2
  B:00A0H.3       PUBLIC        BUZZER
  D:00C8H         PUBLIC        T2CON
  C:0804H         PUBLIC        keyscan
  D:002FH         PUBLIC        RightSpeed
  D:00D0H         PUBLIC        PSW
  -------         PROC          KEYSCAN
  C:0804H         LINE#         28
  C:0804H         LINE#         29
  C:0804H         LINE#         30
BL51 BANKED LINKER/LOCATER V6.22                                                      08/02/2019  09:34:05  PAGE 4


  C:0804H         LINE#         31
  C:0804H         LINE#         32
  C:0807H         LINE#         33
  C:0807H         LINE#         34
  C:080EH         LINE#         35
  C:0811H         LINE#         36
  C:0811H         LINE#         37
  C:0814H         LINE#         38
  C:0816H         LINE#         39
  C:081DH         LINE#         40
  C:081FH         LINE#         41
  C:081FH         LINE#         42
  C:081FH         LINE#         43
  C:081FH         LINE#         44
  C:081FH         LINE#         45
  -------         ENDPROC       KEYSCAN
  -------         PROC          MAIN
  C:07E6H         LINE#         46
  C:07E6H         LINE#         47
  C:07E6H         LINE#         48
  C:07E9H         LINE#         49
  C:07ECH         LINE#         50
  C:07EFH         LINE#         51
  C:07F2H         LINE#         52
  C:07F5H         LINE#         53
  C:07F8H         LINE#         54
  C:07FBH         LINE#         55
  C:07FBH         LINE#         56
  C:07FBH         LINE#         57
  C:0802H         LINE#         58
  -------         ENDPROC       MAIN
  -------         ENDMOD        MAIN

  -------         MODULE        MOTOR
  C:0000H         SYMBOL        _ICE_DUMMY_
  D:0090H         PUBLIC        P1
  D:00A0H         PUBLIC        P2
  D:00B0H         PUBLIC        P3
  D:0030H         PUBLIC        RightMotorSpeed
  D:00A8H         PUBLIC        IE
  C:08BFH         PUBLIC        _SmartCarBack
  D:0031H         PUBLIC        LeftMotorSpeed
  D:00B8H         PUBLIC        IP
  C:08E6H         PUBLIC        _SmartCarRight
  C:08CCH         PUBLIC        _SmartCarLeft
  D:0098H         PUBLIC        SCON
  D:0088H         PUBLIC        TCON
  C:0940H         PUBLIC        SmartCarStops
  B:0090H.2       PUBLIC        IN1
  B:0090H.3       PUBLIC        IN2
  B:0090H.6       PUBLIC        IN3
  B:0090H.7       PUBLIC        IN4
  C:08F3H         PUBLIC        _SmartCarRightTurn
  C:08D9H         PUBLIC        _SmartCarLeftTurn
  D:00C8H         PUBLIC        T2CON
  D:00D0H         PUBLIC        PSW
  C:000EH         PUBLIC        _SmartCarForward
BL51 BANKED LINKER/LOCATER V6.22                                                      08/02/2019  09:34:05  PAGE 5


  -------         PROC          _SMARTCARFORWARD
  D:0007H         SYMBOL        LeftSpeedVal
  D:0005H         SYMBOL        RightSpeedVal
  C:000EH         LINE#         14
  C:000EH         LINE#         15
  C:000EH         LINE#         16
  C:0010H         LINE#         17
  C:0012H         LINE#         18
  C:0016H         LINE#         19
  C:001AH         LINE#         20
  -------         ENDPROC       _SMARTCARFORWARD
  -------         PROC          _SMARTCARBACK
  D:0007H         SYMBOL        LeftSpeedVal
  D:0005H         SYMBOL        RightSpeedVal
  C:08BFH         LINE#         29
  C:08BFH         LINE#         30
  C:08BFH         LINE#         31
  C:08C1H         LINE#         32
  C:08C3H         LINE#         33
  C:08C7H         LINE#         34
  C:08CBH         LINE#         35
  -------         ENDPROC       _SMARTCARBACK
  -------         PROC          _SMARTCARLEFT
  D:0007H         SYMBOL        LeftSpeedVal
  D:0005H         SYMBOL        RightSpeedVal
  C:08CCH         LINE#         44
  C:08CCH         LINE#         45
  C:08CCH         LINE#         46
  C:08CEH         LINE#         47
  C:08D0H         LINE#         48
  C:08D4H         LINE#         49
  C:08D8H         LINE#         50
  -------         ENDPROC       _SMARTCARLEFT
  -------         PROC          _SMARTCARLEFTTURN
  D:0007H         SYMBOL        LeftSpeedVal
  D:0005H         SYMBOL        RightSpeedVal
  C:08D9H         LINE#         52
  C:08D9H         LINE#         53
  C:08D9H         LINE#         54
  C:08DBH         LINE#         55
  C:08DDH         LINE#         56
  C:08E1H         LINE#         57
  C:08E5H         LINE#         58
  -------         ENDPROC       _SMARTCARLEFTTURN
  -------         PROC          _SMARTCARRIGHT
  D:0007H         SYMBOL        LeftSpeedVal
  D:0005H         SYMBOL        RightSpeedVal
  C:08E6H         LINE#         67
  C:08E6H         LINE#         68
  C:08E6H         LINE#         69
  C:08E8H         LINE#         70
  C:08EAH         LINE#         71
  C:08EEH         LINE#         72
  C:08F2H         LINE#         73
  -------         ENDPROC       _SMARTCARRIGHT
  -------         PROC          _SMARTCARRIGHTTURN
  D:0007H         SYMBOL        LeftSpeedVal
BL51 BANKED LINKER/LOCATER V6.22                                                      08/02/2019  09:34:05  PAGE 6


  D:0005H         SYMBOL        RightSpeedVal
  C:08F3H         LINE#         75
  C:08F3H         LINE#         76
  C:08F3H         LINE#         77
  C:08F5H         LINE#         78
  C:08F7H         LINE#         79
  C:08FBH         LINE#         80
  C:08FFH         LINE#         81
  -------         ENDPROC       _SMARTCARRIGHTTURN
  -------         PROC          SMARTCARSTOPS
  C:0940H         LINE#         88
  C:0940H         LINE#         89
  C:0940H         LINE#         90
  C:0944H         LINE#         91
  C:0948H         LINE#         92
  -------         ENDPROC       SMARTCARSTOPS
  -------         ENDMOD        MOTOR

  -------         MODULE        TIMER_ISR
  C:0000H         SYMBOL        _ICE_DUMMY_
  D:0090H         PUBLIC        P1
  D:00A0H         PUBLIC        P2
  D:00B0H         PUBLIC        P3
  B:00A8H.7       PUBLIC        EA
  B:0090H.5       PUBLIC        RightMotor_EN
  D:00A8H         PUBLIC        IE
  B:0090H.4       PUBLIC        LeftMotor_EN
  D:00B8H         PUBLIC        IP
  D:001FH         PUBLIC        PWM_T
  B:00A0H.0       PUBLIC        EchoPin
  D:0098H         PUBLIC        SCON
  D:0089H         PUBLIC        TMOD
  D:0088H         PUBLIC        TCON
  C:06D0H         PUBLIC        tm0_isr
  C:096DH         PUBLIC        tm1_isr
  B:00A8H.1       PUBLIC        ET0
  B:00A8H.3       PUBLIC        ET1
  C:0900H         PUBLIC        Timer0Init
  C:0949H         PUBLIC        Timer1Init
  D:008CH         PUBLIC        TH0
  D:008DH         PUBLIC        TH1
  D:008AH         PUBLIC        TL0
  D:008BH         PUBLIC        TL1
  B:0088H.4       PUBLIC        TR0
  C:0003H         PUBLIC        IntRegInit
  D:00C8H         PUBLIC        T2CON
  D:00D0H         PUBLIC        PSW
  -------         PROC          INTREGINIT
  C:0003H         LINE#         13
  C:0003H         LINE#         14
  C:0003H         LINE#         15
  C:0005H         LINE#         16
  C:0007H         LINE#         17
  C:0009H         LINE#         18
  -------         ENDPROC       INTREGINIT
  -------         PROC          TIMER0INIT
  C:0900H         LINE#         20
BL51 BANKED LINKER/LOCATER V6.22                                                      08/02/2019  09:34:05  PAGE 7


  C:0900H         LINE#         21
  C:0900H         LINE#         22
  C:0903H         LINE#         23
  C:0906H         LINE#         24
  C:0909H         LINE#         25
  C:090BH         LINE#         26
  -------         ENDPROC       TIMER0INIT
  -------         PROC          TIMER1INIT
  C:0949H         LINE#         29
  C:0949H         LINE#         30
  C:0949H         LINE#         31
  C:094CH         LINE#         32
  C:094FH         LINE#         33
  C:0951H         LINE#         34
  -------         ENDPROC       TIMER1INIT
  -------         PROC          TM0_ISR
  C:06D0H         LINE#         36
  C:06D4H         LINE#         38
  C:06D6H         LINE#         39
  C:06DBH         LINE#         40
  C:06DBH         LINE#         41
  C:06DEH         LINE#         42
  C:06DEH         LINE#         43
  C:06E5H         LINE#         44
  C:06E5H         LINE#         45
  C:06E7H         LINE#         46
  C:06E7H         LINE#         47
  C:06EEH         LINE#         48
  C:06EEH         LINE#         49
  C:06F0H         LINE#         50
  C:06F0H         LINE#         51
  C:06F7H         LINE#         52
  C:06F7H         LINE#         53
  C:06F9H         LINE#         54
  C:06F9H         LINE#         55
  C:0700H         LINE#         56
  C:0700H         LINE#         57
  C:0702H         LINE#         58
  C:0702H         LINE#         59
  -------         ENDPROC       TM0_ISR
  -------         PROC          TM1_ISR
  C:096DH         LINE#         61
  C:096DH         LINE#         63
  C:096FH         LINE#         64
  C:0971H         LINE#         65
  -------         ENDPROC       TM1_ISR
  -------         ENDMOD        TIMER_ISR

  -------         MODULE        DELAY
  C:0000H         SYMBOL        _ICE_DUMMY_
  D:0090H         PUBLIC        P1
  D:00A0H         PUBLIC        P2
  D:00B0H         PUBLIC        P3
  C:0853H         PUBLIC        _Delay1ms
  D:00A8H         PUBLIC        IE
  D:00B8H         PUBLIC        IP
  C:0964H         PUBLIC        Delay2500us
BL51 BANKED LINKER/LOCATER V6.22                                                      08/02/2019  09:34:05  PAGE 8


  C:0952H         PUBLIC        Delay1550us
  D:0098H         PUBLIC        SCON
  D:0088H         PUBLIC        TCON
  C:0972H         PUBLIC        Delay15us
  C:095BH         PUBLIC        Delay17500us
  C:092CH         PUBLIC        Delay19400us
  C:0918H         PUBLIC        Delay18450us
  D:00C8H         PUBLIC        T2CON
  C:0922H         PUBLIC        Delay600us
  D:00D0H         PUBLIC        PSW
  -------         PROC          _DELAY1MS
  D:0006H         SYMBOL        ms
  -------         DO            
  D:0004H         SYMBOL        i
  -------         ENDDO         
  C:0853H         LINE#         10
  C:0853H         LINE#         11
  C:0853H         LINE#         13
  C:0853H         LINE#         14
  C:0857H         LINE#         15
  C:0860H         LINE#         16
  C:0869H         LINE#         17
  -------         ENDPROC       _DELAY1MS
  -------         PROC          DELAY15US
  -------         DO            
  D:0007H         SYMBOL        i
  -------         ENDDO         
  C:0972H         LINE#         19
  C:0972H         LINE#         20
  C:0972H         LINE#         23
  C:0974H         LINE#         24
  C:0976H         LINE#         25
  -------         ENDPROC       DELAY15US
  -------         PROC          DELAY1550US
  -------         DO            
  D:0007H         SYMBOL        i
  D:0006H         SYMBOL        j
  -------         ENDDO         
  C:0952H         LINE#         29
  C:0952H         LINE#         30
  C:0952H         LINE#         33
  C:0954H         LINE#         34
  C:0956H         LINE#         36
  C:0956H         LINE#         37
  C:0958H         LINE#         38
  C:095AH         LINE#         39
  -------         ENDPROC       DELAY1550US
  -------         PROC          DELAY18450US
  -------         DO            
  D:0007H         SYMBOL        i
  D:0006H         SYMBOL        j
  -------         ENDDO         
  C:0918H         LINE#         41
  C:0918H         LINE#         42
  C:0918H         LINE#         45
  C:0919H         LINE#         46
  C:091BH         LINE#         47
BL51 BANKED LINKER/LOCATER V6.22                                                      08/02/2019  09:34:05  PAGE 9


  C:091DH         LINE#         49
  C:091DH         LINE#         50
  C:091FH         LINE#         51
  C:0921H         LINE#         52
  -------         ENDPROC       DELAY18450US
  -------         PROC          DELAY600US
  -------         DO            
  D:0007H         SYMBOL        i
  D:0006H         SYMBOL        j
  -------         ENDDO         
  C:0922H         LINE#         54
  C:0922H         LINE#         55
  C:0922H         LINE#         58
  C:0923H         LINE#         59
  C:0925H         LINE#         60
  C:0927H         LINE#         62
  C:0927H         LINE#         63
  C:0929H         LINE#         64
  C:092BH         LINE#         65
  -------         ENDPROC       DELAY600US
  -------         PROC          DELAY19400US
  -------         DO            
  D:0007H         SYMBOL        i
  D:0006H         SYMBOL        j
  -------         ENDDO         
  C:092CH         LINE#         66
  C:092CH         LINE#         67
  C:092CH         LINE#         70
  C:092DH         LINE#         71
  C:092FH         LINE#         72
  C:0931H         LINE#         74
  C:0931H         LINE#         75
  C:0933H         LINE#         76
  C:0935H         LINE#         77
  -------         ENDPROC       DELAY19400US
  -------         PROC          DELAY17500US
  -------         DO            
  D:0007H         SYMBOL        i
  D:0006H         SYMBOL        j
  -------         ENDDO         
  C:095BH         LINE#         79
  C:095BH         LINE#         80
  C:095BH         LINE#         83
  C:095DH         LINE#         84
  C:095FH         LINE#         86
  C:095FH         LINE#         87
  C:0961H         LINE#         88
  C:0963H         LINE#         89
  -------         ENDPROC       DELAY17500US
  -------         PROC          DELAY2500US
  -------         DO            
  D:0007H         SYMBOL        i
  D:0006H         SYMBOL        j
  -------         ENDDO         
  C:0964H         LINE#         90
  C:0964H         LINE#         91
  C:0964H         LINE#         94
BL51 BANKED LINKER/LOCATER V6.22                                                      08/02/2019  09:34:05  PAGE 10


  C:0966H         LINE#         95
  C:0968H         LINE#         97
  C:0968H         LINE#         98
  C:096AH         LINE#         99
  C:096CH         LINE#         100
  -------         ENDPROC       DELAY2500US
  -------         ENDMOD        DELAY

  -------         MODULE        LCD1602
  C:0000H         SYMBOL        _ICE_DUMMY_
  D:0080H         PUBLIC        P0
  D:0090H         PUBLIC        P1
  D:00A0H         PUBLIC        P2
  C:0890H         PUBLIC        _LCD1602_Write_Cmd
  D:00B0H         PUBLIC        P3
  C:087EH         PUBLIC        Read_Busy
  C:08A0H         PUBLIC        _LCD1602_Write_Dat
  D:00A8H         PUBLIC        IE
  C:090CH         PUBLIC        _LCD1602_Set_Cursor
  B:00B0H.4       PUBLIC        LCD1602_EN
  C:086AH         PUBLIC        Init_LCD1602
  D:00B8H         PUBLIC        IP
  B:00B0H.5       PUBLIC        LCD1602_RS
  C:0936H         PUBLIC        _LCD1602_Dis_OneChar
  B:00B0H.6       PUBLIC        LCD1602_RW
  D:0098H         PUBLIC        SCON
  D:0088H         PUBLIC        TCON
  C:0736H         PUBLIC        _LCD1602_Dis_Str
  D:00C8H         PUBLIC        T2CON
  D:00D0H         PUBLIC        PSW
  -------         PROC          READ_BUSY
  -------         DO            
  D:0007H         SYMBOL        busy
  -------         ENDDO         
  C:087EH         LINE#         8
  C:087EH         LINE#         9
  C:087EH         LINE#         11
  C:0881H         LINE#         12
  C:0883H         LINE#         13
  C:0885H         LINE#         15
  C:0885H         LINE#         16
  C:0887H         LINE#         17
  C:0889H         LINE#         18
  C:088BH         LINE#         19
  C:088FH         LINE#         20
  -------         ENDPROC       READ_BUSY
  -------         PROC          _LCD1602_WRITE_CMD
  D:0006H         SYMBOL        cmd
  C:0890H         LINE#         27
  C:0892H         LINE#         28
  C:0892H         LINE#         29
  C:0895H         LINE#         30
  C:0897H         LINE#         31
  C:0899H         LINE#         32
  C:089BH         LINE#         33
  C:089DH         LINE#         34
  C:089FH         LINE#         35
BL51 BANKED LINKER/LOCATER V6.22                                                      08/02/2019  09:34:05  PAGE 11


  -------         ENDPROC       _LCD1602_WRITE_CMD
  -------         PROC          _LCD1602_WRITE_DAT
  D:0006H         SYMBOL        dat
  C:08A0H         LINE#         42
  C:08A2H         LINE#         43
  C:08A2H         LINE#         44
  C:08A5H         LINE#         45
  C:08A7H         LINE#         46
  C:08A9H         LINE#         47
  C:08ABH         LINE#         48
  C:08ADH         LINE#         49
  C:08AFH         LINE#         50
  -------         ENDPROC       _LCD1602_WRITE_DAT
  -------         PROC          _LCD1602_SET_CURSOR
  D:0007H         SYMBOL        x
  D:0005H         SYMBOL        y
  C:090CH         LINE#         81
  C:090CH         LINE#         82
  C:090CH         LINE#         83
  C:0912H         LINE#         84
  C:0915H         LINE#         85
  -------         ENDPROC       _LCD1602_SET_CURSOR
  -------         PROC          _LCD1602_DIS_ONECHAR
  D:0006H         SYMBOL        x
  D:0005H         SYMBOL        y
  D:0004H         SYMBOL        dat
  C:0936H         LINE#         94
  C:0938H         LINE#         95
  C:0938H         LINE#         96
  C:093BH         LINE#         97
  -------         ENDPROC       _LCD1602_DIS_ONECHAR
  -------         PROC          _LCD1602_DIS_STR
  D:0007H         SYMBOL        x
  D:0005H         SYMBOL        y
  D:001CH         SYMBOL        str
  C:0736H         LINE#         106
  C:073CH         LINE#         107
  C:073CH         LINE#         108
  C:073FH         LINE#         109
  C:074AH         LINE#         110
  C:074AH         LINE#         111
  C:075BH         LINE#         112
  C:075DH         LINE#         113
  -------         ENDPROC       _LCD1602_DIS_STR
  -------         PROC          INIT_LCD1602
  C:086AH         LINE#         119
  C:086AH         LINE#         120
  C:086AH         LINE#         121
  C:086FH         LINE#         122
  C:0874H         LINE#         123
  C:0879H         LINE#         124
  -------         ENDPROC       INIT_LCD1602
  -------         ENDMOD        LCD1602

  -------         MODULE        ULTRASONIC
  C:0000H         SYMBOL        _ICE_DUMMY_
  D:0090H         PUBLIC        P1
BL51 BANKED LINKER/LOCATER V6.22                                                      08/02/2019  09:34:05  PAGE 12


  D:00A0H         PUBLIC        P2
  D:00B0H         PUBLIC        P3
  D:00A8H         PUBLIC        IE
  D:00B8H         PUBLIC        IP
  B:00A0H.0       PUBLIC        EchoPin
  D:0098H         PUBLIC        SCON
  D:0088H         PUBLIC        TCON
  B:00A0H.1       PUBLIC        TrigPin
  C:08B0H         PUBLIC        TrigUltrasonic
  D:008DH         PUBLIC        TH1
  D:008BH         PUBLIC        TL1
  C:068BH         PUBLIC        GetDistance
  B:0088H.6       PUBLIC        TR1
  D:00C8H         PUBLIC        T2CON
  D:00D0H         PUBLIC        PSW
  -------         PROC          TRIGULTRASONIC
  C:08B0H         LINE#         7
  C:08B0H         LINE#         8
  C:08B0H         LINE#         9
  C:08B2H         LINE#         10
  C:08B3H         LINE#         11
  C:08B4H         LINE#         12
  C:08B5H         LINE#         13
  C:08B6H         LINE#         14
  C:08B7H         LINE#         15
  C:08B9H         LINE#         16
  C:08BCH         LINE#         17
  C:08BEH         LINE#         18
  -------         ENDPROC       TRIGULTRASONIC
  -------         PROC          GETDISTANCE
  -------         DO            
  D:002AH         SYMBOL        Distance
  D:002CH         SYMBOL        Time
  -------         ENDDO         
  C:068BH         LINE#         28
  C:068BH         LINE#         29
  C:068BH         LINE#         30
  C:0690H         LINE#         31
  C:0694H         LINE#         32
  C:0697H         LINE#         33
  C:069AH         LINE#         34
  C:069CH         LINE#         35
  C:069FH         LINE#         36
  C:06A1H         LINE#         37
  C:06B1H         LINE#         38
  C:06B4H         LINE#         39
  C:06B6H         LINE#         40
  C:06CFH         LINE#         41
  C:06CFH         LINE#         42
  -------         ENDPROC       GETDISTANCE
  -------         ENDMOD        ULTRASONIC

  -------         MODULE        APP
  C:0000H         SYMBOL        _ICE_DUMMY_
  D:0090H         PUBLIC        P1
  D:00A0H         PUBLIC        P2
  D:00B0H         PUBLIC        P3
BL51 BANKED LINKER/LOCATER V6.22                                                      08/02/2019  09:34:05  PAGE 13


  C:0644H         PUBLIC        RefreshDistance
  D:00A8H         PUBLIC        IE
  C:0820H         PUBLIC        _UltrasonicMagic
  B:0020H.0       PUBLIC        Timer1Overflow
  D:00B8H         PUBLIC        IP
  D:0008H         PUBLIC        RightDistance
  D:0098H         PUBLIC        SCON
  D:000AH         PUBLIC        DistBuf
  D:0088H         PUBLIC        TCON
  D:0014H         PUBLIC        FrontDistance
  D:0016H         PUBLIC        LeftDistance
  C:0453H         PUBLIC        _DispDistance
  B:0090H.1       PUBLIC        UAvoidSensorRight
  C:02C4H         PUBLIC        PTZ_Avoid
  B:0090H.0       PUBLIC        UAvoidSensorLeft
  D:0018H         PUBLIC        disbuff
  D:00C8H         PUBLIC        T2CON
  C:0729H         PUBLIC        ASCII
  C:0508H         PUBLIC        _bubble
  C:083BH         PUBLIC        IR_Avoid
  D:00D0H         PUBLIC        PSW
  -------         PROC          _DISPDISTANCE
  D:0032H         SYMBOL        Val
  C:0453H         LINE#         24
  C:0457H         LINE#         25
  C:0457H         LINE#         26
  C:0465H         LINE#         27
  C:0465H         LINE#         28
  C:0467H         LINE#         29
  C:0474H         LINE#         30
  C:0474H         LINE#         32
  C:0474H         LINE#         34
  C:0481H         LINE#         35
  C:049BH         LINE#         36
  C:04B5H         LINE#         37
  C:04C2H         LINE#         38
  C:04CFH         LINE#         39
  C:04DDH         LINE#         40
  C:04EBH         LINE#         41
  C:04F9H         LINE#         42
  C:0507H         LINE#         43
  C:0507H         LINE#         44
  -------         ENDPROC       _DISPDISTANCE
  -------         PROC          _BUBBLE
  D:0001H         SYMBOL        a
  D:0021H         SYMBOL        n
  -------         DO            
  D:0022H         SYMBOL        i
  D:0024H         SYMBOL        j
  D:0026H         SYMBOL        temp
  -------         ENDDO         
  C:0508H         LINE#         46
  C:050AH         LINE#         47
  C:050AH         LINE#         49
  C:0524H         LINE#         50
  C:0524H         LINE#         51
  C:053AH         LINE#         52
BL51 BANKED LINKER/LOCATER V6.22                                                      08/02/2019  09:34:05  PAGE 14


  C:053AH         LINE#         53
  C:0564H         LINE#         54
  C:0564H         LINE#         55
  C:0568H         LINE#         56
  C:058BH         LINE#         57
  C:059FH         LINE#         58
  C:059FH         LINE#         59
  C:05A9H         LINE#         60
  C:05B7H         LINE#         62
  -------         ENDPROC       _BUBBLE
  -------         PROC          REFRESHDISTANCE
  -------         DO            
  D:0036H         SYMBOL        num
  D:0006H         SYMBOL        Dist
  -------         ENDDO         
  C:0644H         LINE#         70
  C:0644H         LINE#         71
  C:0644H         LINE#         74
  C:0647H         LINE#         75
  C:0647H         LINE#         76
  C:0656H         LINE#         77
  C:065DH         LINE#         78
  C:0666H         LINE#         79
  C:0671H         LINE#         80
  C:068AH         LINE#         81
  C:068AH         LINE#         82
  -------         ENDPROC       REFRESHDISTANCE
  -------         PROC          IR_AVOID
  C:083BH         LINE#         84
  C:083BH         LINE#         85
  C:083BH         LINE#         86
  C:083EH         LINE#         87
  C:083EH         LINE#         88
  C:0845H         LINE#         89
  C:084CH         LINE#         90
  C:084CH         LINE#         91
  C:084FH         LINE#         92
  C:084FH         LINE#         93
  C:084FH         LINE#         94
  C:0852H         LINE#         95
  C:0852H         LINE#         96
  -------         ENDPROC       IR_AVOID
  -------         PROC          _ULTRASONICMAGIC
  D:0028H         SYMBOL        val
  -------         DO            
  D:0006H         SYMBOL        Dis
  -------         ENDDO         
  C:0820H         LINE#         103
  C:0824H         LINE#         104
  C:0824H         LINE#         106
  C:0827H         LINE#         107
  C:0834H         LINE#         108
  C:0834H         LINE#         109
  C:0837H         LINE#         110
  C:0837H         LINE#         112
  C:0837H         LINE#         113
  C:083AH         LINE#         114
BL51 BANKED LINKER/LOCATER V6.22                                                      08/02/2019  09:34:05  PAGE 15


  C:083AH         LINE#         115
  -------         ENDPROC       _ULTRASONICMAGIC
  -------         PROC          PTZ_AVOID
  -------         DO            
  D:0034H         SYMBOL        Dis
  -------         ENDDO         
  C:02C4H         LINE#         123
  C:02C4H         LINE#         124
  C:02C4H         LINE#         126
  C:02CBH         LINE#         127
  C:02D9H         LINE#         128
  C:02D9H         LINE#         129
  C:02E1H         LINE#         130
  C:02E8H         LINE#         131
  C:02EBH         LINE#         132
  C:02F2H         LINE#         135
  C:02F5H         LINE#         136
  C:02FCH         LINE#         137
  C:0304H         LINE#         138
  C:030BH         LINE#         139
  C:0312H         LINE#         142
  C:0315H         LINE#         143
  C:031CH         LINE#         144
  C:0324H         LINE#         145
  C:032BH         LINE#         146
  C:0332H         LINE#         149
  C:0335H         LINE#         150
  C:033CH         LINE#         151
  C:0344H         LINE#         152
  C:034BH         LINE#         153
  C:0352H         LINE#         154
  C:0373H         LINE#         155
  C:0373H         LINE#         156
  C:0373H         LINE#         157
  C:037AH         LINE#         158
  C:0381H         LINE#         160
  C:0384H         LINE#         161
  C:038BH         LINE#         162
  C:0393H         LINE#         163
  C:039AH         LINE#         164
  C:03A1H         LINE#         165
  C:03ACH         LINE#         166
  C:03B8H         LINE#         167
  C:03B8H         LINE#         168
  C:03C0H         LINE#         169
  C:03C7H         LINE#         170
  C:03CEH         LINE#         171
  C:03D5H         LINE#         172
  C:03D5H         LINE#         173
  C:03E2H         LINE#         174
  C:03E2H         LINE#         175
  C:03EAH         LINE#         176
  C:03F1H         LINE#         177
  C:03F8H         LINE#         178
  C:03FFH         LINE#         179
  C:0406H         LINE#         180
  C:041CH         LINE#         181
BL51 BANKED LINKER/LOCATER V6.22                                                      08/02/2019  09:34:05  PAGE 16


  C:041CH         LINE#         182
  C:0424H         LINE#         183
  C:042BH         LINE#         184
  C:0432H         LINE#         185
  C:0439H         LINE#         186
  C:0439H         LINE#         187
  C:0439H         LINE#         189
  C:0439H         LINE#         190
  C:043EH         LINE#         191
  C:043EH         LINE#         192
  C:0441H         LINE#         193
  C:0452H         LINE#         194
  C:0452H         LINE#         195
  -------         ENDPROC       PTZ_AVOID
  -------         ENDMOD        APP

  -------         MODULE        SERVO
  C:0000H         SYMBOL        _ICE_DUMMY_
  D:0090H         PUBLIC        P1
  D:00A0H         PUBLIC        P2
  D:00B0H         PUBLIC        P3
  B:00A8H.7       PUBLIC        EA
  D:00A8H         PUBLIC        IE
  C:07A4H         PUBLIC        ServoRight
  D:00B8H         PUBLIC        IP
  C:075EH         PUBLIC        ServoFront
  C:0781H         PUBLIC        ServoLeft
  D:0098H         PUBLIC        SCON
  D:0088H         PUBLIC        TCON
  B:00A0H.7       PUBLIC        ServoPin
  D:00C8H         PUBLIC        T2CON
  D:00D0H         PUBLIC        PSW
  -------         PROC          SERVOFRONT
  -------         DO            
  D:0028H         SYMBOL        i
  -------         ENDDO         
  C:075EH         LINE#         10
  C:075EH         LINE#         11
  C:075EH         LINE#         13
  C:0760H         LINE#         14
  C:0763H         LINE#         15
  C:0763H         LINE#         16
  C:0765H         LINE#         17
  C:0768H         LINE#         18
  C:076AH         LINE#         19
  C:076DH         LINE#         20
  C:0778H         LINE#         21
  C:077AH         LINE#         22
  -------         ENDPROC       SERVOFRONT
  -------         PROC          SERVOLEFT
  -------         DO            
  D:0037H         SYMBOL        i
  -------         ENDDO         
  C:0781H         LINE#         30
  C:0781H         LINE#         31
  C:0781H         LINE#         33
  C:0783H         LINE#         34
BL51 BANKED LINKER/LOCATER V6.22                                                      08/02/2019  09:34:05  PAGE 17


  C:0786H         LINE#         35
  C:0786H         LINE#         36
  C:0788H         LINE#         37
  C:078BH         LINE#         38
  C:078DH         LINE#         39
  C:0790H         LINE#         40
  C:079BH         LINE#         41
  C:079DH         LINE#         42
  -------         ENDPROC       SERVOLEFT
  -------         PROC          SERVORIGHT
  -------         DO            
  D:0038H         SYMBOL        i
  -------         ENDDO         
  C:07A4H         LINE#         50
  C:07A4H         LINE#         51
  C:07A4H         LINE#         53
  C:07A6H         LINE#         54
  C:07A9H         LINE#         55
  C:07A9H         LINE#         56
  C:07ABH         LINE#         57
  C:07AEH         LINE#         58
  C:07B0H         LINE#         59
  C:07B3H         LINE#         60
  C:07BEH         LINE#         61
  C:07C0H         LINE#         62
  -------         ENDPROC       SERVORIGHT
  -------         ENDMOD        SERVO

  -------         MODULE        ?C?FPMUL
  C:001EH         PUBLIC        ?C?FPMUL
  -------         ENDMOD        ?C?FPMUL

  -------         MODULE        ?C?FCAST
  C:012EH         PUBLIC        ?C?FCASTC
  C:0129H         PUBLIC        ?C?FCASTI
  C:0124H         PUBLIC        ?C?FCASTL
  -------         ENDMOD        ?C?FCAST

  -------         MODULE        ?C?CASTF
  C:0162H         PUBLIC        ?C?CASTF
  -------         ENDMOD        ?C?CASTF

  -------         MODULE        ?C?CLDPTR
  C:01E3H         PUBLIC        ?C?CLDPTR
  -------         ENDMOD        ?C?CLDPTR

  -------         MODULE        ?C?UIDIV
  C:01FCH         PUBLIC        ?C?UIDIV
  -------         ENDMOD        ?C?UIDIV

  -------         MODULE        ?C?ILDOPTR
  C:0251H         PUBLIC        ?C?ILDOPTR
  -------         ENDMOD        ?C?ILDOPTR

  -------         MODULE        ?C?ISTOPTR
  C:0289H         PUBLIC        ?C?ISTOPTR
  -------         ENDMOD        ?C?ISTOPTR
BL51 BANKED LINKER/LOCATER V6.22                                                      08/02/2019  09:34:05  PAGE 18



  -------         MODULE        ?C?LNEG
  C:02B6H         PUBLIC        ?C?LNEG
  -------         ENDMOD        ?C?LNEG

*** WARNING L16: UNCALLED SEGMENT, IGNORED FOR OVERLAY PROCESS
    SEGMENT: ?PR?INIT_LCD1602?LCD1602

*** WARNING L16: UNCALLED SEGMENT, IGNORED FOR OVERLAY PROCESS
    SEGMENT: ?PR?PTZ_AVOID?APP

Program Size: data=57.1 xdata=0 code=2422
LINK/LOCATE RUN COMPLETE.  2 WARNING(S),  0 ERROR(S)
