C51 COMPILER V9.00   MAIN                                                                  07/24/2019 17:18:41 PAGE 1   


C51 COMPILER V9.00, COMPILATION OF MODULE MAIN
OBJECT MODULE PLACED IN ..\output\main.obj
COMPILER INVOKED BY: C:\Keil\C51\BIN\C51.EXE ..\source\main.c BROWSE DEBUG OBJECTEXTEND PRINT(.\main.lst) OBJECT(..\outp
                    -ut\main.obj)

line level    source

   1          #define  _MAIN_C
   2          #include "config.h"
   3          #include "timer_ISR.h"
   4          #include "motor.h"
   5          #include "Delay.h"
   6          #include "main.h"
   7          
   8          void keyscan()
   9          {
  10   1              for(;;) //死循环
  11   1              {
  12   2                      if(KEY_S2 == 0)// 实时检测S2按键是否被按下
  13   2                      {
  14   3                              Delay1ms(5); //软件消抖
  15   3                              if(KEY_S2 == 0)//再检测S2是否被按下
  16   3                              {
  17   4                                      while(!KEY_S2);//松手检测
  18   4                                      BUZZER_on;      //开启蜂鸣器
  19   4                                      Delay1ms(200);//200毫秒延时
  20   4                                      BUZZER_off;     //关闭蜂鸣器
  21   4                                      break;          //退出FOR死循环
  22   4                              }
  23   3                      }
  24   2              }       
  25   1      }
  26          
  27          void main()
  28          {
  29   1              IntRegInit();//中断寄存器初始化
  30   1              Timer0Init();//PWM调速初始化
  31   1              keyscan();//按S2按键启动
  32   1              SmartCarForward(100, 130);//智能小车前进调节范围80-255,255最快
  33   1              Delay1ms(2000);                 //延时2秒
  34   1              BUZZER_on;      //开启蜂鸣器
  35   1              Delay1ms(200);//200毫秒延时
  36   1              BUZZER_off;     //关闭蜂鸣器
  37   1              SmartCarStops();//停车
  38   1              while(1);
  39   1      } 


MODULE INFORMATION:   STATIC OVERLAYABLE
   CODE SIZE        =     67    ----
   CONSTANT SIZE    =   ----    ----
   XDATA SIZE       =   ----    ----
   PDATA SIZE       =   ----    ----
   DATA SIZE        =   ----    ----
   IDATA SIZE       =   ----    ----
   BIT SIZE         =   ----    ----
END OF MODULE INFORMATION.


C51 COMPILATION COMPLETE.  0 WARNING(S),  0 ERROR(S)
