C51 COMPILER V9.54   APP                                                                   07/11/2026 13:50:29 PAGE 1   


C51 COMPILER V9.54, COMPILATION OF MODULE APP
OBJECT MODULE PLACED IN ..\output\app.obj
COMPILER INVOKED BY: D:\Users\MBri\Keil5\Core\C51\BIN\C51.EXE ..\source\app.c OPTIMIZE(8,SPEED) BROWSE DEBUG OBJECTEXTEN
                    -D PRINT(.\app.lst) OBJECT(..\output\app.obj)

line level    source

   1          #include "config.h"
   2          #include "timer_ISR.h"
   3          #include "LCD1602.h"
   4          #include "ultrasonic.h"
   5          #include "Delay.h"
   6          #include "motor.h"
   7          #include "Servo.h"
   8          #include "app.h"
   9          #include "main.h"
  10          
  11          bit Timer1Overflow;
  12          bit Timer2Overflow;
  13          
  14          uchar code ASCII[13] = "0123456789";
  15          uchar disbuff[4] = {0, 0, 0, 0};
  16          uint DistBuf[5] = {0};
  17          
  18          /* Direction labels for LCD */
  19          uchar code *dirNames[5] = {
  20                  "Dir: Front  ",
  21                  "Dir: Left   ",
  22                  "Dir: Right  ",
  23                  "Dir: Left45 ",
  24                  "Dir: Right45"};
  25          
  26          /*====================================
  27            LFSR pseudo-random number generator
  28            Polynomial: x^8 + x^4 + x^3 + x^2 + 1
  29          ====================================*/
  30          static unsigned char lfsr;
  31          
  32          void InitRandom(void)
  33          {
  34   1              lfsr = TL0;
  35   1              if (lfsr == 0)
  36   1                      lfsr = 0xAA;
  37   1      }
  38          
  39          unsigned char RandomByte(void)
  40          {
  41   1              unsigned char fb;
  42   1              fb = ((lfsr >> 0) ^ (lfsr >> 1) ^ (lfsr >> 2) ^ (lfsr >> 3)) & 1;
  43   1              lfsr = (lfsr >> 1) | (fb << 7);
  44   1              return lfsr;
  45   1      }
  46          
  47          /*====================================
  48            LCD1602 display distance
  49            Unit: mm
  50          ====================================*/
  51          void DispDistance(unsigned int Val)
  52          {
  53   1              if ((Val >= 5000) || (Timer1Overflow == 1))
  54   1              {
C51 COMPILER V9.54   APP                                                                   07/11/2026 13:50:29 PAGE 2   

  55   2                      Timer1Overflow = 0;
  56   2                      LCD1602_Dis_Str(0, 0, "!!! Out of range");
  57   2              }
  58   1              else
  59   1              {
  60   2                      disbuff[0] = Val / 1000;
  61   2                      disbuff[1] = Val % 1000 / 100;
  62   2                      disbuff[2] = Val % 100 / 10;
  63   2                      disbuff[3] = Val % 10;
  64   2                      LCD1602_Dis_Str(0, 0, "Distance:0000 MM");
  65   2                      LCD1602_Dis_OneChar(9, 0, ASCII[disbuff[0]]);
  66   2                      LCD1602_Dis_OneChar(10, 0, ASCII[disbuff[1]]);
  67   2                      LCD1602_Dis_OneChar(11, 0, ASCII[disbuff[2]]);
  68   2                      LCD1602_Dis_OneChar(12, 0, ASCII[disbuff[3]]);
  69   2              }
  70   1      }
  71          
  72          /*====================================
  73            Bubble sort (ascending)
  74          ====================================*/
  75          void bubble(unsigned int *a, unsigned char n)
  76          {
  77   1              unsigned int i, j, temp;
  78   1              for (i = 0; i < n - 1; i++)
  79   1              {
  80   2                      for (j = i + 1; j < n; j++)
  81   2                      {
  82   3                              if (a[i] > a[j])
  83   3                              {
  84   4                                      temp = a[i];
  85   4                                      a[i] = a[j];
  86   4                                      a[j] = temp;
  87   4                              }
  88   3                      }
  89   2              }
  90   1      }
  91          
  92          /*====================================
  93            5-sample filtered distance
  94            Drop max & min, average middle 3
  95          ====================================*/
  96          unsigned int RefreshDistance()
  97          {
  98   1              uchar num;
  99   1              uint Dist;
 100   1              for (num = 0; num < 5; num++)
 101   1              {
 102   2                      DistBuf[num] = GetDistance();
 103   2                      Delay1ms(60);
 104   2              }
 105   1              bubble(DistBuf, 5);
 106   1              Dist = (DistBuf[1] + DistBuf[2] + DistBuf[3]) / 3;
 107   1              return (Dist);
 108   1      }
 109          
 110          /*====================================
 111            Pick 2 distinct directions from 5
 112          ====================================*/
 113          void PickTwoDirections(unsigned char *d1, unsigned char *d2)
 114          {
 115   1              *d1 = RandomByte() % 5;
 116   1              do
C51 COMPILER V9.54   APP                                                                   07/11/2026 13:50:29 PAGE 3   

 117   1              {
 118   2                      *d2 = RandomByte() % 5;
 119   2              } while (*d2 == *d1);
 120   1      }
 121          
 122          /*====================================
 123            Map direction index to servo angle
 124            0=Front, 1=Left(+90), 2=Right(-90),
 125            3=Left45(+45), 4=Right45(-45)
 126          ====================================*/
 127          void SetServo(unsigned char dir)
 128          {
 129   1              switch (dir)
 130   1              {
 131   2              case 0:
 132   2                      ServoFront();
 133   2                      break;
 134   2              case 1:
 135   2                      ServoLeft();
 136   2                      break;
 137   2              case 2:
 138   2                      ServoRight();
 139   2                      break;
 140   2              case 3:
 141   2                      ServoLeft45();
 142   2                      break;
 143   2              case 4:
 144   2                      ServoRight45();
 145   2                      break;
 146   2              }
 147   1      }
 148          
 149          /*====================================
 150            Measure distance in one direction
 151          ====================================*/
 152          unsigned int MeasureDirection(unsigned char dir)
 153          {
 154   1              unsigned int dist;
 155   1              SetServo(dir);
 156   1              Delay1ms(300);
 157   1              LCD1602_Dis_Str(0, 1, dirNames[dir]);
 158   1              dist = RefreshDistance();
 159   1              DispDistance(dist);
 160   1              return dist;
 161   1      }
 162          
 163          /*====================================
 164            Buzzer alert, turn car, then ram
 165          ====================================*/
 166          void RamTarget(unsigned char dir)
 167          {
 168   1              LCD1602_Clear_Screen();
 169   1              LCD1602_Dis_Str(0, 0, "Target locked!");
 170   1              BUZZER_on;
 171   1              Delay1ms(500);
 172   1              BUZZER_off;
 173   1              SetServo(dir);
 174   1              Delay1ms(300);
 175   1      
 176   1              /* Turn car body to face target direction */
 177   1              switch (dir)
 178   1              {
C51 COMPILER V9.54   APP                                                                   07/11/2026 13:50:29 PAGE 4   

 179   2              case 0: /* Front */
 180   2                      break;
 181   2              case 1: /* Left  +90 */
 182   2                      SmartCarLeftTurn(180, 180);
 183   2                      Delay1ms(180);
 184   2                      break;
 185   2              case 2: /* Right -90 */
 186   2                      SmartCarRightTurn(180, 180);
 187   2                      Delay1ms(180);
 188   2                      break;
 189   2              case 3: /* Left45 +45 */
 190   2                      SmartCarLeftTurn(180, 180);
 191   2                      Delay1ms(90);
 192   2                      break;
 193   2              case 4: /* Right45 -45 */
 194   2                      SmartCarRightTurn(180, 180);
 195   2                      Delay1ms(90);
 196   2                      break;
 197   2              }
 198   1              SmartCarStops();
 199   1              Delay1ms(200);
 200   1      
 201   1              LCD1602_Dis_Str(0, 1, "RAMMING!!!     ");
 202   1              SmartCarForward(255, 255);
 203   1              Delay1ms(3000);
 204   1              SmartCarStops();
 205   1      }
 206          
 207          /*====================================
 208            Top-level assessment flow:
 209            Init PRNG -> Pick 2 dirs -> Measure
 210            -> Find nearest -> Ram it
 211          ====================================*/
 212          void AssessmentRun(void)
 213          {
 214   1              unsigned char dir1, dir2;
 215   1              unsigned int dist1, dist2;
 216   1              unsigned char bestDir;
 217   1      
 218   1              InitRandom();
 219   1              PickTwoDirections(&dir1, &dir2);
 220   1      
 221   1              LCD1602_Dis_Str(0, 0, "Measuring...   ");
 222   1              dist1 = MeasureDirection(dir1);
 223   1              Delay1ms(500);
 224   1      
 225   1              dist2 = MeasureDirection(dir2);
 226   1              Delay1ms(500);
 227   1      
 228   1              bestDir = (dist2 < dist1) ? dir2 : dir1;
 229   1              RamTarget(bestDir);
 230   1      }


MODULE INFORMATION:   STATIC OVERLAYABLE
   CODE SIZE        =    850    ----
   CONSTANT SIZE    =    159    ----
   XDATA SIZE       =   ----    ----
   PDATA SIZE       =   ----    ----
   DATA SIZE        =     25      26
   IDATA SIZE       =   ----    ----
   BIT SIZE         =      2    ----
C51 COMPILER V9.54   APP                                                                   07/11/2026 13:50:29 PAGE 5   

END OF MODULE INFORMATION.


C51 COMPILATION COMPLETE.  0 WARNING(S),  0 ERROR(S)
