C51 COMPILER V9.54   MAIN                                                                  07/11/2026 13:28:32 PAGE 1   


C51 COMPILER V9.54, COMPILATION OF MODULE MAIN
OBJECT MODULE PLACED IN ..\output\main.obj
COMPILER INVOKED BY: D:\Users\MBri\Keil5\Core\C51\BIN\C51.EXE ..\source\main.c OPTIMIZE(8,SPEED) BROWSE DEBUG OBJECTEXTE
                    -ND PRINT(.\main.lst) OBJECT(..\output\main.obj)

line level    source

   1          /*
   2           * Module 22: Personal Assessment
   3           * MCU: STC89C52, 11.0592MHz
   4           * Platform: QX-MCS51 + QX-A51 Smart Car
   5           * Compiler: Keil C51
   6           * Description: Randomly pick 2 of 5 directions, servo to each,
   7           *              measure distance, buzzer alert, ram nearest target.
   8           * Entry point: AssessmentRun() in app.c
   9           */
  10          
  11          #define _MAIN_C
  12          #include "config.h"
  13          #include "motor.h"
  14          #include "Delay.h"
  15          #include "timer_ISR.h"
  16          #include "LCD1602.h"
  17          #include "ultrasonic.h"
  18          #include "app.h"
  19          #include "Servo.h"
  20          #include "main.h"
  21          
  22          uchar LeftSpeed, RightSpeed;
  23          
  24          void keyscan()
  25          {
  26   1              for (;;)
  27   1              {
  28   2                      if (KEY_S2 == 0)
  29   2                      {
  30   3                              Delay1ms(5);
  31   3                              if (KEY_S2 == 0)
  32   3                              {
  33   4                                      while (!KEY_S2)
  34   4                                              ;
  35   4                                      BUZZER_on;
  36   4                                      Delay1ms(200);
  37   4                                      BUZZER_off;
  38   4                                      break;
  39   4                              }
  40   3                      }
  41   2              }
  42   1      }
  43          
  44          void main()
  45          {
  46   1      //      LeftSpeed  = 150;
  47   1      //      RightSpeed = 150;
  48   1              IntRegInit();                                // Init interrupt registers
  49   1              Timer0Init();                                // Init PWM speed control
  50   1              Timer1Init();                                // Init Timer1
  51   1              Init_LCD1602();                              // Init LCD1602
  52   1              ServoFront();                                // Servo to front
  53   1              LCD1602_Dis_Str(0, 0, "Please press the");   // Prompt message
  54   1              LCD1602_Dis_Str(0, 1, "S2 to start");        // Prompt message
C51 COMPILER V9.54   MAIN                                                                  07/11/2026 13:28:32 PAGE 2   

  55   1              keyscan();                                   // Wait for S2 press
  56   1              LCD1602_Clear_Screen();                      // Clear LCD
  57   1              while (1)
  58   1              {
  59   2                      AssessmentRun();
  60   2                      SmartCarStops();
  61   2                      while (1)
  62   2                              ;
  63   2              }
  64   1      }


MODULE INFORMATION:   STATIC OVERLAYABLE
   CODE SIZE        =     82    ----
   CONSTANT SIZE    =     29    ----
   XDATA SIZE       =   ----    ----
   PDATA SIZE       =   ----    ----
   DATA SIZE        =      2    ----
   IDATA SIZE       =   ----    ----
   BIT SIZE         =   ----    ----
END OF MODULE INFORMATION.


C51 COMPILATION COMPLETE.  0 WARNING(S),  0 ERROR(S)
