BL51 BANKED LINKER/LOCATER V6.22                                                        07/11/2026  10:30:59  PAGE 1


BL51 BANKED LINKER/LOCATER V6.22, INVOKED BY:
D:\USERS\MBRI\KEIL5\CORE\C51\BIN\BL51.EXE ..\output\main.obj, ..\output\motor.obj, ..\output\timer_ISR.obj, ..\output\De
>> lay.obj, ..\output\LCD1602.obj, ..\output\ultrasonic.obj, ..\output\app.obj, ..\output\servo.obj TO ..\output\templat
>> e PRINT (.\template.m51) RAMSIZE (256) DISABLEWARNING (16)


MEMORY MODEL: SMALL WITH FLOATING POINT ARITHMETIC


INPUT MODULES INCLUDED:
  ..\output\main.obj (MAIN)
  ..\output\motor.obj (MOTOR)
  ..\output\timer_ISR.obj (TIMER_ISR)
  ..\output\Delay.obj (DELAY)
  ..\output\LCD1602.obj (LCD1602)
  ..\output\ultrasonic.obj (ULTRASONIC)
  ..\output\app.obj (APP)
  ..\output\servo.obj (SERVO)
  D:\USERS\MBRI\KEIL5\CORE\C51\LIB\C51FPS.LIB (?C?FPMUL)
  D:\USERS\MBRI\KEIL5\CORE\C51\LIB\C51FPS.LIB (?C?FCAST)
  D:\USERS\MBRI\KEIL5\CORE\C51\LIB\C51FPS.LIB (?C?CASTF)
  D:\USERS\MBRI\KEIL5\CORE\C51\LIB\C51FPS.LIB (?C?FPGETOPN)
  D:\USERS\MBRI\KEIL5\CORE\C51\LIB\C51S.LIB (?C_STARTUP)
  D:\USERS\MBRI\KEIL5\CORE\C51\LIB\C51S.LIB (?C?CLDPTR)
  D:\USERS\MBRI\KEIL5\CORE\C51\LIB\C51S.LIB (?C?CSTPTR)
  D:\USERS\MBRI\KEIL5\CORE\C51\LIB\C51S.LIB (?C?UIDIV)
  D:\USERS\MBRI\KEIL5\CORE\C51\LIB\C51S.LIB (?C?ILDOPTR)
  D:\USERS\MBRI\KEIL5\CORE\C51\LIB\C51S.LIB (?C?ISTOPTR)
  D:\USERS\MBRI\KEIL5\CORE\C51\LIB\C51S.LIB (?C?LNEG)
  D:\USERS\MBRI\KEIL5\CORE\C51\LIB\C51S.LIB (?C_INIT)


LINK MAP OF MODULE:  ..\output\template (MAIN)


            TYPE    BASE      LENGTH    RELOCATION   SEGMENT NAME
            -----------------------------------------------------

            * * * * * * *   D A T A   M E M O R Y   * * * * * * *
            REG     0000H     0008H     ABSOLUTE     "REG BANK 0"
            DATA    0008H     0011H     UNIT         _DATA_GROUP_
            DATA    0019H     0004H     UNIT         ?DT?MY_GETDISTANCE?ULTRASONIC
            DATA    001DH     0002H     UNIT         ?DT?MAIN
            DATA    001FH     0001H     UNIT         ?DT?TIMER_ISR
            BIT     0020H.0   0000H.2   UNIT         ?BI?APP
                    0020H.2   0000H.6                *** GAP ***
            DATA    0021H     0019H     UNIT         ?DT?APP
            DATA    003AH     0002H     UNIT         ?DT?MOTOR
            IDATA   003CH     0001H     UNIT         ?STACK

            * * * * * * *   C O D E   M E M O R Y   * * * * * * *
            CODE    0000H     0003H     ABSOLUTE     
            CODE    0003H     0005H     UNIT         ?PR?TM1_ISR?TIMER_ISR
                    0008H     0003H                  *** GAP ***
            CODE    000BH     0003H     ABSOLUTE     
            CODE    000EH     000DH     UNIT         ?PR?_SMARTCARFORWARD?MOTOR
            CODE    001BH     0003H     ABSOLUTE     
            CODE    001EH     000DH     UNIT         ?PR?_SMARTCARLEFT?MOTOR
BL51 BANKED LINKER/LOCATER V6.22                                                      07/11/2026  10:30:59  PAGE 2


            CODE    002BH     0003H     ABSOLUTE     
            CODE    002EH     02B8H     UNIT         ?C?LIB_CODE
            CODE    02E6H     00B3H     UNIT         ?PR?_DISPDISTANCE?APP
            CODE    0399H     00B0H     UNIT         ?PR?_BUBBLE?APP
            CODE    0449H     009FH     UNIT         ?CO?APP
            CODE    04E8H     008DH     UNIT         ?PR?_RAMTARGET?APP
            CODE    0575H     008CH     UNIT         ?C_C51STARTUP
            CODE    0601H     0055H     UNIT         ?PR?ASSESSMENTRUN?APP
            CODE    0656H     0049H     UNIT         ?PR?GETDISTANCE?ULTRASONIC
            CODE    069FH     0047H     UNIT         ?PR?REFRESHDISTANCE?APP
            CODE    06E6H     0045H     UNIT         ?PR?MY_GETDISTANCE?ULTRASONIC
            CODE    072BH     0043H     UNIT         ?PR?_PICKTWODIRECTIONS?APP
            CODE    076EH     0037H     UNIT         ?PR?TM0_ISR?TIMER_ISR
            CODE    07A5H     0036H     UNIT         ?PR?MAIN?MAIN
            CODE    07DBH     0032H     UNIT         ?PR?_MEASUREDIRECTION?APP
            CODE    080DH     002AH     UNIT         ?PR?RANDOMBYTE?APP
            CODE    0837H     0028H     UNIT         ?PR?_LCD1602_DIS_STR?LCD1602
            CODE    085FH     0023H     UNIT         ?PR?SERVOFRONT?SERVO
            CODE    0882H     0023H     UNIT         ?PR?SERVOLEFT?SERVO
            CODE    08A5H     0023H     UNIT         ?PR?SERVORIGHT?SERVO
            CODE    08C8H     0023H     UNIT         ?PR?SERVOLEFT45?SERVO
            CODE    08EBH     0023H     UNIT         ?PR?SERVORIGHT45?SERVO
            CODE    090EH     0021H     UNIT         ?PR?_SETSERVO?APP
            CODE    092FH     001FH     UNIT         ?C_INITSEG
            CODE    094EH     001DH     UNIT         ?CO?MAIN
            CODE    096BH     001CH     UNIT         ?PR?KEYSCAN?MAIN
            CODE    0987H     0017H     UNIT         ?PR?_DELAY1MS?DELAY
            CODE    099EH     0014H     UNIT         ?PR?INIT_LCD1602?LCD1602
            CODE    09B2H     0012H     UNIT         ?PR?READ_BUSY?LCD1602
            CODE    09C4H     0010H     UNIT         ?PR?_LCD1602_WRITE_CMD?LCD1602
            CODE    09D4H     0010H     UNIT         ?PR?_LCD1602_WRITE_DAT?LCD1602
            CODE    09E4H     000FH     UNIT         ?PR?TRIGULTRASONIC?ULTRASONIC
            CODE    09F3H     000FH     UNIT         ?PR?MY_TRIGULTRASONIC?ULTRASONIC
            CODE    0A02H     000DH     UNIT         ?PR?_SMARTCARLEFTTURN?MOTOR
            CODE    0A0FH     000DH     UNIT         ?PR?_SMARTCARRIGHT?MOTOR
            CODE    0A1CH     000DH     UNIT         ?PR?_SMARTCARRIGHTTURN?MOTOR
            CODE    0A29H     000CH     UNIT         ?PR?TIMER0INIT?TIMER_ISR
            CODE    0A35H     000CH     UNIT         ?PR?_LCD1602_SET_CURSOR?LCD1602
            CODE    0A41H     000CH     UNIT         ?PR?INITRANDOM?APP
            CODE    0A4DH     000AH     UNIT         ?PR?TIMER2INIT?TIMER_ISR
            CODE    0A57H     000AH     UNIT         ?PR?DELAY18450US?DELAY
            CODE    0A61H     000AH     UNIT         ?PR?DELAY600US?DELAY
            CODE    0A6BH     000AH     UNIT         ?PR?DELAY19400US?DELAY
            CODE    0A75H     000AH     UNIT         ?PR?DELAY19000US?DELAY
            CODE    0A7FH     000AH     UNIT         ?PR?_LCD1602_DIS_ONECHAR?LCD1602
            CODE    0A89H     0009H     UNIT         ?PR?SMARTCARSTOPS?MOTOR
            CODE    0A92H     0009H     UNIT         ?PR?INTREGINIT?TIMER_ISR
            CODE    0A9BH     0009H     UNIT         ?PR?TIMER1INIT?TIMER_ISR
            CODE    0AA4H     0009H     UNIT         ?PR?DELAY1550US?DELAY
            CODE    0AADH     0009H     UNIT         ?PR?DELAY17500US?DELAY
            CODE    0AB6H     0009H     UNIT         ?PR?DELAY2500US?DELAY
            CODE    0ABFH     0009H     UNIT         ?PR?DELAY1000US?DELAY
            CODE    0AC8H     0009H     UNIT         ?PR?DELAY2000US?DELAY
            CODE    0AD1H     0009H     UNIT         ?PR?DELAY18000US?DELAY
            CODE    0ADAH     0005H     UNIT         ?PR?TM2_ISR?TIMER_ISR
            CODE    0ADFH     0005H     UNIT         ?PR?DELAY15US?DELAY
            CODE    0AE4H     0005H     UNIT         ?PR?LCD1602_CLEAR_SCREEN?LCD1602
BL51 BANKED LINKER/LOCATER V6.22                                                      07/11/2026  10:30:59  PAGE 3





OVERLAY MAP OF MODULE:   ..\output\template (MAIN)


SEGMENT                                    DATA_GROUP 
  +--> CALLED SEGMENT                    START    LENGTH
--------------------------------------------------------
?C_C51STARTUP                            -----    -----
  +--> ?PR?MAIN?MAIN
  +--> ?C_INITSEG

?PR?MAIN?MAIN                            -----    -----
  +--> ?PR?INTREGINIT?TIMER_ISR
  +--> ?PR?TIMER0INIT?TIMER_ISR
  +--> ?PR?TIMER1INIT?TIMER_ISR
  +--> ?PR?INIT_LCD1602?LCD1602
  +--> ?PR?SERVOFRONT?SERVO
  +--> ?CO?MAIN
  +--> ?PR?_LCD1602_DIS_STR?LCD1602
  +--> ?PR?KEYSCAN?MAIN
  +--> ?PR?LCD1602_CLEAR_SCREEN?LCD1602
  +--> ?PR?ASSESSMENTRUN?APP
  +--> ?PR?SMARTCARSTOPS?MOTOR

?PR?INIT_LCD1602?LCD1602                 -----    -----
  +--> ?PR?_LCD1602_WRITE_CMD?LCD1602

?PR?_LCD1602_WRITE_CMD?LCD1602           -----    -----
  +--> ?PR?READ_BUSY?LCD1602

?PR?SERVOFRONT?SERVO                     0011H    0001H
  +--> ?PR?DELAY1550US?DELAY
  +--> ?PR?DELAY18450US?DELAY
  +--> ?PR?_DELAY1MS?DELAY

?PR?_LCD1602_DIS_STR?LCD1602             0013H    0003H
  +--> ?PR?_LCD1602_SET_CURSOR?LCD1602
  +--> ?PR?_LCD1602_WRITE_DAT?LCD1602

?PR?_LCD1602_SET_CURSOR?LCD1602          -----    -----
  +--> ?PR?_LCD1602_WRITE_CMD?LCD1602

?PR?_LCD1602_WRITE_DAT?LCD1602           -----    -----
  +--> ?PR?READ_BUSY?LCD1602

?PR?KEYSCAN?MAIN                         -----    -----
  +--> ?PR?_DELAY1MS?DELAY

?PR?LCD1602_CLEAR_SCREEN?LCD1602         -----    -----
  +--> ?PR?_LCD1602_WRITE_CMD?LCD1602

?PR?ASSESSMENTRUN?APP                    0008H    0006H
  +--> ?PR?INITRANDOM?APP
  +--> ?PR?_PICKTWODIRECTIONS?APP
  +--> ?CO?APP
BL51 BANKED LINKER/LOCATER V6.22                                                      07/11/2026  10:30:59  PAGE 4


  +--> ?PR?_LCD1602_DIS_STR?LCD1602
  +--> ?PR?_MEASUREDIRECTION?APP
  +--> ?PR?_DELAY1MS?DELAY
  +--> ?PR?_RAMTARGET?APP

?PR?_PICKTWODIRECTIONS?APP               000EH    0006H
  +--> ?PR?RANDOMBYTE?APP

?PR?_MEASUREDIRECTION?APP                000EH    0003H
  +--> ?PR?_SETSERVO?APP
  +--> ?PR?_DELAY1MS?DELAY
  +--> ?PR?_LCD1602_DIS_STR?LCD1602
  +--> ?PR?REFRESHDISTANCE?APP
  +--> ?PR?_DISPDISTANCE?APP

?PR?_SETSERVO?APP                        -----    -----
  +--> ?PR?SERVOFRONT?SERVO
  +--> ?PR?SERVOLEFT?SERVO
  +--> ?PR?SERVORIGHT?SERVO
  +--> ?PR?SERVOLEFT45?SERVO
  +--> ?PR?SERVORIGHT45?SERVO

?PR?SERVOLEFT?SERVO                      0011H    0001H
  +--> ?PR?DELAY2500US?DELAY
  +--> ?PR?DELAY17500US?DELAY
  +--> ?PR?_DELAY1MS?DELAY

?PR?SERVORIGHT?SERVO                     0011H    0001H
  +--> ?PR?DELAY600US?DELAY
  +--> ?PR?DELAY19400US?DELAY
  +--> ?PR?_DELAY1MS?DELAY

?PR?SERVOLEFT45?SERVO                    0011H    0001H
  +--> ?PR?DELAY2000US?DELAY
  +--> ?PR?DELAY18000US?DELAY
  +--> ?PR?_DELAY1MS?DELAY

?PR?SERVORIGHT45?SERVO                   0011H    0001H
  +--> ?PR?DELAY1000US?DELAY
  +--> ?PR?DELAY19000US?DELAY
  +--> ?PR?_DELAY1MS?DELAY

?PR?REFRESHDISTANCE?APP                  0011H    0001H
  +--> ?PR?GETDISTANCE?ULTRASONIC
  +--> ?PR?_DELAY1MS?DELAY
  +--> ?PR?_BUBBLE?APP

?PR?GETDISTANCE?ULTRASONIC               0012H    0004H
  +--> ?PR?TRIGULTRASONIC?ULTRASONIC

?PR?TRIGULTRASONIC?ULTRASONIC            -----    -----
  +--> ?PR?DELAY15US?DELAY

?PR?_BUBBLE?APP                          0012H    0007H

?PR?_DISPDISTANCE?APP                    0011H    0002H
  +--> ?CO?APP
BL51 BANKED LINKER/LOCATER V6.22                                                      07/11/2026  10:30:59  PAGE 5


  +--> ?PR?_LCD1602_DIS_STR?LCD1602
  +--> ?PR?_LCD1602_DIS_ONECHAR?LCD1602

?PR?_LCD1602_DIS_ONECHAR?LCD1602         -----    -----
  +--> ?PR?_LCD1602_SET_CURSOR?LCD1602
  +--> ?PR?_LCD1602_WRITE_DAT?LCD1602

?PR?_RAMTARGET?APP                       000EH    0001H
  +--> ?PR?LCD1602_CLEAR_SCREEN?LCD1602
  +--> ?CO?APP
  +--> ?PR?_LCD1602_DIS_STR?LCD1602
  +--> ?PR?_DELAY1MS?DELAY
  +--> ?PR?_SETSERVO?APP
  +--> ?PR?_SMARTCARLEFTTURN?MOTOR
  +--> ?PR?_SMARTCARRIGHTTURN?MOTOR
  +--> ?PR?SMARTCARSTOPS?MOTOR
  +--> ?PR?_SMARTCARFORWARD?MOTOR

?C_INITSEG                               -----    -----
  +--> ?CO?APP



SYMBOL TABLE OF MODULE:  ..\output\template (MAIN)

  VALUE           TYPE          NAME
  ----------------------------------

  -------         MODULE        MAIN
  C:0000H         SYMBOL        _ICE_DUMMY_
  D:0080H         PUBLIC        P0
  D:0090H         PUBLIC        P1
  D:001DH         PUBLIC        LeftSpeed
  D:00A0H         PUBLIC        P2
  D:00B0H         PUBLIC        P3
  D:00A8H         PUBLIC        IE
  D:00B8H         PUBLIC        IP
  C:07A5H         PUBLIC        main
  D:0098H         PUBLIC        SCON
  D:0088H         PUBLIC        TCON
  B:00B0H.0       PUBLIC        KEY_S2
  B:00A0H.3       PUBLIC        BUZZER
  D:00C8H         PUBLIC        T2CON
  C:096BH         PUBLIC        keyscan
  D:001EH         PUBLIC        RightSpeed
  D:00D0H         PUBLIC        PSW
  -------         PROC          KEYSCAN
  C:096BH         LINE#         24
  C:096BH         LINE#         25
  C:096BH         LINE#         26
  C:096BH         LINE#         27
  C:096BH         LINE#         28
  C:096EH         LINE#         29
  C:096EH         LINE#         30
  C:0975H         LINE#         31
  C:0978H         LINE#         32
  C:0978H         LINE#         33
BL51 BANKED LINKER/LOCATER V6.22                                                      07/11/2026  10:30:59  PAGE 6


  C:097BH         LINE#         35
  C:097DH         LINE#         36
  C:0984H         LINE#         37
  C:0986H         LINE#         38
  C:0986H         LINE#         39
  C:0986H         LINE#         40
  C:0986H         LINE#         41
  C:0986H         LINE#         42
  -------         ENDPROC       KEYSCAN
  -------         PROC          MAIN
  C:07A5H         LINE#         44
  C:07A5H         LINE#         45
  C:07A5H         LINE#         48
  C:07A8H         LINE#         49
  C:07ABH         LINE#         50
  C:07AEH         LINE#         51
  C:07B1H         LINE#         52
  C:07B4H         LINE#         53
  C:07C0H         LINE#         54
  C:07CDH         LINE#         55
  C:07D0H         LINE#         56
  C:07D3H         LINE#         57
  C:07D3H         LINE#         58
  C:07D3H         LINE#         59
  C:07D6H         LINE#         60
  C:07D9H         LINE#         61
  -------         ENDPROC       MAIN
  -------         ENDMOD        MAIN

  -------         MODULE        MOTOR
  C:0000H         SYMBOL        _ICE_DUMMY_
  D:0080H         PUBLIC        P0
  D:0090H         PUBLIC        P1
  D:00A0H         PUBLIC        P2
  D:00B0H         PUBLIC        P3
  D:003AH         PUBLIC        RightMotorSpeed
  D:00A8H         PUBLIC        IE
  D:003BH         PUBLIC        LeftMotorSpeed
  D:00B8H         PUBLIC        IP
  C:0A0FH         PUBLIC        _SmartCarRight
  C:001EH         PUBLIC        _SmartCarLeft
  D:0098H         PUBLIC        SCON
  D:0088H         PUBLIC        TCON
  C:0A89H         PUBLIC        SmartCarStops
  B:0090H.2       PUBLIC        IN1
  B:0090H.3       PUBLIC        IN2
  B:0090H.6       PUBLIC        IN3
  B:0090H.7       PUBLIC        IN4
  C:0A1CH         PUBLIC        _SmartCarRightTurn
  C:0A02H         PUBLIC        _SmartCarLeftTurn
  D:00C8H         PUBLIC        T2CON
  D:00D0H         PUBLIC        PSW
  C:000EH         PUBLIC        _SmartCarForward
  -------         PROC          _SMARTCARFORWARD
  D:0007H         SYMBOL        LeftSpeedVal
  D:0005H         SYMBOL        RightSpeedVal
  C:000EH         LINE#         14
BL51 BANKED LINKER/LOCATER V6.22                                                      07/11/2026  10:30:59  PAGE 7


  C:000EH         LINE#         15
  C:000EH         LINE#         16
  C:0010H         LINE#         17
  C:0012H         LINE#         18
  C:0016H         LINE#         19
  C:001AH         LINE#         20
  -------         ENDPROC       _SMARTCARFORWARD
  -------         PROC          _SMARTCARLEFT
  D:0007H         SYMBOL        LeftSpeedVal
  D:0005H         SYMBOL        RightSpeedVal
  C:001EH         LINE#         44
  C:001EH         LINE#         45
  C:001EH         LINE#         46
  C:0020H         LINE#         47
  C:0022H         LINE#         48
  C:0026H         LINE#         49
  C:002AH         LINE#         50
  -------         ENDPROC       _SMARTCARLEFT
  -------         PROC          _SMARTCARLEFTTURN
  D:0007H         SYMBOL        LeftSpeedVal
  D:0005H         SYMBOL        RightSpeedVal
  C:0A02H         LINE#         52
  C:0A02H         LINE#         53
  C:0A02H         LINE#         54
  C:0A04H         LINE#         55
  C:0A06H         LINE#         56
  C:0A0AH         LINE#         57
  C:0A0EH         LINE#         58
  -------         ENDPROC       _SMARTCARLEFTTURN
  -------         PROC          _SMARTCARRIGHT
  D:0007H         SYMBOL        LeftSpeedVal
  D:0005H         SYMBOL        RightSpeedVal
  C:0A0FH         LINE#         67
  C:0A0FH         LINE#         68
  C:0A0FH         LINE#         69
  C:0A11H         LINE#         70
  C:0A13H         LINE#         71
  C:0A17H         LINE#         72
  C:0A1BH         LINE#         73
  -------         ENDPROC       _SMARTCARRIGHT
  -------         PROC          _SMARTCARRIGHTTURN
  D:0007H         SYMBOL        LeftSpeedVal
  D:0005H         SYMBOL        RightSpeedVal
  C:0A1CH         LINE#         75
  C:0A1CH         LINE#         76
  C:0A1CH         LINE#         77
  C:0A1EH         LINE#         78
  C:0A20H         LINE#         79
  C:0A24H         LINE#         80
  C:0A28H         LINE#         81
  -------         ENDPROC       _SMARTCARRIGHTTURN
  -------         PROC          SMARTCARSTOPS
  C:0A89H         LINE#         88
  C:0A89H         LINE#         89
  C:0A89H         LINE#         90
  C:0A8DH         LINE#         91
  C:0A91H         LINE#         92
BL51 BANKED LINKER/LOCATER V6.22                                                      07/11/2026  10:30:59  PAGE 8


  -------         ENDPROC       SMARTCARSTOPS
  -------         ENDMOD        MOTOR

  -------         MODULE        TIMER_ISR
  C:0000H         SYMBOL        _ICE_DUMMY_
  D:0080H         PUBLIC        P0
  D:0090H         PUBLIC        P1
  D:00A0H         PUBLIC        P2
  D:00B0H         PUBLIC        P3
  B:00A8H.7       PUBLIC        EA
  B:0090H.5       PUBLIC        RightMotor_EN
  D:00A8H         PUBLIC        IE
  B:00A0H.4       PUBLIC        My_EPin
  B:0090H.4       PUBLIC        LeftMotor_EN
  D:00B8H         PUBLIC        IP
  D:001FH         PUBLIC        PWM_T
  B:00A0H.0       PUBLIC        EchoPin
  D:0098H         PUBLIC        SCON
  D:0089H         PUBLIC        TMOD
  D:0088H         PUBLIC        TCON
  C:076EH         PUBLIC        tm0_isr
  C:0003H         PUBLIC        tm1_isr
  C:0ADAH         PUBLIC        tm2_isr
  B:00A8H.1       PUBLIC        ET0
  B:00A8H.3       PUBLIC        ET1
  C:0A29H         PUBLIC        Timer0Init
  B:00A8H.5       PUBLIC        ET2
  C:0A9BH         PUBLIC        Timer1Init
  D:008CH         PUBLIC        TH0
  C:0A4DH         PUBLIC        Timer2Init
  D:008DH         PUBLIC        TH1
  D:00CDH         PUBLIC        TH2
  D:008AH         PUBLIC        TL0
  D:008BH         PUBLIC        TL1
  D:00CCH         PUBLIC        TL2
  B:0088H.4       PUBLIC        TR0
  C:0A92H         PUBLIC        IntRegInit
  D:00C9H         PUBLIC        T2MOD
  D:00C8H         PUBLIC        T2CON
  D:00D0H         PUBLIC        PSW
  -------         PROC          INTREGINIT
  C:0A92H         LINE#         13
  C:0A92H         LINE#         14
  C:0A92H         LINE#         15
  C:0A94H         LINE#         16
  C:0A96H         LINE#         17
  C:0A98H         LINE#         18
  C:0A9AH         LINE#         19
  -------         ENDPROC       INTREGINIT
  -------         PROC          TIMER0INIT
  C:0A29H         LINE#         21
  C:0A29H         LINE#         22
  C:0A29H         LINE#         23
  C:0A2CH         LINE#         24
  C:0A2FH         LINE#         25
  C:0A32H         LINE#         26
  C:0A34H         LINE#         27
BL51 BANKED LINKER/LOCATER V6.22                                                      07/11/2026  10:30:59  PAGE 9


  -------         ENDPROC       TIMER0INIT
  -------         PROC          TIMER1INIT
  C:0A9BH         LINE#         30
  C:0A9BH         LINE#         31
  C:0A9BH         LINE#         32
  C:0A9EH         LINE#         33
  C:0AA1H         LINE#         34
  C:0AA3H         LINE#         35
  -------         ENDPROC       TIMER1INIT
  -------         PROC          TM0_ISR
  C:076EH         LINE#         37
  C:0772H         LINE#         39
  C:0774H         LINE#         40
  C:0779H         LINE#         41
  C:0779H         LINE#         42
  C:077CH         LINE#         43
  C:077CH         LINE#         44
  C:0783H         LINE#         45
  C:0783H         LINE#         46
  C:0785H         LINE#         47
  C:0785H         LINE#         48
  C:078CH         LINE#         49
  C:078CH         LINE#         50
  C:078EH         LINE#         51
  C:078EH         LINE#         52
  C:0795H         LINE#         53
  C:0795H         LINE#         54
  C:0797H         LINE#         55
  C:0797H         LINE#         56
  C:079EH         LINE#         57
  C:079EH         LINE#         58
  C:07A0H         LINE#         59
  C:07A0H         LINE#         60
  -------         ENDPROC       TM0_ISR
  -------         PROC          TM1_ISR
  C:0003H         LINE#         62
  C:0003H         LINE#         64
  C:0005H         LINE#         65
  C:0007H         LINE#         66
  -------         ENDPROC       TM1_ISR
  -------         PROC          TIMER2INIT
  C:0A4DH         LINE#         70
  C:0A4DH         LINE#         71
  C:0A4DH         LINE#         72
  C:0A50H         LINE#         73
  C:0A52H         LINE#         74
  C:0A54H         LINE#         75
  C:0A56H         LINE#         76
  -------         ENDPROC       TIMER2INIT
  -------         PROC          TM2_ISR
  C:0ADAH         LINE#         78
  C:0ADAH         LINE#         80
  C:0ADCH         LINE#         81
  C:0ADEH         LINE#         82
  -------         ENDPROC       TM2_ISR
  -------         ENDMOD        TIMER_ISR

BL51 BANKED LINKER/LOCATER V6.22                                                      07/11/2026  10:30:59  PAGE 10


  -------         MODULE        DELAY
  C:0000H         SYMBOL        _ICE_DUMMY_
  D:0080H         PUBLIC        P0
  D:0090H         PUBLIC        P1
  D:00A0H         PUBLIC        P2
  D:00B0H         PUBLIC        P3
  C:0987H         PUBLIC        _Delay1ms
  D:00A8H         PUBLIC        IE
  D:00B8H         PUBLIC        IP
  C:0ABFH         PUBLIC        Delay1000us
  C:0AC8H         PUBLIC        Delay2000us
  C:0AB6H         PUBLIC        Delay2500us
  C:0AA4H         PUBLIC        Delay1550us
  D:0098H         PUBLIC        SCON
  D:0088H         PUBLIC        TCON
  C:0ADFH         PUBLIC        Delay15us
  C:0AD1H         PUBLIC        Delay18000us
  C:0A75H         PUBLIC        Delay19000us
  C:0AADH         PUBLIC        Delay17500us
  C:0A6BH         PUBLIC        Delay19400us
  C:0A57H         PUBLIC        Delay18450us
  D:00C8H         PUBLIC        T2CON
  C:0A61H         PUBLIC        Delay600us
  D:00D0H         PUBLIC        PSW
  -------         PROC          _DELAY1MS
  D:0006H         SYMBOL        ms
  -------         DO            
  D:0004H         SYMBOL        i
  -------         ENDDO         
  C:0987H         LINE#         10
  C:0987H         LINE#         11
  C:0987H         LINE#         13
  C:0987H         LINE#         14
  C:098BH         LINE#         15
  C:0994H         LINE#         16
  C:099DH         LINE#         17
  -------         ENDPROC       _DELAY1MS
  -------         PROC          DELAY15US
  -------         DO            
  D:0007H         SYMBOL        i
  -------         ENDDO         
  C:0ADFH         LINE#         19
  C:0ADFH         LINE#         20
  C:0ADFH         LINE#         23
  C:0AE1H         LINE#         24
  C:0AE3H         LINE#         25
  -------         ENDPROC       DELAY15US
  -------         PROC          DELAY1550US
  -------         DO            
  D:0007H         SYMBOL        i
  D:0006H         SYMBOL        j
  -------         ENDDO         
  C:0AA4H         LINE#         29
  C:0AA4H         LINE#         30
  C:0AA4H         LINE#         33
  C:0AA6H         LINE#         34
  C:0AA8H         LINE#         36
BL51 BANKED LINKER/LOCATER V6.22                                                      07/11/2026  10:30:59  PAGE 11


  C:0AA8H         LINE#         37
  C:0AAAH         LINE#         38
  C:0AACH         LINE#         39
  -------         ENDPROC       DELAY1550US
  -------         PROC          DELAY18450US
  -------         DO            
  D:0007H         SYMBOL        i
  D:0006H         SYMBOL        j
  -------         ENDDO         
  C:0A57H         LINE#         41
  C:0A57H         LINE#         42
  C:0A57H         LINE#         45
  C:0A58H         LINE#         46
  C:0A5AH         LINE#         47
  C:0A5CH         LINE#         49
  C:0A5CH         LINE#         50
  C:0A5EH         LINE#         51
  C:0A60H         LINE#         52
  -------         ENDPROC       DELAY18450US
  -------         PROC          DELAY600US
  -------         DO            
  D:0007H         SYMBOL        i
  D:0006H         SYMBOL        j
  -------         ENDDO         
  C:0A61H         LINE#         54
  C:0A61H         LINE#         55
  C:0A61H         LINE#         58
  C:0A62H         LINE#         59
  C:0A64H         LINE#         60
  C:0A66H         LINE#         62
  C:0A66H         LINE#         63
  C:0A68H         LINE#         64
  C:0A6AH         LINE#         65
  -------         ENDPROC       DELAY600US
  -------         PROC          DELAY19400US
  -------         DO            
  D:0007H         SYMBOL        i
  D:0006H         SYMBOL        j
  -------         ENDDO         
  C:0A6BH         LINE#         66
  C:0A6BH         LINE#         67
  C:0A6BH         LINE#         70
  C:0A6CH         LINE#         71
  C:0A6EH         LINE#         72
  C:0A70H         LINE#         74
  C:0A70H         LINE#         75
  C:0A72H         LINE#         76
  C:0A74H         LINE#         77
  -------         ENDPROC       DELAY19400US
  -------         PROC          DELAY17500US
  -------         DO            
  D:0007H         SYMBOL        i
  D:0006H         SYMBOL        j
  -------         ENDDO         
  C:0AADH         LINE#         79
  C:0AADH         LINE#         80
  C:0AADH         LINE#         83
BL51 BANKED LINKER/LOCATER V6.22                                                      07/11/2026  10:30:59  PAGE 12


  C:0AAFH         LINE#         84
  C:0AB1H         LINE#         86
  C:0AB1H         LINE#         87
  C:0AB3H         LINE#         88
  C:0AB5H         LINE#         89
  -------         ENDPROC       DELAY17500US
  -------         PROC          DELAY2500US
  -------         DO            
  D:0007H         SYMBOL        i
  D:0006H         SYMBOL        j
  -------         ENDDO         
  C:0AB6H         LINE#         90
  C:0AB6H         LINE#         91
  C:0AB6H         LINE#         94
  C:0AB8H         LINE#         95
  C:0ABAH         LINE#         97
  C:0ABAH         LINE#         98
  C:0ABCH         LINE#         99
  C:0ABEH         LINE#         100
  -------         ENDPROC       DELAY2500US
  -------         PROC          DELAY1000US
  -------         DO            
  D:0007H         SYMBOL        i
  D:0006H         SYMBOL        j
  -------         ENDDO         
  C:0ABFH         LINE#         103
  C:0ABFH         LINE#         104
  C:0ABFH         LINE#         107
  C:0AC1H         LINE#         108
  C:0AC3H         LINE#         110
  C:0AC3H         LINE#         111
  C:0AC5H         LINE#         112
  C:0AC7H         LINE#         113
  -------         ENDPROC       DELAY1000US
  -------         PROC          DELAY19000US
  -------         DO            
  D:0007H         SYMBOL        i
  D:0006H         SYMBOL        j
  -------         ENDDO         
  C:0A75H         LINE#         116
  C:0A75H         LINE#         117
  C:0A75H         LINE#         120
  C:0A76H         LINE#         121
  C:0A78H         LINE#         122
  C:0A7AH         LINE#         124
  C:0A7AH         LINE#         125
  C:0A7CH         LINE#         126
  C:0A7EH         LINE#         127
  -------         ENDPROC       DELAY19000US
  -------         PROC          DELAY2000US
  -------         DO            
  D:0007H         SYMBOL        i
  D:0006H         SYMBOL        j
  -------         ENDDO         
  C:0AC8H         LINE#         130
  C:0AC8H         LINE#         131
  C:0AC8H         LINE#         134
BL51 BANKED LINKER/LOCATER V6.22                                                      07/11/2026  10:30:59  PAGE 13


  C:0ACAH         LINE#         135
  C:0ACCH         LINE#         137
  C:0ACCH         LINE#         138
  C:0ACEH         LINE#         139
  C:0AD0H         LINE#         140
  -------         ENDPROC       DELAY2000US
  -------         PROC          DELAY18000US
  -------         DO            
  D:0007H         SYMBOL        i
  D:0006H         SYMBOL        j
  -------         ENDDO         
  C:0AD1H         LINE#         143
  C:0AD1H         LINE#         144
  C:0AD1H         LINE#         147
  C:0AD3H         LINE#         148
  C:0AD5H         LINE#         150
  C:0AD5H         LINE#         151
  C:0AD7H         LINE#         152
  C:0AD9H         LINE#         153
  -------         ENDPROC       DELAY18000US
  -------         ENDMOD        DELAY

  -------         MODULE        LCD1602
  C:0000H         SYMBOL        _ICE_DUMMY_
  D:0080H         PUBLIC        P0
  D:0090H         PUBLIC        P1
  D:00A0H         PUBLIC        P2
  C:09C4H         PUBLIC        _LCD1602_Write_Cmd
  D:00B0H         PUBLIC        P3
  C:09B2H         PUBLIC        Read_Busy
  C:09D4H         PUBLIC        _LCD1602_Write_Dat
  D:00A8H         PUBLIC        IE
  C:0A35H         PUBLIC        _LCD1602_Set_Cursor
  B:00B0H.4       PUBLIC        LCD1602_EN
  C:099EH         PUBLIC        Init_LCD1602
  D:00B8H         PUBLIC        IP
  B:00B0H.5       PUBLIC        LCD1602_RS
  C:0A7FH         PUBLIC        _LCD1602_Dis_OneChar
  B:00B0H.6       PUBLIC        LCD1602_RW
  C:0AE4H         PUBLIC        LCD1602_Clear_Screen
  D:0098H         PUBLIC        SCON
  D:0088H         PUBLIC        TCON
  C:0837H         PUBLIC        _LCD1602_Dis_Str
  D:00C8H         PUBLIC        T2CON
  D:00D0H         PUBLIC        PSW
  -------         PROC          READ_BUSY
  -------         DO            
  D:0007H         SYMBOL        busy
  -------         ENDDO         
  C:09B2H         LINE#         8
  C:09B2H         LINE#         9
  C:09B2H         LINE#         11
  C:09B5H         LINE#         12
  C:09B7H         LINE#         13
  C:09B9H         LINE#         15
  C:09B9H         LINE#         16
  C:09BBH         LINE#         17
BL51 BANKED LINKER/LOCATER V6.22                                                      07/11/2026  10:30:59  PAGE 14


  C:09BDH         LINE#         18
  C:09BFH         LINE#         19
  C:09C3H         LINE#         20
  -------         ENDPROC       READ_BUSY
  -------         PROC          _LCD1602_WRITE_CMD
  D:0006H         SYMBOL        cmd
  C:09C4H         LINE#         27
  C:09C6H         LINE#         28
  C:09C6H         LINE#         29
  C:09C9H         LINE#         30
  C:09CBH         LINE#         31
  C:09CDH         LINE#         32
  C:09CFH         LINE#         33
  C:09D1H         LINE#         34
  C:09D3H         LINE#         35
  -------         ENDPROC       _LCD1602_WRITE_CMD
  -------         PROC          _LCD1602_WRITE_DAT
  D:0006H         SYMBOL        dat
  C:09D4H         LINE#         42
  C:09D6H         LINE#         43
  C:09D6H         LINE#         44
  C:09D9H         LINE#         45
  C:09DBH         LINE#         46
  C:09DDH         LINE#         47
  C:09DFH         LINE#         48
  C:09E1H         LINE#         49
  C:09E3H         LINE#         50
  -------         ENDPROC       _LCD1602_WRITE_DAT
  -------         PROC          LCD1602_CLEAR_SCREEN
  C:0AE4H         LINE#         55
  C:0AE4H         LINE#         56
  C:0AE4H         LINE#         57
  -------         ENDPROC       LCD1602_CLEAR_SCREEN
  -------         PROC          _LCD1602_SET_CURSOR
  D:0007H         SYMBOL        x
  D:0005H         SYMBOL        y
  C:0A35H         LINE#         81
  C:0A35H         LINE#         82
  C:0A35H         LINE#         83
  C:0A3BH         LINE#         84
  C:0A3EH         LINE#         85
  -------         ENDPROC       _LCD1602_SET_CURSOR
  -------         PROC          _LCD1602_DIS_ONECHAR
  D:0006H         SYMBOL        x
  D:0005H         SYMBOL        y
  D:0004H         SYMBOL        dat
  C:0A7FH         LINE#         94
  C:0A81H         LINE#         95
  C:0A81H         LINE#         96
  C:0A84H         LINE#         97
  -------         ENDPROC       _LCD1602_DIS_ONECHAR
  -------         PROC          _LCD1602_DIS_STR
  D:0007H         SYMBOL        x
  D:0005H         SYMBOL        y
  D:0013H         SYMBOL        str
  C:0837H         LINE#         106
  C:083DH         LINE#         107
BL51 BANKED LINKER/LOCATER V6.22                                                      07/11/2026  10:30:59  PAGE 15


  C:083DH         LINE#         108
  C:0840H         LINE#         109
  C:084BH         LINE#         110
  C:084BH         LINE#         111
  C:085CH         LINE#         112
  C:085EH         LINE#         113
  -------         ENDPROC       _LCD1602_DIS_STR
  -------         PROC          INIT_LCD1602
  C:099EH         LINE#         119
  C:099EH         LINE#         120
  C:099EH         LINE#         121
  C:09A3H         LINE#         122
  C:09A8H         LINE#         123
  C:09ADH         LINE#         124
  -------         ENDPROC       INIT_LCD1602
  -------         ENDMOD        LCD1602

  -------         MODULE        ULTRASONIC
  C:0000H         SYMBOL        _ICE_DUMMY_
  D:0080H         PUBLIC        P0
  D:0090H         PUBLIC        P1
  D:00A0H         PUBLIC        P2
  D:00B0H         PUBLIC        P3
  D:00A8H         PUBLIC        IE
  B:00A0H.4       PUBLIC        My_EPin
  D:00B8H         PUBLIC        IP
  B:00A0H.5       PUBLIC        My_TPin
  B:00A0H.0       PUBLIC        EchoPin
  D:0098H         PUBLIC        SCON
  D:0088H         PUBLIC        TCON
  B:00A0H.1       PUBLIC        TrigPin
  C:09E4H         PUBLIC        TrigUltrasonic
  B:00A8H.1       PUBLIC        ET0
  D:008DH         PUBLIC        TH1
  D:00CDH         PUBLIC        TH2
  D:008BH         PUBLIC        TL1
  C:0656H         PUBLIC        GetDistance
  D:00CCH         PUBLIC        TL2
  B:0088H.6       PUBLIC        TR1
  B:00C8H.2       PUBLIC        TR2
  D:00C8H         PUBLIC        T2CON
  C:09F3H         PUBLIC        My_TrigUltrasonic
  C:06E6H         PUBLIC        My_GetDistance
  D:00D0H         PUBLIC        PSW
  -------         PROC          TRIGULTRASONIC
  C:09E4H         LINE#         7
  C:09E4H         LINE#         8
  C:09E4H         LINE#         9
  C:09E6H         LINE#         10
  C:09E7H         LINE#         11
  C:09E8H         LINE#         12
  C:09E9H         LINE#         13
  C:09EAH         LINE#         14
  C:09EBH         LINE#         15
  C:09EDH         LINE#         16
  C:09F0H         LINE#         17
  C:09F2H         LINE#         18
BL51 BANKED LINKER/LOCATER V6.22                                                      07/11/2026  10:30:59  PAGE 16


  -------         ENDPROC       TRIGULTRASONIC
  -------         PROC          GETDISTANCE
  -------         DO            
  D:0012H         SYMBOL        Distance
  D:0014H         SYMBOL        Time
  -------         ENDDO         
  C:0656H         LINE#         28
  C:0656H         LINE#         29
  C:0656H         LINE#         30
  C:065BH         LINE#         31
  C:065FH         LINE#         32
  C:0661H         LINE#         33
  C:0664H         LINE#         34
  C:0667H         LINE#         35
  C:0669H         LINE#         36
  C:066CH         LINE#         37
  C:066EH         LINE#         38
  C:0670H         LINE#         39
  C:0680H         LINE#         40
  C:0683H         LINE#         41
  C:0685H         LINE#         42
  C:069EH         LINE#         43
  C:069EH         LINE#         44
  -------         ENDPROC       GETDISTANCE
  -------         PROC          MY_TRIGULTRASONIC
  C:09F3H         LINE#         48
  C:09F3H         LINE#         49
  C:09F3H         LINE#         50
  C:09F5H         LINE#         51
  C:09F6H         LINE#         52
  C:09F7H         LINE#         53
  C:09F8H         LINE#         54
  C:09F9H         LINE#         55
  C:09FAH         LINE#         56
  C:09FCH         LINE#         57
  C:09FFH         LINE#         58
  C:0A01H         LINE#         59
  -------         ENDPROC       MY_TRIGULTRASONIC
  -------         PROC          MY_GETDISTANCE
  -------         DO            
  D:0019H         SYMBOL        Distance
  D:001BH         SYMBOL        Time
  -------         ENDDO         
  C:06E6H         LINE#         61
  C:06E6H         LINE#         62
  C:06E6H         LINE#         63
  C:06EBH         LINE#         64
  C:06EFH         LINE#         65
  C:06F2H         LINE#         66
  C:06F5H         LINE#         67
  C:06F7H         LINE#         68
  C:06FAH         LINE#         69
  C:06FCH         LINE#         70
  C:070CH         LINE#         71
  C:070FH         LINE#         72
  C:0711H         LINE#         73
  C:072AH         LINE#         74
BL51 BANKED LINKER/LOCATER V6.22                                                      07/11/2026  10:30:59  PAGE 17


  C:072AH         LINE#         75
  -------         ENDPROC       MY_GETDISTANCE
  -------         ENDMOD        ULTRASONIC

  -------         MODULE        APP
  C:0000H         SYMBOL        _ICE_DUMMY_
  C:07DBH         PUBLIC        _MeasureDirection
  D:0080H         PUBLIC        P0
  D:0090H         PUBLIC        P1
  D:00A0H         PUBLIC        P2
  D:00B0H         PUBLIC        P3
  C:069FH         PUBLIC        RefreshDistance
  C:04E8H         PUBLIC        _RamTarget
  D:00A8H         PUBLIC        IE
  B:0020H.0       PUBLIC        Timer1Overflow
  B:0020H.1       PUBLIC        Timer2Overflow
  D:00B8H         PUBLIC        IP
  D:0098H         PUBLIC        SCON
  D:0021H         PUBLIC        DistBuf
  D:0088H         PUBLIC        TCON
  D:002BH         PUBLIC        dirNames
  D:0035H         SYMBOL        lfsr
  C:090EH         PUBLIC        _SetServo
  C:02E6H         PUBLIC        _DispDistance
  D:008DH         PUBLIC        TH1
  D:008BH         PUBLIC        TL1
  C:072BH         PUBLIC        _PickTwoDirections
  C:0601H         PUBLIC        AssessmentRun
  B:00A0H.3       PUBLIC        BUZZER
  D:0036H         PUBLIC        disbuff
  D:00C8H         PUBLIC        T2CON
  C:04DBH         PUBLIC        ASCII
  C:0399H         PUBLIC        _bubble
  D:00D0H         PUBLIC        PSW
  C:080DH         PUBLIC        RandomByte
  C:0A41H         PUBLIC        InitRandom
  -------         PROC          INITRANDOM
  C:0A41H         LINE#         32
  C:0A41H         LINE#         33
  C:0A41H         LINE#         34
  C:0A47H         LINE#         35
  C:0A49H         LINE#         36
  C:0A4CH         LINE#         37
  -------         ENDPROC       INITRANDOM
  -------         PROC          RANDOMBYTE
  -------         DO            
  D:0007H         SYMBOL        fb
  -------         ENDDO         
  C:080DH         LINE#         39
  C:080DH         LINE#         40
  C:080DH         LINE#         42
  C:0827H         LINE#         43
  C:0835H         LINE#         44
  C:0836H         LINE#         45
  -------         ENDPROC       RANDOMBYTE
  -------         PROC          _DISPDISTANCE
  D:0011H         SYMBOL        Val
BL51 BANKED LINKER/LOCATER V6.22                                                      07/11/2026  10:30:59  PAGE 18


  C:02E6H         LINE#         51
  C:02EAH         LINE#         52
  C:02EAH         LINE#         53
  C:02F8H         LINE#         54
  C:02F8H         LINE#         55
  C:02FAH         LINE#         56
  C:0306H         LINE#         57
  C:0306H         LINE#         59
  C:0306H         LINE#         60
  C:0313H         LINE#         61
  C:032DH         LINE#         62
  C:0347H         LINE#         63
  C:0354H         LINE#         64
  C:0360H         LINE#         65
  C:036EH         LINE#         66
  C:037CH         LINE#         67
  C:038AH         LINE#         68
  C:0398H         LINE#         69
  C:0398H         LINE#         70
  -------         ENDPROC       _DISPDISTANCE
  -------         PROC          _BUBBLE
  D:0001H         SYMBOL        a
  D:0012H         SYMBOL        n
  -------         DO            
  D:0013H         SYMBOL        i
  D:0015H         SYMBOL        j
  D:0017H         SYMBOL        temp
  -------         ENDDO         
  C:0399H         LINE#         75
  C:039BH         LINE#         76
  C:039BH         LINE#         78
  C:03B5H         LINE#         79
  C:03B5H         LINE#         80
  C:03CBH         LINE#         81
  C:03CBH         LINE#         82
  C:03F5H         LINE#         83
  C:03F5H         LINE#         84
  C:03F9H         LINE#         85
  C:041CH         LINE#         86
  C:0430H         LINE#         87
  C:0430H         LINE#         88
  C:043AH         LINE#         89
  C:0448H         LINE#         90
  -------         ENDPROC       _BUBBLE
  -------         PROC          REFRESHDISTANCE
  -------         DO            
  D:0011H         SYMBOL        num
  D:0006H         SYMBOL        Dist
  -------         ENDDO         
  C:069FH         LINE#         96
  C:069FH         LINE#         97
  C:069FH         LINE#         100
  C:06A2H         LINE#         101
  C:06A2H         LINE#         102
  C:06B1H         LINE#         103
  C:06B8H         LINE#         104
  C:06C1H         LINE#         105
BL51 BANKED LINKER/LOCATER V6.22                                                      07/11/2026  10:30:59  PAGE 19


  C:06CCH         LINE#         106
  C:06E5H         LINE#         107
  C:06E5H         LINE#         108
  -------         ENDPROC       REFRESHDISTANCE
  -------         PROC          _PICKTWODIRECTIONS
  D:000EH         SYMBOL        d1
  D:0011H         SYMBOL        d2
  C:072BH         LINE#         113
  C:0731H         LINE#         114
  C:0731H         LINE#         115
  C:0744H         LINE#         117
  C:0744H         LINE#         118
  C:0757H         LINE#         119
  C:076DH         LINE#         120
  -------         ENDPROC       _PICKTWODIRECTIONS
  -------         PROC          _SETSERVO
  D:0007H         SYMBOL        dir
  C:090EH         LINE#         127
  C:090EH         LINE#         128
  C:090EH         LINE#         129
  C:091FH         LINE#         130
  C:091FH         LINE#         131
  C:091FH         LINE#         132
  C:0922H         LINE#         133
  C:0922H         LINE#         134
  C:0922H         LINE#         135
  C:0925H         LINE#         136
  C:0925H         LINE#         137
  C:0925H         LINE#         138
  C:0928H         LINE#         139
  C:0928H         LINE#         140
  C:0928H         LINE#         141
  C:092BH         LINE#         142
  C:092BH         LINE#         143
  C:092BH         LINE#         144
  C:092EH         LINE#         145
  C:092EH         LINE#         146
  C:092EH         LINE#         147
  -------         ENDPROC       _SETSERVO
  -------         PROC          _MEASUREDIRECTION
  D:000EH         SYMBOL        dir
  -------         DO            
  D:000FH         SYMBOL        dist
  -------         ENDDO         
  C:07DBH         LINE#         152
  C:07DDH         LINE#         153
  C:07DDH         LINE#         155
  C:07E0H         LINE#         156
  C:07E7H         LINE#         157
  C:07FEH         LINE#         158
  C:0805H         LINE#         159
  C:0808H         LINE#         160
  C:080CH         LINE#         161
  -------         ENDPROC       _MEASUREDIRECTION
  -------         PROC          _RAMTARGET
  D:000EH         SYMBOL        dir
  C:04E8H         LINE#         166
BL51 BANKED LINKER/LOCATER V6.22                                                      07/11/2026  10:30:59  PAGE 20


  C:04EAH         LINE#         167
  C:04EAH         LINE#         168
  C:04EDH         LINE#         169
  C:04F9H         LINE#         170
  C:04FBH         LINE#         171
  C:0502H         LINE#         172
  C:0504H         LINE#         173
  C:0509H         LINE#         174
  C:0510H         LINE#         177
  C:0520H         LINE#         178
  C:0520H         LINE#         179
  C:0520H         LINE#         180
  C:0520H         LINE#         181
  C:0520H         LINE#         182
  C:0527H         LINE#         183
  C:0527H         LINE#         184
  C:0529H         LINE#         185
  C:0529H         LINE#         186
  C:0530H         LINE#         187
  C:0532H         LINE#         188
  C:0534H         LINE#         189
  C:0534H         LINE#         190
  C:053BH         LINE#         191
  C:053DH         LINE#         192
  C:053FH         LINE#         193
  C:053FH         LINE#         194
  C:0546H         LINE#         195
  C:054DH         LINE#         196
  C:054DH         LINE#         197
  C:054DH         LINE#         198
  C:0550H         LINE#         199
  C:0557H         LINE#         201
  C:0564H         LINE#         202
  C:056BH         LINE#         203
  C:0572H         LINE#         204
  -------         ENDPROC       _RAMTARGET
  -------         PROC          ASSESSMENTRUN
  -------         DO            
  D:0008H         SYMBOL        dir1
  D:0009H         SYMBOL        dir2
  D:000AH         SYMBOL        dist1
  D:000CH         SYMBOL        dist2
  D:0007H         SYMBOL        bestDir
  -------         ENDDO         
  C:0601H         LINE#         212
  C:0601H         LINE#         213
  C:0601H         LINE#         218
  C:0604H         LINE#         219
  C:0616H         LINE#         221
  C:0622H         LINE#         222
  C:062BH         LINE#         223
  C:0632H         LINE#         225
  C:063BH         LINE#         226
  C:0642H         LINE#         228
  C:0653H         LINE#         229
  -------         ENDPROC       ASSESSMENTRUN
  -------         ENDMOD        APP
BL51 BANKED LINKER/LOCATER V6.22                                                      07/11/2026  10:30:59  PAGE 21



  -------         MODULE        SERVO
  C:0000H         SYMBOL        _ICE_DUMMY_
  D:0080H         PUBLIC        P0
  D:0090H         PUBLIC        P1
  D:00A0H         PUBLIC        P2
  D:00B0H         PUBLIC        P3
  B:00A8H.7       PUBLIC        EA
  C:08C8H         PUBLIC        ServoLeft45
  D:00A8H         PUBLIC        IE
  C:08A5H         PUBLIC        ServoRight
  D:00B8H         PUBLIC        IP
  C:085FH         PUBLIC        ServoFront
  C:0882H         PUBLIC        ServoLeft
  D:0098H         PUBLIC        SCON
  D:0088H         PUBLIC        TCON
  B:00A0H.7       PUBLIC        ServoPin
  D:00C8H         PUBLIC        T2CON
  D:00D0H         PUBLIC        PSW
  C:08EBH         PUBLIC        ServoRight45
  -------         PROC          SERVOFRONT
  -------         DO            
  D:0011H         SYMBOL        i
  -------         ENDDO         
  C:085FH         LINE#         10
  C:085FH         LINE#         11
  C:085FH         LINE#         13
  C:0861H         LINE#         14
  C:0864H         LINE#         15
  C:0864H         LINE#         16
  C:0866H         LINE#         17
  C:0869H         LINE#         18
  C:086BH         LINE#         19
  C:086EH         LINE#         20
  C:0879H         LINE#         21
  C:087BH         LINE#         22
  -------         ENDPROC       SERVOFRONT
  -------         PROC          SERVOLEFT
  -------         DO            
  D:0011H         SYMBOL        i
  -------         ENDDO         
  C:0882H         LINE#         30
  C:0882H         LINE#         31
  C:0882H         LINE#         33
  C:0884H         LINE#         34
  C:0887H         LINE#         35
  C:0887H         LINE#         36
  C:0889H         LINE#         37
  C:088CH         LINE#         38
  C:088EH         LINE#         39
  C:0891H         LINE#         40
  C:089CH         LINE#         41
  C:089EH         LINE#         42
  -------         ENDPROC       SERVOLEFT
  -------         PROC          SERVORIGHT
  -------         DO            
  D:0011H         SYMBOL        i
BL51 BANKED LINKER/LOCATER V6.22                                                      07/11/2026  10:30:59  PAGE 22


  -------         ENDDO         
  C:08A5H         LINE#         50
  C:08A5H         LINE#         51
  C:08A5H         LINE#         53
  C:08A7H         LINE#         54
  C:08AAH         LINE#         55
  C:08AAH         LINE#         56
  C:08ACH         LINE#         57
  C:08AFH         LINE#         58
  C:08B1H         LINE#         59
  C:08B4H         LINE#         60
  C:08BFH         LINE#         61
  C:08C1H         LINE#         62
  -------         ENDPROC       SERVORIGHT
  -------         PROC          SERVOLEFT45
  -------         DO            
  D:0011H         SYMBOL        i
  -------         ENDDO         
  C:08C8H         LINE#         65
  C:08C8H         LINE#         66
  C:08C8H         LINE#         68
  C:08CAH         LINE#         69
  C:08CDH         LINE#         70
  C:08CDH         LINE#         71
  C:08CFH         LINE#         72
  C:08D2H         LINE#         73
  C:08D4H         LINE#         74
  C:08D7H         LINE#         75
  C:08E2H         LINE#         76
  C:08E4H         LINE#         77
  -------         ENDPROC       SERVOLEFT45
  -------         PROC          SERVORIGHT45
  -------         DO            
  D:0011H         SYMBOL        i
  -------         ENDDO         
  C:08EBH         LINE#         80
  C:08EBH         LINE#         81
  C:08EBH         LINE#         83
  C:08EDH         LINE#         84
  C:08F0H         LINE#         85
  C:08F0H         LINE#         86
  C:08F2H         LINE#         87
  C:08F5H         LINE#         88
  C:08F7H         LINE#         89
  C:08FAH         LINE#         90
  C:0905H         LINE#         91
  C:0907H         LINE#         92
  -------         ENDPROC       SERVORIGHT45
  -------         ENDMOD        SERVO

  -------         MODULE        ?C?FPMUL
  C:002EH         PUBLIC        ?C?FPMUL
  -------         ENDMOD        ?C?FPMUL

  -------         MODULE        ?C?FCAST
  C:013EH         PUBLIC        ?C?FCASTC
  C:0139H         PUBLIC        ?C?FCASTI
BL51 BANKED LINKER/LOCATER V6.22                                                      07/11/2026  10:30:59  PAGE 23


  C:0134H         PUBLIC        ?C?FCASTL
  -------         ENDMOD        ?C?FCAST

  -------         MODULE        ?C?CASTF
  C:0172H         PUBLIC        ?C?CASTF
  -------         ENDMOD        ?C?CASTF

  -------         MODULE        ?C?CLDPTR
  C:01F3H         PUBLIC        ?C?CLDPTR
  -------         ENDMOD        ?C?CLDPTR

  -------         MODULE        ?C?CSTPTR
  C:020CH         PUBLIC        ?C?CSTPTR
  -------         ENDMOD        ?C?CSTPTR

  -------         MODULE        ?C?UIDIV
  C:021EH         PUBLIC        ?C?UIDIV
  -------         ENDMOD        ?C?UIDIV

  -------         MODULE        ?C?ILDOPTR
  C:0273H         PUBLIC        ?C?ILDOPTR
  -------         ENDMOD        ?C?ILDOPTR

  -------         MODULE        ?C?ISTOPTR
  C:02ABH         PUBLIC        ?C?ISTOPTR
  -------         ENDMOD        ?C?ISTOPTR

  -------         MODULE        ?C?LNEG
  C:02D8H         PUBLIC        ?C?LNEG
  -------         ENDMOD        ?C?LNEG

Program Size: data=60.2 xdata=0 code=2790
LINK/LOCATE RUN COMPLETE.  0 WARNING(S),  0 ERROR(S)
