C51 COMPILER V9.54   TIMER_ISR                                                             07/11/2026 13:28:32 PAGE 1   


C51 COMPILER V9.54, COMPILATION OF MODULE TIMER_ISR
OBJECT MODULE PLACED IN ..\output\timer_ISR.obj
COMPILER INVOKED BY: D:\Users\MBri\Keil5\Core\C51\BIN\C51.EXE ..\source\timer_ISR.c OPTIMIZE(8,SPEED) BROWSE DEBUG OBJEC
                    -TEXTEND PRINT(.\timer_ISR.lst) OBJECT(..\output\timer_ISR.obj)

line level    source

   1          #include "config.h"
   2          #include "timer_ISR.h"
   3          #include "motor.h"
   4          #include "app.h"
   5          
   6          uchar PWM_T;//PWW周期
   7          /*=================================================
   8          *函数名称：IntRegInit
   9          *函数功能：中断寄存器初始化
  10          *调用：
  11          *输入：
  12          =================================================*/
  13          void IntRegInit()
  14          {
  15   1              ET0 = 1;//允许定时器0中断
  16   1              ET1 = 1;             //允许T1中断
  17   1              ET2 = 1;
  18   1              EA      = 1;//总中断允许        
  19   1      }
  20          /*定时器0初始化*/
  21          void Timer0Init(void)           //100微秒@11.0592MHz
  22          {
  23   1              TMOD |= 0x02;//定时器0，8位自动重装模块
  24   1              TH0 = 0xA4;
  25   1              TL0 = 0xA4;//100US中断一次
  26   1              TR0 = 1;//启动定时器0
  27   1      }
  28          
  29          /*定时器1初始化*/
  30          void Timer1Init(void)           
  31          {
  32   1              TMOD |= 0x10;   //定时器1工作模式1,16位定时模式。T1用测ECH0脉冲长度
  33   1              TH1 = 0;                   
  34   1        TL1 = 0;
  35   1      }
  36          /* Timer0 interrupt routine */
  37          void tm0_isr() interrupt 1 using 1
  38          {
  39   1              PWM_T++;
  40   1              if(PWM_T == 255)                //频率F=1000000/T0溢出时间*255
  41   1              {
  42   2                      PWM_T = 0;
  43   2              }
  44   1              if(RightMotorSpeed >= PWM_T)
  45   1              {
  46   2                      RightMotor_EN = 1;      //使能右马达
  47   2              }
  48   1              if(LeftMotorSpeed >= PWM_T)
  49   1              {
  50   2                      LeftMotor_EN  = 1;  //使能左马达
  51   2              }               
  52   1              if(LeftMotorSpeed < PWM_T)
  53   1              {
  54   2                      LeftMotor_EN  = 0;  //禁用左马达
C51 COMPILER V9.54   TIMER_ISR                                                             07/11/2026 13:28:32 PAGE 2   

  55   2              }               
  56   1              if(RightMotorSpeed < PWM_T)
  57   1              {
  58   2                      RightMotor_EN = 0;      //禁用右马达
  59   2              }       
  60   1      }
  61          /*定时器1中断处理函数*/
  62          void tm1_isr() interrupt 3 using 1
  63          {
  64   1              Timer1Overflow = 1;     //计数器1溢出标志位
  65   1              EchoPin = 0;            //超声波接收端  
  66   1      }
  67          
  68          /**********************************/
  69          /*定时器1初始化*/
  70          void Timer2Init(void)//
  71          {
  72   1              T2MOD = 0x00;
  73   1              T2CON = 0x00;
  74   1              TH2 = 0;
  75   1              TL2 = 0;
  76   1      }
  77          /*定时器2中断处理函数*/
  78          void tm2_isr() interrupt 5 using 1
  79          {
  80   1              Timer2Overflow = 1; //计数器2溢出标志位
  81   1              My_EPin = 0;//新超声波接收端    
  82   1      }
  83          
  84          /*
  85          //这款单片机内部有3个定时计数器，
  86          其中定时计数器0-T0  用于产生PWM用于控制车轮的转动速度
  87          定时计数器T1 用于超声波距离的计数
  88          定时计数器T2 用于新增超声波距离的计数
  89          */


MODULE INFORMATION:   STATIC OVERLAYABLE
   CODE SIZE        =    105    ----
   CONSTANT SIZE    =   ----    ----
   XDATA SIZE       =   ----    ----
   PDATA SIZE       =   ----    ----
   DATA SIZE        =      1    ----
   IDATA SIZE       =   ----    ----
   BIT SIZE         =   ----    ----
END OF MODULE INFORMATION.


C51 COMPILATION COMPLETE.  0 WARNING(S),  0 ERROR(S)
