C51 COMPILER V9.00   SERVO                                                                 07/19/2019 16:20:04 PAGE 1   


C51 COMPILER V9.00, COMPILATION OF MODULE SERVO
OBJECT MODULE PLACED IN ..\output\servo.obj
COMPILER INVOKED BY: C:\Keil\C51\BIN\C51.EXE ..\source\servo.c BROWSE DEBUG OBJECTEXTEND PRINT(.\servo.lst) OBJECT(..\ou
                    -tput\servo.obj)

line level    source

   1          #include "config.h"
   2          #include "Delay.h"
   3          #include "Servo.h"
   4          /*=================================================
   5          *函数名称：ServoFront
   6          *函数功能：云台向前转动
   7          *调用：
   8          *输入：
   9          =================================================*/
  10          void ServoFront()
  11          {
  12   1              char i;
  13   1              for(i=0;i<10;i++)
  14   1              {       
  15   2                      ServoPin = 1;
  16   2                      Delay1550us();
  17   2                      ServoPin = 0;
  18   2                      Delay18450us();
  19   2              }
  20   1              Delay1ms(800);
  21   1      }
  22          /*=================================================
  23          *函数名称：ServoLeft
  24          *函数功能：云台向左转动
  25          *调用：
  26          *输入：
  27          =================================================*/
  28          void ServoLeft()
  29          {
  30   1              char i;
  31   1              for(i=0;i<10;i++)
  32   1              {       
  33   2                      ServoPin = 1;
  34   2                      Delay2500us();
  35   2                      ServoPin = 0;
  36   2                      Delay17500us();
  37   2              }
  38   1              Delay1ms(800);
  39   1      }
  40          /*=================================================
  41          *函数名称：ServoFront
  42          *函数功能：云台向右转动
  43          *调用：
  44          *输入：
  45          =================================================*/
  46          void ServoRight()
  47          {
  48   1              char i;
  49   1              for(i=0;i<10;i++)
  50   1              {       
  51   2                      ServoPin = 1;
  52   2                      Delay600us();
  53   2                      ServoPin = 0;
  54   2                      Delay19400us();
C51 COMPILER V9.00   SERVO                                                                 07/19/2019 16:20:04 PAGE 2   

  55   2              }
  56   1              Delay1ms(800);
  57   1      }
  58          /*=================================================
  59          *函数名称：InitServo
  60          *函数功能：云台初始化
  61          *调用：    ServoLeft(); ServoRight();   ServoFront();
  62          *输入：
  63          =================================================*/
  64          void InitServo()
  65          {
  66   1              ServoLeft();
  67   1              ServoRight();
  68   1              ServoFront();
  69   1      }


MODULE INFORMATION:   STATIC OVERLAYABLE
   CODE SIZE        =    102    ----
   CONSTANT SIZE    =   ----    ----
   XDATA SIZE       =   ----    ----
   PDATA SIZE       =   ----    ----
   DATA SIZE        =   ----       3
   IDATA SIZE       =   ----    ----
   BIT SIZE         =   ----    ----
END OF MODULE INFORMATION.


C51 COMPILATION COMPLETE.  0 WARNING(S),  0 ERROR(S)
