C51 COMPILER V9.00   APP                                                                   08/01/2019 13:43:27 PAGE 1   


C51 COMPILER V9.00, COMPILATION OF MODULE APP
OBJECT MODULE PLACED IN ..\output\app.obj
COMPILER INVOKED BY: C:\Keil\C51\BIN\C51.EXE ..\source\app.c BROWSE DEBUG OBJECTEXTEND PRINT(.\app.lst) OBJECT(..\output
                    -\app.obj)

line level    source

   1          #include "config.h"
   2          #include "timer_ISR.h"
   3          #include "Delay.h"
   4          #include "motor.h"
   5          #include "app.h"
   6          #include "main.h"
   7          
   8          /*====================================
   9          函数名  ：IR_Avoid1
  10          参数    ：无
  11          返回值  ：无
  12          描述    ：智能小车红外避障-基础版
  13          ====================================*/
  14          //void IR_Avoid1()
  15          //{
  16          //      if(AvoidSensorLeft == 0)
  17          //      {
  18          //              SmartCarRight(LeftSpeed, RightSpeed);//右转     
  19          //      }else
  20          //      {
  21          //              SmartCarForward(LeftSpeed, RightSpeed);//前进   
  22          //      }
  23          //}
  24          /*====================================
  25          函数名  ：IR_Avoid2
  26          参数    ：无
  27          返回值  ：无
  28          描述    ：智能小车红外避障-基础版
  29          ====================================*/
  30          void IR_Avoid2()
  31          {
  32   1              if((AvoidSensorLeft == 0) && (AvoidSensorRight == 1))
  33   1              {
  34   2                      SmartCarRight(LeftSpeed, RightSpeed);//右转
  35   2                      Delay1ms(100);  
  36   2              }else if((AvoidSensorLeft == 1) && (AvoidSensorRight == 0))
  37   1              {
  38   2                      SmartCarLeft(LeftSpeed, RightSpeed);//左转
  39   2                      Delay1ms(100);          
  40   2              }else if((AvoidSensorLeft == 0) && (AvoidSensorRight == 0))
  41   1              {
  42   2                      SmartCarRightTurn(LeftSpeed, RightSpeed);//原地右转     
  43   2                      Delay1ms(100);  
  44   2              }else
  45   1              {
  46   2                      SmartCarForward(LeftSpeed, RightSpeed);//前进   
  47   2              }
  48   1      }
  49          
  50          /*====================================
  51          函数名  ：IR_Tracking
  52          参数    ：无
  53          返回值  ：无
  54          描述    ：智能小车红外循迹
C51 COMPILER V9.00   APP                                                                   08/01/2019 13:43:27 PAGE 2   

  55          ====================================*/
  56          //void IR_Tracking()
  57          //{
  58          //              /*1为识别到黑线*/
  59          //      if((TrackSensorLeft == 1) && (TrackSensorRight == 1))
  60          //      {       
  61          //              SmartCarForward(LeftSpeed, RightSpeed);//前进   
  62          //      }else if((TrackSensorLeft == 0) && (TrackSensorRight == 1))
  63          //      {
  64          //              SmartCarRight(200, RightSpeed);//右转
  65          //      }else if((TrackSensorLeft == 1) && (TrackSensorRight == 0))
  66          //      {
  67          //
  68          //              SmartCarLeft(LeftSpeed, 200);//左转     
  69          //      }
  70          //}


MODULE INFORMATION:   STATIC OVERLAYABLE
   CODE SIZE        =     58    ----
   CONSTANT SIZE    =   ----    ----
   XDATA SIZE       =   ----    ----
   PDATA SIZE       =   ----    ----
   DATA SIZE        =   ----    ----
   IDATA SIZE       =   ----    ----
   BIT SIZE         =   ----    ----
END OF MODULE INFORMATION.


C51 COMPILATION COMPLETE.  0 WARNING(S),  0 ERROR(S)
