C51 COMPILER V9.00   MAIN                                                                  08/02/2019 12:08:07 PAGE 1   


C51 COMPILER V9.00, COMPILATION OF MODULE MAIN
OBJECT MODULE PLACED IN ..\output\main.obj
COMPILER INVOKED BY: C:\Keil\C51\BIN\C51.EXE ..\source\main.c BROWSE DEBUG OBJECTEXTEND PRINT(.\main.lst) OBJECT(..\outp
                    -ut\main.obj)

line level    source

   1          #define  _MAIN_C
   2          #include "config.h"
   3          #include "Delay.h"
   4          #include "servo.h"
   5          #include "main.h"
   6          
   7          void main()
   8          {
   9   1              ServoFront();//舵机云台朝向正前方
  10   1              delay(1000); //延时1s
  11   1              while(1)
  12   1              {
  13   2                      ServoLeft();//云台向左转动
  14   2                      ServoFront();//云台向正前方转动
  15   2                      ServoRight();//云台向右转动
  16   2                      ServoFront();//云台向正前方转动
  17   2              }
  18   1      }


MODULE INFORMATION:   STATIC OVERLAYABLE
   CODE SIZE        =     24    ----
   CONSTANT SIZE    =   ----    ----
   XDATA SIZE       =   ----    ----
   PDATA SIZE       =   ----    ----
   DATA SIZE        =   ----    ----
   IDATA SIZE       =   ----    ----
   BIT SIZE         =   ----    ----
END OF MODULE INFORMATION.


C51 COMPILATION COMPLETE.  0 WARNING(S),  0 ERROR(S)
