BL51 BANKED LINKER/LOCATER V6.22                                                        08/02/2019  12:08:07  PAGE 1


BL51 BANKED LINKER/LOCATER V6.22, INVOKED BY:
C:\KEIL\C51\BIN\BL51.EXE ..\output\servo.obj, ..\output\Delay.obj, ..\output\main.obj TO ..\output\template PRINT (.\tem
>> plate.m51) RAMSIZE (256)


MEMORY MODEL: SMALL


INPUT MODULES INCLUDED:
  ..\output\servo.obj (SERVO)
  ..\output\Delay.obj (DELAY)
  ..\output\main.obj (MAIN)
  C:\KEIL\C51\LIB\C51S.LIB (?C_STARTUP)


LINK MAP OF MODULE:  ..\output\template (SERVO)


            TYPE    BASE      LENGTH    RELOCATION   SEGMENT NAME
            -----------------------------------------------------

            * * * * * * *   D A T A   M E M O R Y   * * * * * * *
            REG     0000H     0008H     ABSOLUTE     "REG BANK 0"
            DATA    0008H     0001H     UNIT         _DATA_GROUP_
            IDATA   0009H     0001H     UNIT         ?STACK

            * * * * * * *   C O D E   M E M O R Y   * * * * * * *
            CODE    0000H     0003H     ABSOLUTE     
            CODE    0003H     001FH     UNIT         ?PR?SERVOFRONT?SERVO
            CODE    0022H     001FH     UNIT         ?PR?SERVOLEFT?SERVO
            CODE    0041H     001FH     UNIT         ?PR?SERVORIGHT?SERVO
            CODE    0060H     001EH     UNIT         ?PR?_DELAY?DELAY
            CODE    007EH     0018H     UNIT         ?PR?MAIN?MAIN
            CODE    0096H     000CH     UNIT         ?C_C51STARTUP
            CODE    00A2H     000AH     UNIT         ?PR?DELAY18450US?DELAY
            CODE    00ACH     000AH     UNIT         ?PR?DELAY600US?DELAY
            CODE    00B6H     000AH     UNIT         ?PR?DELAY19400US?DELAY
            CODE    00C0H     0009H     UNIT         ?PR?DELAY1550US?DELAY
            CODE    00C9H     0009H     UNIT         ?PR?DELAY17500US?DELAY
            CODE    00D2H     0009H     UNIT         ?PR?DELAY2500US?DELAY



OVERLAY MAP OF MODULE:   ..\output\template (SERVO)


SEGMENT                          DATA_GROUP 
  +--> CALLED SEGMENT          START    LENGTH
----------------------------------------------
?C_C51STARTUP                  -----    -----
  +--> ?PR?MAIN?MAIN

?PR?MAIN?MAIN                  -----    -----
  +--> ?PR?SERVOFRONT?SERVO
  +--> ?PR?_DELAY?DELAY
  +--> ?PR?SERVOLEFT?SERVO
  +--> ?PR?SERVORIGHT?SERVO

BL51 BANKED LINKER/LOCATER V6.22                                                      08/02/2019  12:08:07  PAGE 2


?PR?SERVOFRONT?SERVO           0008H    0001H
  +--> ?PR?DELAY1550US?DELAY
  +--> ?PR?DELAY18450US?DELAY
  +--> ?PR?_DELAY?DELAY

?PR?SERVOLEFT?SERVO            0008H    0001H
  +--> ?PR?DELAY2500US?DELAY
  +--> ?PR?DELAY17500US?DELAY
  +--> ?PR?_DELAY?DELAY

?PR?SERVORIGHT?SERVO           0008H    0001H
  +--> ?PR?DELAY600US?DELAY
  +--> ?PR?DELAY19400US?DELAY
  +--> ?PR?_DELAY?DELAY



SYMBOL TABLE OF MODULE:  ..\output\template (SERVO)

  VALUE           TYPE          NAME
  ----------------------------------

  -------         MODULE        SERVO
  C:0000H         SYMBOL        _ICE_DUMMY_
  D:0090H         PUBLIC        P1
  D:00A0H         PUBLIC        P2
  D:00B0H         PUBLIC        P3
  D:00A8H         PUBLIC        IE
  C:0041H         PUBLIC        ServoRight
  D:00B8H         PUBLIC        IP
  C:0003H         PUBLIC        ServoFront
  C:0022H         PUBLIC        ServoLeft
  D:0098H         PUBLIC        SCON
  D:0088H         PUBLIC        TCON
  B:00A0H.7       PUBLIC        ServoPin
  D:00C8H         PUBLIC        T2CON
  D:00D0H         PUBLIC        PSW
  -------         PROC          SERVOFRONT
  -------         DO            
  D:0008H         SYMBOL        i
  -------         ENDDO         
  C:0003H         LINE#         10
  C:0003H         LINE#         11
  C:0003H         LINE#         13
  C:0006H         LINE#         14
  C:0006H         LINE#         15
  C:0008H         LINE#         16
  C:000BH         LINE#         17
  C:000DH         LINE#         18
  C:0010H         LINE#         19
  C:001BH         LINE#         20
  -------         ENDPROC       SERVOFRONT
  -------         PROC          SERVOLEFT
  -------         DO            
  D:0008H         SYMBOL        i
  -------         ENDDO         
  C:0022H         LINE#         28
BL51 BANKED LINKER/LOCATER V6.22                                                      08/02/2019  12:08:07  PAGE 3


  C:0022H         LINE#         29
  C:0022H         LINE#         31
  C:0025H         LINE#         32
  C:0025H         LINE#         33
  C:0027H         LINE#         34
  C:002AH         LINE#         35
  C:002CH         LINE#         36
  C:002FH         LINE#         37
  C:003AH         LINE#         38
  -------         ENDPROC       SERVOLEFT
  -------         PROC          SERVORIGHT
  -------         DO            
  D:0008H         SYMBOL        i
  -------         ENDDO         
  C:0041H         LINE#         46
  C:0041H         LINE#         47
  C:0041H         LINE#         49
  C:0044H         LINE#         50
  C:0044H         LINE#         51
  C:0046H         LINE#         52
  C:0049H         LINE#         53
  C:004BH         LINE#         54
  C:004EH         LINE#         55
  C:0059H         LINE#         56
  -------         ENDPROC       SERVORIGHT
  -------         ENDMOD        SERVO

  -------         MODULE        DELAY
  C:0000H         SYMBOL        _ICE_DUMMY_
  D:0090H         PUBLIC        P1
  D:00A0H         PUBLIC        P2
  D:00B0H         PUBLIC        P3
  D:00A8H         PUBLIC        IE
  C:0060H         PUBLIC        _delay
  D:00B8H         PUBLIC        IP
  C:00D2H         PUBLIC        Delay2500us
  C:00C0H         PUBLIC        Delay1550us
  D:0098H         PUBLIC        SCON
  D:0088H         PUBLIC        TCON
  C:00C9H         PUBLIC        Delay17500us
  C:00B6H         PUBLIC        Delay19400us
  C:00A2H         PUBLIC        Delay18450us
  D:00C8H         PUBLIC        T2CON
  C:00ACH         PUBLIC        Delay600us
  D:00D0H         PUBLIC        PSW
  -------         PROC          _DELAY
  D:0006H         SYMBOL        z
  -------         DO            
  D:0006H         SYMBOL        x
  D:0004H         SYMBOL        y
  -------         ENDDO         
  C:0060H         LINE#         15
  C:0060H         LINE#         16
  C:0060H         LINE#         18
  C:0069H         LINE#         19
  C:007DH         LINE#         20
  -------         ENDPROC       _DELAY
BL51 BANKED LINKER/LOCATER V6.22                                                      08/02/2019  12:08:07  PAGE 4


  -------         PROC          DELAY1550US
  -------         DO            
  D:0007H         SYMBOL        i
  D:0006H         SYMBOL        j
  -------         ENDDO         
  C:00C0H         LINE#         22
  C:00C0H         LINE#         23
  C:00C0H         LINE#         26
  C:00C2H         LINE#         27
  C:00C4H         LINE#         29
  C:00C4H         LINE#         30
  C:00C6H         LINE#         31
  C:00C8H         LINE#         32
  -------         ENDPROC       DELAY1550US
  -------         PROC          DELAY18450US
  -------         DO            
  D:0007H         SYMBOL        i
  D:0006H         SYMBOL        j
  -------         ENDDO         
  C:00A2H         LINE#         34
  C:00A2H         LINE#         35
  C:00A2H         LINE#         38
  C:00A3H         LINE#         39
  C:00A5H         LINE#         40
  C:00A7H         LINE#         42
  C:00A7H         LINE#         43
  C:00A9H         LINE#         44
  C:00ABH         LINE#         45
  -------         ENDPROC       DELAY18450US
  -------         PROC          DELAY600US
  -------         DO            
  D:0007H         SYMBOL        i
  D:0006H         SYMBOL        j
  -------         ENDDO         
  C:00ACH         LINE#         47
  C:00ACH         LINE#         48
  C:00ACH         LINE#         51
  C:00ADH         LINE#         52
  C:00AFH         LINE#         53
  C:00B1H         LINE#         55
  C:00B1H         LINE#         56
  C:00B3H         LINE#         57
  C:00B5H         LINE#         58
  -------         ENDPROC       DELAY600US
  -------         PROC          DELAY19400US
  -------         DO            
  D:0007H         SYMBOL        i
  D:0006H         SYMBOL        j
  -------         ENDDO         
  C:00B6H         LINE#         59
  C:00B6H         LINE#         60
  C:00B6H         LINE#         63
  C:00B7H         LINE#         64
  C:00B9H         LINE#         65
  C:00BBH         LINE#         67
  C:00BBH         LINE#         68
  C:00BDH         LINE#         69
BL51 BANKED LINKER/LOCATER V6.22                                                      08/02/2019  12:08:07  PAGE 5


  C:00BFH         LINE#         70
  -------         ENDPROC       DELAY19400US
  -------         PROC          DELAY17500US
  -------         DO            
  D:0007H         SYMBOL        i
  D:0006H         SYMBOL        j
  -------         ENDDO         
  C:00C9H         LINE#         72
  C:00C9H         LINE#         73
  C:00C9H         LINE#         76
  C:00CBH         LINE#         77
  C:00CDH         LINE#         79
  C:00CDH         LINE#         80
  C:00CFH         LINE#         81
  C:00D1H         LINE#         82
  -------         ENDPROC       DELAY17500US
  -------         PROC          DELAY2500US
  -------         DO            
  D:0007H         SYMBOL        i
  D:0006H         SYMBOL        j
  -------         ENDDO         
  C:00D2H         LINE#         83
  C:00D2H         LINE#         84
  C:00D2H         LINE#         87
  C:00D4H         LINE#         88
  C:00D6H         LINE#         90
  C:00D6H         LINE#         91
  C:00D8H         LINE#         92
  C:00DAH         LINE#         93
  -------         ENDPROC       DELAY2500US
  -------         ENDMOD        DELAY

  -------         MODULE        MAIN
  C:0000H         SYMBOL        _ICE_DUMMY_
  D:0090H         PUBLIC        P1
  D:00A0H         PUBLIC        P2
  D:00B0H         PUBLIC        P3
  D:00A8H         PUBLIC        IE
  D:00B8H         PUBLIC        IP
  C:007EH         PUBLIC        main
  D:0098H         PUBLIC        SCON
  D:0088H         PUBLIC        TCON
  D:00C8H         PUBLIC        T2CON
  D:00D0H         PUBLIC        PSW
  -------         PROC          MAIN
  C:007EH         LINE#         7
  C:007EH         LINE#         8
  C:007EH         LINE#         9
  C:0081H         LINE#         10
  C:0088H         LINE#         11
  C:0088H         LINE#         12
  C:0088H         LINE#         13
  C:008BH         LINE#         14
  C:008EH         LINE#         15
  C:0091H         LINE#         16
  C:0094H         LINE#         17
  -------         ENDPROC       MAIN
BL51 BANKED LINKER/LOCATER V6.22                                                      08/02/2019  12:08:07  PAGE 6


  -------         ENDMOD        MAIN

Program Size: data=10.0 xdata=0 code=219
LINK/LOCATE RUN COMPLETE.  0 WARNING(S),  0 ERROR(S)
