BL51 BANKED LINKER/LOCATER V6.22                                                        08/01/2019  14:46:40  PAGE 1


BL51 BANKED LINKER/LOCATER V6.22, INVOKED BY:
C:\KEIL\C51\BIN\BL51.EXE ..\output\main.obj, ..\output\motor.obj, ..\output\timer_ISR.obj, ..\output\Delay.obj, ..\outpu
>> t\app.obj TO ..\output\template PRINT (.\template.m51) RAMSIZE (256)


MEMORY MODEL: SMALL


INPUT MODULES INCLUDED:
  ..\output\main.obj (MAIN)
  ..\output\motor.obj (MOTOR)
  ..\output\timer_ISR.obj (TIMER_ISR)
  ..\output\Delay.obj (DELAY)
  ..\output\app.obj (APP)
  C:\KEIL\C51\LIB\C51S.LIB (?C_STARTUP)


LINK MAP OF MODULE:  ..\output\template (MAIN)


            TYPE    BASE      LENGTH    RELOCATION   SEGMENT NAME
            -----------------------------------------------------

            * * * * * * *   D A T A   M E M O R Y   * * * * * * *
            REG     0000H     0008H     ABSOLUTE     "REG BANK 0"
            DATA    0008H     0002H     UNIT         ?DT?MAIN
            DATA    000AH     0002H     UNIT         ?DT?MOTOR
            DATA    000CH     0001H     UNIT         ?DT?TIMER_ISR
            IDATA   000DH     0001H     UNIT         ?STACK

            * * * * * * *   C O D E   M E M O R Y   * * * * * * *
            CODE    0000H     0003H     ABSOLUTE     
            CODE    0003H     0005H     UNIT         ?PR?INTREGINIT?TIMER_ISR
                    0008H     0003H                  *** GAP ***
            CODE    000BH     0003H     ABSOLUTE     
            CODE    000EH     004EH     UNIT         ?PR?IR_AVOID4?APP
            CODE    005CH     0037H     UNIT         ?PR?TM0_ISR?TIMER_ISR
            CODE    0093H     001CH     UNIT         ?PR?KEYSCAN?MAIN
            CODE    00AFH     0017H     UNIT         ?PR?_DELAY1MS?DELAY
            CODE    00C6H     0014H     UNIT         ?PR?MAIN?MAIN
            CODE    00DAH     000DH     UNIT         ?PR?_SMARTCARFORWARD?MOTOR
            CODE    00E7H     000DH     UNIT         ?PR?_SMARTCARBACK?MOTOR
            CODE    00F4H     000DH     UNIT         ?PR?_SMARTCARLEFT?MOTOR
            CODE    0101H     000DH     UNIT         ?PR?_SMARTCARLEFTTURN?MOTOR
            CODE    010EH     000DH     UNIT         ?PR?_SMARTCARRIGHT?MOTOR
            CODE    011BH     000CH     UNIT         ?PR?TIMER0INIT?TIMER_ISR
            CODE    0127H     000CH     UNIT         ?C_C51STARTUP
            CODE    0133H     0009H     UNIT         ?PR?SMARTCARSTOPS?MOTOR



OVERLAY MAP OF MODULE:   ..\output\template (MAIN)


SEGMENT
  +--> CALLED SEGMENT
---------------------
?C_C51STARTUP
BL51 BANKED LINKER/LOCATER V6.22                                                      08/01/2019  14:46:40  PAGE 2


  +--> ?PR?MAIN?MAIN

?PR?MAIN?MAIN
  +--> ?PR?INTREGINIT?TIMER_ISR
  +--> ?PR?TIMER0INIT?TIMER_ISR
  +--> ?PR?KEYSCAN?MAIN
  +--> ?PR?IR_AVOID4?APP

?PR?KEYSCAN?MAIN
  +--> ?PR?_DELAY1MS?DELAY

?PR?IR_AVOID4?APP
  +--> ?PR?_SMARTCARRIGHT?MOTOR
  +--> ?PR?_SMARTCARLEFT?MOTOR
  +--> ?PR?SMARTCARSTOPS?MOTOR
  +--> ?PR?_DELAY1MS?DELAY
  +--> ?PR?_SMARTCARBACK?MOTOR
  +--> ?PR?_SMARTCARLEFTTURN?MOTOR
  +--> ?PR?_SMARTCARFORWARD?MOTOR



SYMBOL TABLE OF MODULE:  ..\output\template (MAIN)

  VALUE           TYPE          NAME
  ----------------------------------

  -------         MODULE        MAIN
  C:0000H         SYMBOL        _ICE_DUMMY_
  D:0090H         PUBLIC        P1
  D:0008H         PUBLIC        LeftSpeed
  D:00A0H         PUBLIC        P2
  D:00B0H         PUBLIC        P3
  D:00A8H         PUBLIC        IE
  D:00B8H         PUBLIC        IP
  C:00C6H         PUBLIC        main
  D:0098H         PUBLIC        SCON
  D:0088H         PUBLIC        TCON
  B:00B0H.0       PUBLIC        KEY_S2
  B:00A0H.3       PUBLIC        BUZZER
  D:00C8H         PUBLIC        T2CON
  C:0093H         PUBLIC        keyscan
  D:0009H         PUBLIC        RightSpeed
  D:00D0H         PUBLIC        PSW
  -------         PROC          KEYSCAN
  C:0093H         LINE#         10
  C:0093H         LINE#         11
  C:0093H         LINE#         12
  C:0093H         LINE#         13
  C:0093H         LINE#         14
  C:0096H         LINE#         15
  C:0096H         LINE#         16
  C:009DH         LINE#         17
  C:00A0H         LINE#         18
  C:00A0H         LINE#         19
  C:00A3H         LINE#         20
  C:00A5H         LINE#         21
BL51 BANKED LINKER/LOCATER V6.22                                                      08/01/2019  14:46:40  PAGE 3


  C:00ACH         LINE#         22
  C:00AEH         LINE#         23
  C:00AEH         LINE#         24
  C:00AEH         LINE#         25
  C:00AEH         LINE#         26
  C:00AEH         LINE#         27
  -------         ENDPROC       KEYSCAN
  -------         PROC          MAIN
  C:00C6H         LINE#         29
  C:00C6H         LINE#         30
  C:00C6H         LINE#         32
  C:00C9H         LINE#         33
  C:00CCH         LINE#         34
  C:00CFH         LINE#         35
  C:00D2H         LINE#         36
  C:00D5H         LINE#         37
  C:00D5H         LINE#         38
  C:00D5H         LINE#         39
  C:00D8H         LINE#         40
  -------         ENDPROC       MAIN
  -------         ENDMOD        MAIN

  -------         MODULE        MOTOR
  C:0000H         SYMBOL        _ICE_DUMMY_
  D:0090H         PUBLIC        P1
  D:00A0H         PUBLIC        P2
  D:00B0H         PUBLIC        P3
  D:000AH         PUBLIC        RightMotorSpeed
  D:00A8H         PUBLIC        IE
  C:00E7H         PUBLIC        _SmartCarBack
  D:000BH         PUBLIC        LeftMotorSpeed
  D:00B8H         PUBLIC        IP
  C:010EH         PUBLIC        _SmartCarRight
  C:00F4H         PUBLIC        _SmartCarLeft
  D:0098H         PUBLIC        SCON
  D:0088H         PUBLIC        TCON
  C:0133H         PUBLIC        SmartCarStops
  B:0090H.2       PUBLIC        IN1
  B:0090H.3       PUBLIC        IN2
  B:0090H.6       PUBLIC        IN3
  B:0090H.7       PUBLIC        IN4
  C:0101H         PUBLIC        _SmartCarLeftTurn
  D:00C8H         PUBLIC        T2CON
  D:00D0H         PUBLIC        PSW
  C:00DAH         PUBLIC        _SmartCarForward
  -------         PROC          _SMARTCARFORWARD
  D:0007H         SYMBOL        LeftSpeedVal
  D:0005H         SYMBOL        RightSpeedVal
  C:00DAH         LINE#         14
  C:00DAH         LINE#         15
  C:00DAH         LINE#         16
  C:00DCH         LINE#         17
  C:00DEH         LINE#         18
  C:00E2H         LINE#         19
  C:00E6H         LINE#         20
  -------         ENDPROC       _SMARTCARFORWARD
  -------         PROC          _SMARTCARBACK
BL51 BANKED LINKER/LOCATER V6.22                                                      08/01/2019  14:46:40  PAGE 4


  D:0007H         SYMBOL        LeftSpeedVal
  D:0005H         SYMBOL        RightSpeedVal
  C:00E7H         LINE#         29
  C:00E7H         LINE#         30
  C:00E7H         LINE#         31
  C:00E9H         LINE#         32
  C:00EBH         LINE#         33
  C:00EFH         LINE#         34
  C:00F3H         LINE#         35
  -------         ENDPROC       _SMARTCARBACK
  -------         PROC          _SMARTCARLEFT
  D:0007H         SYMBOL        LeftSpeedVal
  D:0005H         SYMBOL        RightSpeedVal
  C:00F4H         LINE#         44
  C:00F4H         LINE#         45
  C:00F4H         LINE#         46
  C:00F6H         LINE#         47
  C:00F8H         LINE#         48
  C:00FCH         LINE#         49
  C:0100H         LINE#         50
  -------         ENDPROC       _SMARTCARLEFT
  -------         PROC          _SMARTCARLEFTTURN
  D:0007H         SYMBOL        LeftSpeedVal
  D:0005H         SYMBOL        RightSpeedVal
  C:0101H         LINE#         52
  C:0101H         LINE#         53
  C:0101H         LINE#         54
  C:0103H         LINE#         55
  C:0105H         LINE#         56
  C:0109H         LINE#         57
  C:010DH         LINE#         58
  -------         ENDPROC       _SMARTCARLEFTTURN
  -------         PROC          _SMARTCARRIGHT
  D:0007H         SYMBOL        LeftSpeedVal
  D:0005H         SYMBOL        RightSpeedVal
  C:010EH         LINE#         67
  C:010EH         LINE#         68
  C:010EH         LINE#         69
  C:0110H         LINE#         70
  C:0112H         LINE#         71
  C:0116H         LINE#         72
  C:011AH         LINE#         73
  -------         ENDPROC       _SMARTCARRIGHT
  -------         PROC          SMARTCARSTOPS
  C:0133H         LINE#         88
  C:0133H         LINE#         89
  C:0133H         LINE#         90
  C:0137H         LINE#         91
  C:013BH         LINE#         92
  -------         ENDPROC       SMARTCARSTOPS
  -------         ENDMOD        MOTOR

  -------         MODULE        TIMER_ISR
  C:0000H         SYMBOL        _ICE_DUMMY_
  D:0090H         PUBLIC        P1
  D:00A0H         PUBLIC        P2
  D:00B0H         PUBLIC        P3
BL51 BANKED LINKER/LOCATER V6.22                                                      08/01/2019  14:46:40  PAGE 5


  B:00A8H.7       PUBLIC        EA
  B:0090H.5       PUBLIC        RightMotor_EN
  D:00A8H         PUBLIC        IE
  B:0090H.4       PUBLIC        LeftMotor_EN
  D:00B8H         PUBLIC        IP
  D:000CH         PUBLIC        PWM_T
  D:0098H         PUBLIC        SCON
  D:0089H         PUBLIC        TMOD
  D:0088H         PUBLIC        TCON
  C:005CH         PUBLIC        tm0_isr
  B:00A8H.1       PUBLIC        ET0
  C:011BH         PUBLIC        Timer0Init
  D:008CH         PUBLIC        TH0
  D:008AH         PUBLIC        TL0
  B:0088H.4       PUBLIC        TR0
  C:0003H         PUBLIC        IntRegInit
  D:00C8H         PUBLIC        T2CON
  D:00D0H         PUBLIC        PSW
  -------         PROC          INTREGINIT
  C:0003H         LINE#         12
  C:0003H         LINE#         13
  C:0003H         LINE#         14
  C:0005H         LINE#         15
  C:0007H         LINE#         16
  -------         ENDPROC       INTREGINIT
  -------         PROC          TIMER0INIT
  C:011BH         LINE#         18
  C:011BH         LINE#         19
  C:011BH         LINE#         20
  C:011EH         LINE#         21
  C:0121H         LINE#         22
  C:0124H         LINE#         23
  C:0126H         LINE#         24
  -------         ENDPROC       TIMER0INIT
  -------         PROC          TM0_ISR
  C:005CH         LINE#         27
  C:0060H         LINE#         29
  C:0065H         LINE#         30
  C:0065H         LINE#         31
  C:0068H         LINE#         32
  C:0068H         LINE#         33
  C:006FH         LINE#         34
  C:006FH         LINE#         35
  C:0071H         LINE#         36
  C:0071H         LINE#         37
  C:0078H         LINE#         38
  C:0078H         LINE#         39
  C:007AH         LINE#         40
  C:007AH         LINE#         41
  C:0081H         LINE#         42
  C:0081H         LINE#         43
  C:0083H         LINE#         44
  C:0083H         LINE#         45
  C:008AH         LINE#         46
  C:008AH         LINE#         47
  C:008CH         LINE#         48
  C:008CH         LINE#         49
BL51 BANKED LINKER/LOCATER V6.22                                                      08/01/2019  14:46:40  PAGE 6


  C:008EH         LINE#         50
  -------         ENDPROC       TM0_ISR
  -------         ENDMOD        TIMER_ISR

  -------         MODULE        DELAY
  C:0000H         SYMBOL        _ICE_DUMMY_
  D:0090H         PUBLIC        P1
  D:00A0H         PUBLIC        P2
  D:00B0H         PUBLIC        P3
  C:00AFH         PUBLIC        _Delay1ms
  D:00A8H         PUBLIC        IE
  D:00B8H         PUBLIC        IP
  D:0098H         PUBLIC        SCON
  D:0088H         PUBLIC        TCON
  D:00C8H         PUBLIC        T2CON
  D:00D0H         PUBLIC        PSW
  -------         PROC          _DELAY1MS
  D:0006H         SYMBOL        ms
  -------         DO            
  D:0004H         SYMBOL        i
  -------         ENDDO         
  C:00AFH         LINE#         10
  C:00AFH         LINE#         11
  C:00AFH         LINE#         13
  C:00AFH         LINE#         14
  C:00B3H         LINE#         15
  C:00BCH         LINE#         16
  C:00C5H         LINE#         17
  -------         ENDPROC       _DELAY1MS
  -------         ENDMOD        DELAY

  -------         MODULE        APP
  C:0000H         SYMBOL        _ICE_DUMMY_
  D:0090H         PUBLIC        P1
  D:00A0H         PUBLIC        P2
  B:00B0H.4       PUBLIC        AvoidSensorLeft
  D:00B0H         PUBLIC        P3
  D:00A8H         PUBLIC        IE
  D:00B8H         PUBLIC        IP
  C:000EH         PUBLIC        IR_Avoid4
  D:0098H         PUBLIC        SCON
  D:0088H         PUBLIC        TCON
  D:00C8H         PUBLIC        T2CON
  B:00B0H.5       PUBLIC        AvoidSensorRight
  D:00D0H         PUBLIC        PSW
  -------         PROC          IR_AVOID4
  C:000EH         LINE#         14
  C:000EH         LINE#         15
  C:000EH         LINE#         16
  C:0014H         LINE#         18
  C:0014H         LINE#         19
  C:001BH         LINE#         20
  C:0021H         LINE#         22
  C:0021H         LINE#         23
  C:0028H         LINE#         24
  C:002EH         LINE#         26
  C:002EH         LINE#         27
BL51 BANKED LINKER/LOCATER V6.22                                                      08/01/2019  14:46:40  PAGE 7


  C:0031H         LINE#         28
  C:0038H         LINE#         29
  C:003FH         LINE#         30
  C:0046H         LINE#         31
  C:004DH         LINE#         32
  C:0054H         LINE#         33
  C:0054H         LINE#         34
  C:0054H         LINE#         35
  C:005BH         LINE#         36
  C:005BH         LINE#         37
  -------         ENDPROC       IR_AVOID4
  -------         ENDMOD        APP

Program Size: data=14.0 xdata=0 code=313
LINK/LOCATE RUN COMPLETE.  0 WARNING(S),  0 ERROR(S)
