C51 COMPILER V9.00   APP                                                                   08/01/2019 14:53:55 PAGE 1   


C51 COMPILER V9.00, COMPILATION OF MODULE APP
OBJECT MODULE PLACED IN ..\output\app.obj
COMPILER INVOKED BY: C:\Keil\C51\BIN\C51.EXE ..\source\app.c BROWSE DEBUG OBJECTEXTEND PRINT(.\app.lst) OBJECT(..\output
                    -\app.obj)

line level    source

   1          #include "config.h"
   2          #include "timer_ISR.h"
   3          #include "Delay.h"
   4          #include "motor.h"
   5          #include "app.h"
   6          #include "main.h"
   7          
   8          /*====================================
   9          函数名  ：IR_Avoid1
  10          参数    ：无
  11          返回值  ：无
  12          描述    ：智能小车红外避障-基础版
  13          ====================================*/
  14          //void IR_Avoid1()
  15          //{
  16          //      if(AvoidSensorLeft == 0)
  17          //      {
  18          //              SmartCarRight(LeftSpeed, RightSpeed);//右转     
  19          //      }else
  20          //      {
  21          //              SmartCarForward(LeftSpeed, RightSpeed);//前进   
  22          //      }
  23          //}
  24          /*====================================
  25          函数名  ：IR_Avoid2
  26          参数    ：无
  27          返回值  ：无
  28          描述    ：智能小车红外避障-基础版
  29          ====================================*/
  30          //void IR_Avoid2()
  31          //{
  32          //      if(UAvoidSensorLeft == 0)
  33          //      {
  34          //              SmartCarRight(LeftSpeed, RightSpeed);//右转     
  35          //      }else if(UAvoidSensorRight == 0)
  36          //      {
  37          //              SmartCarLeft(LeftSpeed, RightSpeed);//左转              
  38          //      }else
  39          //      {
  40          //              SmartCarForward(LeftSpeed, RightSpeed);//前进   
  41          //      }
  42          //}
  43          
  44          /*====================================
  45          函数名  ：IR_Follow
  46          参数    ：无
  47          返回值  ：无
  48          描述    ：智能小车红外避障-物体跟随
  49          ====================================*/
  50          void IR_Follow()
  51          {
  52   1              if((FollowSensorLeft == 0) && (FollowSensorRight == 0)) //左右红外传感器都检测到物体，智能小车前进
  53   1              {
  54   2                      SmartCarForward(LeftSpeed, RightSpeed);//前进
C51 COMPILER V9.00   APP                                                                   08/01/2019 14:53:55 PAGE 2   

  55   2              }else if((FollowSensorLeft == 1) && (FollowSensorRight == 0))//左边未识别到障碍物并且右边识别到，智能小车
             -右转
  56   1              {
  57   2                      SmartCarRight(LeftSpeed, RightSpeed);//右转                     
  58   2              }else if((FollowSensorLeft == 0) && (FollowSensorRight == 1))//左边识别到障碍物并且右边未识别到，智能小车
             -左转
  59   1              {
  60   2                      SmartCarLeft(LeftSpeed, RightSpeed);//左转      
  61   2              }else if((FollowSensorLeft == 1) && (FollowSensorRight == 1))//左右都未识别到障碍物，智能小车停车
  62   1              {
  63   2                      SmartCarStops();
  64   2              }
  65   1      }
  66          
  67          /*====================================
  68          函数名  ：IR_Tracking
  69          参数    ：无
  70          返回值  ：无
  71          描述    ：智能小车红外循迹
  72          ====================================*/
  73          //void IR_Tracking()
  74          //{
  75          //              /*1为识别到黑线*/
  76          //      if((TrackSensorLeft == 1) && (TrackSensorRight == 1))
  77          //      {       
  78          //              SmartCarForward(LeftSpeed, RightSpeed);//前进   
  79          //      }else if((TrackSensorLeft == 0) && (TrackSensorRight == 1))
  80          //      {
  81          //              SmartCarRight(200, RightSpeed);//右转
  82          //      }else if((TrackSensorLeft == 1) && (TrackSensorRight == 0))
  83          //      {
  84          //
  85          //              SmartCarLeft(LeftSpeed, 200);//左转     
  86          //      }
  87          //}


MODULE INFORMATION:   STATIC OVERLAYABLE
   CODE SIZE        =     49    ----
   CONSTANT SIZE    =   ----    ----
   XDATA SIZE       =   ----    ----
   PDATA SIZE       =   ----    ----
   DATA SIZE        =   ----    ----
   IDATA SIZE       =   ----    ----
   BIT SIZE         =   ----    ----
END OF MODULE INFORMATION.


C51 COMPILATION COMPLETE.  0 WARNING(S),  0 ERROR(S)
