C51 COMPILER V9.00   APP                                                                   07/27/2019 15:45:09 PAGE 1   


C51 COMPILER V9.00, COMPILATION OF MODULE APP
OBJECT MODULE PLACED IN ..\output\app.obj
COMPILER INVOKED BY: C:\Keil\C51\BIN\C51.EXE ..\source\app.c BROWSE DEBUG OBJECTEXTEND PRINT(.\app.lst) OBJECT(..\output
                    -\app.obj)

line level    source

   1          #include "config.h"
   2          #include "timer_ISR.h"
   3          #include "Delay.h"
   4          #include "motor.h"
   5          #include "app.h"
   6          #include "main.h"
   7          
   8          
   9          /*====================================
  10          函数名  ：IR_Avoid
  11          参数    ：无
  12          返回值  ：无
  13          描述    ：智能小车红外避障
  14          ====================================*/
  15          //void IR_Avoid()
  16          //{
  17          //      if(UAvoidSensorLeft == 0)
  18          //      {
  19          //              SmartCarRight(LeftSpeed, RightSpeed);//右转     
  20          //      }else if(UAvoidSensorRight == 0)
  21          //      {
  22          //              SmartCarLeft(LeftSpeed, RightSpeed);//左转              
  23          //      }else
  24          //      {
  25          //              SmartCarForward(LeftSpeed, RightSpeed);//前进   
  26          //      }
  27          //}
  28          
  29          /*====================================
  30          函数名  ：IR_Tracking
  31          参数    ：无
  32          返回值  ：无
  33          描述    ：智能小车红外循迹
  34          ====================================*/
  35          void IR_Tracking()
  36          {
  37   1                      /*1为识别到黑线*/
  38   1              if((TrackSensorLeft == 1) && (TrackSensorRight == 1))
  39   1              {       
  40   2                      SmartCarForward(LeftSpeed, RightSpeed);//前进   
  41   2              }else if((TrackSensorLeft == 0) && (TrackSensorRight == 1))
  42   1              {
  43   2                      SmartCarRight(255, RightSpeed);//右转
  44   2              }else if((TrackSensorLeft == 1) && (TrackSensorRight == 0))
  45   1              {
  46   2      
  47   2                      SmartCarLeft(LeftSpeed, 255);//左转     
  48   2              }
  49   1      }


MODULE INFORMATION:   STATIC OVERLAYABLE
   CODE SIZE        =     40    ----
   CONSTANT SIZE    =   ----    ----
C51 COMPILER V9.00   APP                                                                   07/27/2019 15:45:09 PAGE 2   

   XDATA SIZE       =   ----    ----
   PDATA SIZE       =   ----    ----
   DATA SIZE        =   ----    ----
   IDATA SIZE       =   ----    ----
   BIT SIZE         =   ----    ----
END OF MODULE INFORMATION.


C51 COMPILATION COMPLETE.  0 WARNING(S),  0 ERROR(S)
