C51 COMPILER V9.00   APP                                                                   08/01/2019 10:16:35 PAGE 1   


C51 COMPILER V9.00, COMPILATION OF MODULE APP
OBJECT MODULE PLACED IN ..\output\app.obj
COMPILER INVOKED BY: C:\Keil\C51\BIN\C51.EXE ..\source\app.c BROWSE DEBUG OBJECTEXTEND PRINT(.\app.lst) OBJECT(..\output
                    -\app.obj)

line level    source

   1          #include "config.h"
   2          #include "timer_ISR.h"
   3          #include "Delay.h"
   4          #include "motor.h"
   5          #include "app.h"
   6          #include "main.h"
   7          
   8          
   9          /*====================================
  10          函数名  ：IR_Avoid
  11          参数    ：无
  12          返回值  ：无
  13          描述    ：智能小车红外避障
  14          ====================================*/
  15          //void IR_Avoid()
  16          //{
  17          //      if(UAvoidSensorLeft == 0)
  18          //      {
  19          //              SmartCarRight(LeftSpeed, RightSpeed);//右转     
  20          //      }else if(UAvoidSensorRight == 0)
  21          //      {
  22          //              SmartCarLeft(LeftSpeed, RightSpeed);//左转              
  23          //      }else
  24          //      {
  25          //              SmartCarForward(LeftSpeed, RightSpeed);//前进   
  26          //      }
  27          //}
  28          
  29          /*====================================
  30          函数名  ：IR_Avoid1
  31          参数    ：无
  32          返回值  ：无
  33          描述    ：智能小车红外避障-贴圆边行驶
  34          ====================================*/
  35          void IR_Avoid1()
  36          {
  37   1              if(AvoidSensorLeft == 0)
  38   1              {
  39   2                      SmartCarRight(100, RightSpeed);//右转   
  40   2              }else
  41   1              {
  42   2                      SmartCarForward(LeftSpeed, RightSpeed);//前进   
  43   2              }
  44   1      }
  45          
  46          /*====================================
  47          函数名  ：IR_Tracking
  48          参数    ：无
  49          返回值  ：无
  50          描述    ：智能小车红外循迹
  51          ====================================*/
  52          //void IR_Tracking()
  53          //{
  54          //              /*1为识别到黑线*/
C51 COMPILER V9.00   APP                                                                   08/01/2019 10:16:35 PAGE 2   

  55          //      if((TrackSensorLeft == 1) && (TrackSensorRight == 1))
  56          //      {       
  57          //              SmartCarForward(LeftSpeed, RightSpeed);//前进   
  58          //      }else if((TrackSensorLeft == 0) && (TrackSensorRight == 1))
  59          //      {
  60          //              SmartCarRight(200, RightSpeed);//右转
  61          //      }else if((TrackSensorLeft == 1) && (TrackSensorRight == 0))
  62          //      {
  63          //
  64          //              SmartCarLeft(LeftSpeed, 200);//左转     
  65          //      }
  66          //}


MODULE INFORMATION:   STATIC OVERLAYABLE
   CODE SIZE        =     16    ----
   CONSTANT SIZE    =   ----    ----
   XDATA SIZE       =   ----    ----
   PDATA SIZE       =   ----    ----
   DATA SIZE        =   ----    ----
   IDATA SIZE       =   ----    ----
   BIT SIZE         =   ----    ----
END OF MODULE INFORMATION.


C51 COMPILATION COMPLETE.  0 WARNING(S),  0 ERROR(S)
