BL51 BANKED LINKER/LOCATER V6.22                                                        08/01/2019  10:16:35  PAGE 1


BL51 BANKED LINKER/LOCATER V6.22, INVOKED BY:
C:\KEIL\C51\BIN\BL51.EXE ..\output\main.obj, ..\output\motor.obj, ..\output\timer_ISR.obj, ..\output\Delay.obj, ..\outpu
>> t\app.obj TO ..\output\template PRINT (.\template.m51) RAMSIZE (256)


MEMORY MODEL: SMALL


INPUT MODULES INCLUDED:
  ..\output\main.obj (MAIN)
  ..\output\motor.obj (MOTOR)
  ..\output\timer_ISR.obj (TIMER_ISR)
  ..\output\Delay.obj (DELAY)
  ..\output\app.obj (APP)
  C:\KEIL\C51\LIB\C51S.LIB (?C_STARTUP)


LINK MAP OF MODULE:  ..\output\template (MAIN)


            TYPE    BASE      LENGTH    RELOCATION   SEGMENT NAME
            -----------------------------------------------------

            * * * * * * *   D A T A   M E M O R Y   * * * * * * *
            REG     0000H     0008H     ABSOLUTE     "REG BANK 0"
            DATA    0008H     0002H     UNIT         ?DT?MAIN
            DATA    000AH     0002H     UNIT         ?DT?MOTOR
            DATA    000CH     0001H     UNIT         ?DT?TIMER_ISR
            IDATA   000DH     0001H     UNIT         ?STACK

            * * * * * * *   C O D E   M E M O R Y   * * * * * * *
            CODE    0000H     0003H     ABSOLUTE     
            CODE    0003H     0005H     UNIT         ?PR?INTREGINIT?TIMER_ISR
                    0008H     0003H                  *** GAP ***
            CODE    000BH     0003H     ABSOLUTE     
            CODE    000EH     0037H     UNIT         ?PR?TM0_ISR?TIMER_ISR
            CODE    0045H     001CH     UNIT         ?PR?KEYSCAN?MAIN
            CODE    0061H     0017H     UNIT         ?PR?_DELAY1MS?DELAY
            CODE    0078H     0014H     UNIT         ?PR?MAIN?MAIN
            CODE    008CH     0010H     UNIT         ?PR?IR_AVOID1?APP
            CODE    009CH     000DH     UNIT         ?PR?_SMARTCARFORWARD?MOTOR
            CODE    00A9H     000DH     UNIT         ?PR?_SMARTCARRIGHT?MOTOR
            CODE    00B6H     000CH     UNIT         ?PR?TIMER0INIT?TIMER_ISR
            CODE    00C2H     000CH     UNIT         ?C_C51STARTUP



OVERLAY MAP OF MODULE:   ..\output\template (MAIN)


SEGMENT
  +--> CALLED SEGMENT
---------------------
?C_C51STARTUP
  +--> ?PR?MAIN?MAIN

?PR?MAIN?MAIN
  +--> ?PR?INTREGINIT?TIMER_ISR
BL51 BANKED LINKER/LOCATER V6.22                                                      08/01/2019  10:16:35  PAGE 2


  +--> ?PR?TIMER0INIT?TIMER_ISR
  +--> ?PR?KEYSCAN?MAIN
  +--> ?PR?IR_AVOID1?APP

?PR?KEYSCAN?MAIN
  +--> ?PR?_DELAY1MS?DELAY

?PR?IR_AVOID1?APP
  +--> ?PR?_SMARTCARRIGHT?MOTOR
  +--> ?PR?_SMARTCARFORWARD?MOTOR



SYMBOL TABLE OF MODULE:  ..\output\template (MAIN)

  VALUE           TYPE          NAME
  ----------------------------------

  -------         MODULE        MAIN
  C:0000H         SYMBOL        _ICE_DUMMY_
  D:0090H         PUBLIC        P1
  D:0008H         PUBLIC        LeftSpeed
  D:00A0H         PUBLIC        P2
  D:00B0H         PUBLIC        P3
  D:00A8H         PUBLIC        IE
  D:00B8H         PUBLIC        IP
  C:0078H         PUBLIC        main
  D:0098H         PUBLIC        SCON
  D:0088H         PUBLIC        TCON
  B:00B0H.0       PUBLIC        KEY_S2
  B:00A0H.3       PUBLIC        BUZZER
  D:00C8H         PUBLIC        T2CON
  C:0045H         PUBLIC        keyscan
  D:0009H         PUBLIC        RightSpeed
  D:00D0H         PUBLIC        PSW
  -------         PROC          KEYSCAN
  C:0045H         LINE#         10
  C:0045H         LINE#         11
  C:0045H         LINE#         12
  C:0045H         LINE#         13
  C:0045H         LINE#         14
  C:0048H         LINE#         15
  C:0048H         LINE#         16
  C:004FH         LINE#         17
  C:0052H         LINE#         18
  C:0052H         LINE#         19
  C:0055H         LINE#         20
  C:0057H         LINE#         21
  C:005EH         LINE#         22
  C:0060H         LINE#         23
  C:0060H         LINE#         24
  C:0060H         LINE#         25
  C:0060H         LINE#         26
  C:0060H         LINE#         27
  -------         ENDPROC       KEYSCAN
  -------         PROC          MAIN
  C:0078H         LINE#         29
BL51 BANKED LINKER/LOCATER V6.22                                                      08/01/2019  10:16:35  PAGE 3


  C:0078H         LINE#         30
  C:0078H         LINE#         32
  C:007BH         LINE#         33
  C:007EH         LINE#         34
  C:0081H         LINE#         35
  C:0084H         LINE#         36
  C:0087H         LINE#         37
  C:0087H         LINE#         38
  C:0087H         LINE#         39
  C:008AH         LINE#         40
  -------         ENDPROC       MAIN
  -------         ENDMOD        MAIN

  -------         MODULE        MOTOR
  C:0000H         SYMBOL        _ICE_DUMMY_
  D:0090H         PUBLIC        P1
  D:00A0H         PUBLIC        P2
  D:00B0H         PUBLIC        P3
  D:000AH         PUBLIC        RightMotorSpeed
  D:00A8H         PUBLIC        IE
  D:000BH         PUBLIC        LeftMotorSpeed
  D:00B8H         PUBLIC        IP
  C:00A9H         PUBLIC        _SmartCarRight
  D:0098H         PUBLIC        SCON
  D:0088H         PUBLIC        TCON
  B:0090H.2       PUBLIC        IN1
  B:0090H.3       PUBLIC        IN2
  B:0090H.6       PUBLIC        IN3
  B:0090H.7       PUBLIC        IN4
  D:00C8H         PUBLIC        T2CON
  D:00D0H         PUBLIC        PSW
  C:009CH         PUBLIC        _SmartCarForward
  -------         PROC          _SMARTCARFORWARD
  D:0007H         SYMBOL        LeftSpeedVal
  D:0005H         SYMBOL        RightSpeedVal
  C:009CH         LINE#         14
  C:009CH         LINE#         15
  C:009CH         LINE#         16
  C:009EH         LINE#         17
  C:00A0H         LINE#         18
  C:00A4H         LINE#         19
  C:00A8H         LINE#         20
  -------         ENDPROC       _SMARTCARFORWARD
  -------         PROC          _SMARTCARRIGHT
  D:0007H         SYMBOL        LeftSpeedVal
  D:0005H         SYMBOL        RightSpeedVal
  C:00A9H         LINE#         67
  C:00A9H         LINE#         68
  C:00A9H         LINE#         69
  C:00ABH         LINE#         70
  C:00ADH         LINE#         71
  C:00B1H         LINE#         72
  C:00B5H         LINE#         73
  -------         ENDPROC       _SMARTCARRIGHT
  -------         ENDMOD        MOTOR

  -------         MODULE        TIMER_ISR
BL51 BANKED LINKER/LOCATER V6.22                                                      08/01/2019  10:16:35  PAGE 4


  C:0000H         SYMBOL        _ICE_DUMMY_
  D:0090H         PUBLIC        P1
  D:00A0H         PUBLIC        P2
  D:00B0H         PUBLIC        P3
  B:00A8H.7       PUBLIC        EA
  B:0090H.5       PUBLIC        RightMotor_EN
  D:00A8H         PUBLIC        IE
  B:0090H.4       PUBLIC        LeftMotor_EN
  D:00B8H         PUBLIC        IP
  D:000CH         PUBLIC        PWM_T
  D:0098H         PUBLIC        SCON
  D:0089H         PUBLIC        TMOD
  D:0088H         PUBLIC        TCON
  C:000EH         PUBLIC        tm0_isr
  B:00A8H.1       PUBLIC        ET0
  C:00B6H         PUBLIC        Timer0Init
  D:008CH         PUBLIC        TH0
  D:008AH         PUBLIC        TL0
  B:0088H.4       PUBLIC        TR0
  C:0003H         PUBLIC        IntRegInit
  D:00C8H         PUBLIC        T2CON
  D:00D0H         PUBLIC        PSW
  -------         PROC          INTREGINIT
  C:0003H         LINE#         12
  C:0003H         LINE#         13
  C:0003H         LINE#         14
  C:0005H         LINE#         15
  C:0007H         LINE#         16
  -------         ENDPROC       INTREGINIT
  -------         PROC          TIMER0INIT
  C:00B6H         LINE#         18
  C:00B6H         LINE#         19
  C:00B6H         LINE#         20
  C:00B9H         LINE#         21
  C:00BCH         LINE#         22
  C:00BFH         LINE#         23
  C:00C1H         LINE#         24
  -------         ENDPROC       TIMER0INIT
  -------         PROC          TM0_ISR
  C:000EH         LINE#         27
  C:0012H         LINE#         29
  C:0017H         LINE#         30
  C:0017H         LINE#         31
  C:001AH         LINE#         32
  C:001AH         LINE#         33
  C:0021H         LINE#         34
  C:0021H         LINE#         35
  C:0023H         LINE#         36
  C:0023H         LINE#         37
  C:002AH         LINE#         38
  C:002AH         LINE#         39
  C:002CH         LINE#         40
  C:002CH         LINE#         41
  C:0033H         LINE#         42
  C:0033H         LINE#         43
  C:0035H         LINE#         44
  C:0035H         LINE#         45
BL51 BANKED LINKER/LOCATER V6.22                                                      08/01/2019  10:16:35  PAGE 5


  C:003CH         LINE#         46
  C:003CH         LINE#         47
  C:003EH         LINE#         48
  C:003EH         LINE#         49
  C:0040H         LINE#         50
  -------         ENDPROC       TM0_ISR
  -------         ENDMOD        TIMER_ISR

  -------         MODULE        DELAY
  C:0000H         SYMBOL        _ICE_DUMMY_
  D:0090H         PUBLIC        P1
  D:00A0H         PUBLIC        P2
  D:00B0H         PUBLIC        P3
  C:0061H         PUBLIC        _Delay1ms
  D:00A8H         PUBLIC        IE
  D:00B8H         PUBLIC        IP
  D:0098H         PUBLIC        SCON
  D:0088H         PUBLIC        TCON
  D:00C8H         PUBLIC        T2CON
  D:00D0H         PUBLIC        PSW
  -------         PROC          _DELAY1MS
  D:0006H         SYMBOL        ms
  -------         DO            
  D:0004H         SYMBOL        i
  -------         ENDDO         
  C:0061H         LINE#         10
  C:0061H         LINE#         11
  C:0061H         LINE#         13
  C:0061H         LINE#         14
  C:0065H         LINE#         15
  C:006EH         LINE#         16
  C:0077H         LINE#         17
  -------         ENDPROC       _DELAY1MS
  -------         ENDMOD        DELAY

  -------         MODULE        APP
  C:0000H         SYMBOL        _ICE_DUMMY_
  D:0090H         PUBLIC        P1
  D:00A0H         PUBLIC        P2
  B:00B0H.4       PUBLIC        AvoidSensorLeft
  D:00B0H         PUBLIC        P3
  D:00A8H         PUBLIC        IE
  D:00B8H         PUBLIC        IP
  C:008CH         PUBLIC        IR_Avoid1
  D:0098H         PUBLIC        SCON
  D:0088H         PUBLIC        TCON
  D:00C8H         PUBLIC        T2CON
  D:00D0H         PUBLIC        PSW
  -------         PROC          IR_AVOID1
  C:008CH         LINE#         35
  C:008CH         LINE#         36
  C:008CH         LINE#         37
  C:0091H         LINE#         38
  C:0091H         LINE#         39
  C:0096H         LINE#         40
  C:0096H         LINE#         41
  C:0096H         LINE#         42
BL51 BANKED LINKER/LOCATER V6.22                                                      08/01/2019  10:16:35  PAGE 6


  C:009BH         LINE#         43
  C:009BH         LINE#         44
  -------         ENDPROC       IR_AVOID1
  -------         ENDMOD        APP

Program Size: data=14.0 xdata=0 code=203
LINK/LOCATE RUN COMPLETE.  0 WARNING(S),  0 ERROR(S)
