C51 COMPILER V9.00   DELAY                                                                 07/19/2019 16:21:33 PAGE 1   


C51 COMPILER V9.00, COMPILATION OF MODULE DELAY
OBJECT MODULE PLACED IN ..\output\Delay.obj
COMPILER INVOKED BY: C:\Keil\C51\BIN\C51.EXE ..\source\Delay.c BROWSE DEBUG OBJECTEXTEND PRINT(.\Delay.lst) OBJECT(..\ou
                    -tput\Delay.obj)

line level    source

   1          #include "config.h"
   2          #include "Delay.h"
   3          
   4          /*====================================
   5          函数名  ：Delay1ms(INT16U ms)
   6          参数    ：ms，毫秒延时形参
   7          返回值  ：无
   8          描述    ：12T 51单片机自适应主时钟毫秒级延时函数
   9          ====================================*/
  10          void Delay1ms(uint ms)
  11          {
  12   1           uint i;
  13   1               do{
  14   2                    i = MAIN_Fosc / 96000; 
  15   2                        while(--i);   //96T per loop
  16   2           }while(--ms);
  17   1      }
  18          
  19          /*舵机方波延时朝向小车正前方*/
  20          void Delay1550us()              //@11.0592MHz
  21          {
  22   1              unsigned char i, j;
  23   1      
  24   1              i = 3;
  25   1              j = 196;
  26   1              do
  27   1              {
  28   2                      while (--j);
  29   2              } while (--i);
  30   1      }
  31          
  32          void Delay18450us()             //@11.0592MHz
  33          {
  34   1              unsigned char i, j;
  35   1      
  36   1              _nop_();
  37   1              i = 34;
  38   1              j = 16;
  39   1              do
  40   1              {
  41   2                      while (--j);
  42   2              } while (--i);
  43   1      }
  44          /*舵机方波延时向小车右方*/
  45          void Delay600us()               //@11.0592MHz
  46          {
  47   1              unsigned char i, j;
  48   1      
  49   1              _nop_();
  50   1              i = 2;
  51   1              j = 15;
  52   1              do
  53   1              {
  54   2                      while (--j);
C51 COMPILER V9.00   DELAY                                                                 07/19/2019 16:21:33 PAGE 2   

  55   2              } while (--i);
  56   1      }
  57          void Delay19400us()             //@11.0592MHz
  58          {
  59   1              unsigned char i, j;
  60   1      
  61   1              _nop_();
  62   1              i = 35;
  63   1              j = 197;
  64   1              do
  65   1              {
  66   2                      while (--j);
  67   2              } while (--i);
  68   1      }
  69          /*舵机方波延时朝向小车左方*/
  70          void Delay17500us()             //@11.0592MHz
  71          {
  72   1              unsigned char i, j;
  73   1      
  74   1              i = 32;
  75   1              j = 93;
  76   1              do
  77   1              {
  78   2                      while (--j);
  79   2              } while (--i);
  80   1      }
  81          void Delay2500us()              //@11.0592MHz
  82          {
  83   1              unsigned char i, j;
  84   1      
  85   1              i = 5;
  86   1              j = 120;
  87   1              do
  88   1              {
  89   2                      while (--j);
  90   2              } while (--i);
  91   1      }


MODULE INFORMATION:   STATIC OVERLAYABLE
   CODE SIZE        =     80    ----
   CONSTANT SIZE    =   ----    ----
   XDATA SIZE       =   ----    ----
   PDATA SIZE       =   ----    ----
   DATA SIZE        =   ----    ----
   IDATA SIZE       =   ----    ----
   BIT SIZE         =   ----    ----
END OF MODULE INFORMATION.


C51 COMPILATION COMPLETE.  0 WARNING(S),  0 ERROR(S)
