C51 COMPILER V9.00   MAIN                                                                  07/24/2019 17:14:18 PAGE 1   


C51 COMPILER V9.00, COMPILATION OF MODULE MAIN
OBJECT MODULE PLACED IN ..\output\main.obj
COMPILER INVOKED BY: C:\Keil\C51\BIN\C51.EXE ..\source\main.c BROWSE DEBUG OBJECTEXTEND PRINT(.\main.lst) OBJECT(..\outp
                    -ut\main.obj)

line level    source

   1          #define  _MAIN_C
   2          #include "config.h"
   3          #include "timer_ISR.h"
   4          #include "motor.h"
   5          #include "main.h"
   6          
   7          void main()
   8          {
   9   1              IntRegInit();//中断寄存器初始化
  10   1              Timer0Init();//PWM调速初始化
  11   1              SmartCarForward(100, 130);//智能小车前进调节范围80-255,255最快
  12   1              while(1);
  13   1      } 


MODULE INFORMATION:   STATIC OVERLAYABLE
   CODE SIZE        =     15    ----
   CONSTANT SIZE    =   ----    ----
   XDATA SIZE       =   ----    ----
   PDATA SIZE       =   ----    ----
   DATA SIZE        =   ----    ----
   IDATA SIZE       =   ----    ----
   BIT SIZE         =   ----    ----
END OF MODULE INFORMATION.


C51 COMPILATION COMPLETE.  0 WARNING(S),  0 ERROR(S)
