C51 COMPILER V9.00   MAIN                                                                  08/02/2019 20:32:53 PAGE 1   


C51 COMPILER V9.00, COMPILATION OF MODULE MAIN
OBJECT MODULE PLACED IN ..\output\main.obj
COMPILER INVOKED BY: C:\Keil\C51\BIN\C51.EXE ..\source\main.c BROWSE DEBUG OBJECTEXTEND PRINT(.\main.lst) OBJECT(..\outp
                    -ut\main.obj)

line level    source

   1          /*
   2          * 【编写时间】： 2019年8月1日
   3          * 【作    者】： 清翔电子:01
   4          * 【版    本】： 1.0
   5          * 【网    站】： http://www.qxmcu.com/ 
   6          * 【淘宝店铺】： http://qxmcu.taobao.com/ 
   7          * 【实验平台】： QX-MCS51 单片机开发板 & QX-A51智能小车
   8          * 【外部晶振】： 11.0592mhz     
   9          * 【主控芯片】： STC89C52
  10          * 【编译环境】： Keil μVisio4
  11          * 【程序功能】： 循迹避障二合一
  12          * 【使用说明】： 按下S2按键后智能小车运行黑线循迹加避障
  13                                           当出现障碍物时，智能小车停车等待，障碍
  14                                           物移除后智能小车继续循迹。
  15          * 【注意事项】： 请勿把LCD1602插接在主控板上，循迹、超声波、马达控制的线需要接好
  16          */
  17          
  18          #define  _MAIN_C
  19          #include "config.h"
  20          #include "motor.h"
  21          #include "Delay.h"
  22          #include "timer_ISR.h"
  23          #include "ultrasonic.h"
  24          #include "app.h"
  25          #include "Servo.h"
  26          #include "main.h"
  27          
  28          uchar LeftSpeed, RightSpeed;//设置左右轮速度
  29          void keyscan()
  30          {
  31   1              for(;;) //死循环
  32   1              {
  33   2                      if(KEY_S2 == 0)// 实时检测S2按键是否被按下
  34   2                      {
  35   3                              Delay1ms(5); //软件消抖
  36   3                              if(KEY_S2 == 0)//再检测S2是否被按下
  37   3                              {
  38   4                                      while(!KEY_S2);//松手检测
  39   4                                      BUZZER_on;      //开启蜂鸣器
  40   4                                      Delay1ms(200);//200毫秒延时
  41   4                                      BUZZER_off;     //关闭蜂鸣器
  42   4                                      break;          //退出FOR死循环
  43   4                              }
  44   3                      }
  45   2              }       
  46   1      }
  47          
  48          void main()
  49          {
  50   1              LeftSpeed       = 110;//设置左轮速度
  51   1              RightSpeed      = 110;//设置右轮速度
  52   1              IntRegInit();//中断寄存器初始化
  53   1              Timer0Init();//PWM调速初始化
  54   1              Timer1Init();//初始化定时器
C51 COMPILER V9.00   MAIN                                                                  08/02/2019 20:32:53 PAGE 2   

  55   1              ServoFront(); //初始化舵机朝向
  56   1              keyscan();//按S2按键启动        
  57   1              while(1)
  58   1              {
  59   2                      TrackingAvoid(150);//循迹避障二合一，形参设置触发距离，单位：毫米
  60   2              }
  61   1      } 


MODULE INFORMATION:   STATIC OVERLAYABLE
   CODE SIZE        =     58    ----
   CONSTANT SIZE    =   ----    ----
   XDATA SIZE       =   ----    ----
   PDATA SIZE       =   ----    ----
   DATA SIZE        =      2    ----
   IDATA SIZE       =   ----    ----
   BIT SIZE         =   ----    ----
END OF MODULE INFORMATION.


C51 COMPILATION COMPLETE.  0 WARNING(S),  0 ERROR(S)
