BL51 BANKED LINKER/LOCATER V6.22                                                        08/02/2019  20:32:56  PAGE 1


BL51 BANKED LINKER/LOCATER V6.22, INVOKED BY:
C:\KEIL\C51\BIN\BL51.EXE ..\output\main.obj, ..\output\motor.obj, ..\output\timer_ISR.obj, ..\output\Delay.obj, ..\outpu
>> t\ultrasonic.obj, ..\output\app.obj, ..\output\servo.obj, ..\output\LCD1602.obj TO ..\output\template PRINT (.\templa
>> te.m51) RAMSIZE (256)


MEMORY MODEL: SMALL WITH FLOATING POINT ARITHMETIC


INPUT MODULES INCLUDED:
  ..\output\main.obj (MAIN)
  ..\output\motor.obj (MOTOR)
  ..\output\timer_ISR.obj (TIMER_ISR)
  ..\output\Delay.obj (DELAY)
  ..\output\ultrasonic.obj (ULTRASONIC)
  ..\output\app.obj (APP)
  ..\output\servo.obj (SERVO)
  ..\output\LCD1602.obj (LCD1602)
  C:\KEIL\C51\LIB\C51FPS.LIB (?C?FPMUL)
  C:\KEIL\C51\LIB\C51FPS.LIB (?C?FCAST)
  C:\KEIL\C51\LIB\C51FPS.LIB (?C?CASTF)
  C:\KEIL\C51\LIB\C51FPS.LIB (?C?FPGETOPN)
  C:\KEIL\C51\LIB\C51S.LIB (?C_STARTUP)
  C:\KEIL\C51\LIB\C51S.LIB (?C?CLDPTR)
  C:\KEIL\C51\LIB\C51S.LIB (?C?UIDIV)
  C:\KEIL\C51\LIB\C51S.LIB (?C?ILDOPTR)
  C:\KEIL\C51\LIB\C51S.LIB (?C?ISTOPTR)
  C:\KEIL\C51\LIB\C51S.LIB (?C?LNEG)
  C:\KEIL\C51\LIB\C51S.LIB (?C_INIT)


LINK MAP OF MODULE:  ..\output\template (MAIN)


            TYPE    BASE      LENGTH    RELOCATION   SEGMENT NAME
            -----------------------------------------------------

            * * * * * * *   D A T A   M E M O R Y   * * * * * * *
            REG     0000H     0008H     ABSOLUTE     "REG BANK 0"
            DATA    0008H     0014H     UNIT         ?DT?APP
            DATA    001CH     0003H     UNIT         ?DT?_LCD1602_DIS_STR?LCD1602
            DATA    001FH     0001H     UNIT         ?DT?TIMER_ISR
            BIT     0020H.0   0000H.1   UNIT         ?BI?APP
                    0020H.1   0000H.7                *** GAP ***
            DATA    0021H     0008H     UNIT         _DATA_GROUP_
            DATA    0029H     0007H     UNIT         ?DT?_BUBBLE?APP
            DATA    0030H     0002H     UNIT         ?DT?MAIN
            DATA    0032H     0002H     UNIT         ?DT?MOTOR
            DATA    0034H     0002H     UNIT         ?DT?_DISPDISTANCE?APP
            DATA    0036H     0002H     UNIT         ?DT?PTZ_AVOID?APP
            DATA    0038H     0001H     UNIT         ?DT?REFRESHDISTANCE?APP
            DATA    0039H     0001H     UNIT         ?DT?SERVOLEFT?SERVO
            DATA    003AH     0001H     UNIT         ?DT?SERVORIGHT?SERVO
            IDATA   003BH     0001H     UNIT         ?STACK

            * * * * * * *   C O D E   M E M O R Y   * * * * * * *
            CODE    0000H     0003H     ABSOLUTE     
            CODE    0003H     0007H     UNIT         ?PR?INTREGINIT?TIMER_ISR
BL51 BANKED LINKER/LOCATER V6.22                                                      08/02/2019  20:32:56  PAGE 2


                    000AH     0001H                  *** GAP ***
            CODE    000BH     0003H     ABSOLUTE     
            CODE    000EH     000DH     UNIT         ?PR?_SMARTCARFORWARD?MOTOR
            CODE    001BH     0003H     ABSOLUTE     
            CODE    001EH     02A6H     UNIT         ?C?LIB_CODE
            CODE    02C4H     018FH     UNIT         ?PR?PTZ_AVOID?APP
            CODE    0453H     00B5H     UNIT         ?PR?_DISPDISTANCE?APP
            CODE    0508H     00B0H     UNIT         ?PR?_BUBBLE?APP
            CODE    05B8H     008CH     UNIT         ?C_C51STARTUP
            CODE    0644H     005DH     UNIT         ?PR?_TRACKINGAVOID?APP
            CODE    06A1H     0047H     UNIT         ?PR?REFRESHDISTANCE?APP
            CODE    06E8H     0045H     UNIT         ?PR?GETDISTANCE?ULTRASONIC
            CODE    072DH     0037H     UNIT         ?PR?TM0_ISR?TIMER_ISR
            CODE    0764H     002FH     UNIT         ?CO?APP
            CODE    0793H     0028H     UNIT         ?PR?IR_TRACKING?APP
            CODE    07BBH     0028H     UNIT         ?PR?_LCD1602_DIS_STR?LCD1602
            CODE    07E3H     0023H     UNIT         ?PR?SERVOFRONT?SERVO
            CODE    0806H     0023H     UNIT         ?PR?SERVOLEFT?SERVO
            CODE    0829H     0023H     UNIT         ?PR?SERVORIGHT?SERVO
            CODE    084CH     001FH     UNIT         ?C_INITSEG
            CODE    086BH     001EH     UNIT         ?PR?MAIN?MAIN
            CODE    0889H     001CH     UNIT         ?PR?KEYSCAN?MAIN
            CODE    08A5H     0018H     UNIT         ?PR?IR_AVOID?APP
            CODE    08BDH     0017H     UNIT         ?PR?_DELAY1MS?DELAY
            CODE    08D4H     0012H     UNIT         ?PR?READ_BUSY?LCD1602
            CODE    08E6H     0010H     UNIT         ?PR?_LCD1602_WRITE_CMD?LCD1602
            CODE    08F6H     0010H     UNIT         ?PR?_LCD1602_WRITE_DAT?LCD1602
            CODE    0906H     000FH     UNIT         ?PR?TRIGULTRASONIC?ULTRASONIC
            CODE    0915H     000DH     UNIT         ?PR?_SMARTCARBACK?MOTOR
            CODE    0922H     000DH     UNIT         ?PR?_SMARTCARLEFT?MOTOR
            CODE    092FH     000DH     UNIT         ?PR?_SMARTCARLEFTTURN?MOTOR
            CODE    093CH     000DH     UNIT         ?PR?_SMARTCARRIGHT?MOTOR
            CODE    0949H     000DH     UNIT         ?PR?_SMARTCARRIGHTTURN?MOTOR
            CODE    0956H     000CH     UNIT         ?PR?TIMER0INIT?TIMER_ISR
            CODE    0962H     000CH     UNIT         ?PR?_LCD1602_SET_CURSOR?LCD1602
            CODE    096EH     000AH     UNIT         ?PR?DELAY18450US?DELAY
            CODE    0978H     000AH     UNIT         ?PR?DELAY600US?DELAY
            CODE    0982H     000AH     UNIT         ?PR?DELAY19400US?DELAY
            CODE    098CH     000AH     UNIT         ?PR?_LCD1602_DIS_ONECHAR?LCD1602
            CODE    0996H     0009H     UNIT         ?PR?SMARTCARSTOPS?MOTOR
            CODE    099FH     0009H     UNIT         ?PR?TIMER1INIT?TIMER_ISR
            CODE    09A8H     0009H     UNIT         ?PR?DELAY1550US?DELAY
            CODE    09B1H     0009H     UNIT         ?PR?DELAY17500US?DELAY
            CODE    09BAH     0009H     UNIT         ?PR?DELAY2500US?DELAY
            CODE    09C3H     0005H     UNIT         ?PR?TM1_ISR?TIMER_ISR
            CODE    09C8H     0005H     UNIT         ?PR?DELAY15US?DELAY



OVERLAY MAP OF MODULE:   ..\output\template (MAIN)


SEGMENT                                    DATA_GROUP 
  +--> CALLED SEGMENT                    START    LENGTH
--------------------------------------------------------
?C_C51STARTUP                            -----    -----
  +--> ?PR?MAIN?MAIN
BL51 BANKED LINKER/LOCATER V6.22                                                      08/02/2019  20:32:56  PAGE 3


  +--> ?C_INITSEG

?PR?MAIN?MAIN                            -----    -----
  +--> ?PR?INTREGINIT?TIMER_ISR
  +--> ?PR?TIMER0INIT?TIMER_ISR
  +--> ?PR?TIMER1INIT?TIMER_ISR
  +--> ?PR?SERVOFRONT?SERVO
  +--> ?PR?KEYSCAN?MAIN
  +--> ?PR?_TRACKINGAVOID?APP

?PR?SERVOFRONT?SERVO                     0021H    0001H
  +--> ?PR?DELAY1550US?DELAY
  +--> ?PR?DELAY18450US?DELAY
  +--> ?PR?_DELAY1MS?DELAY

?PR?KEYSCAN?MAIN                         -----    -----
  +--> ?PR?_DELAY1MS?DELAY

?PR?_TRACKINGAVOID?APP                   0021H    0004H
  +--> ?PR?GETDISTANCE?ULTRASONIC
  +--> ?PR?SMARTCARSTOPS?MOTOR
  +--> ?PR?_DELAY1MS?DELAY
  +--> ?PR?_SMARTCARBACK?MOTOR
  +--> ?PR?IR_TRACKING?APP

?PR?GETDISTANCE?ULTRASONIC               0025H    0004H
  +--> ?PR?TRIGULTRASONIC?ULTRASONIC

?PR?TRIGULTRASONIC?ULTRASONIC            -----    -----
  +--> ?PR?DELAY15US?DELAY

?PR?IR_TRACKING?APP                      -----    -----
  +--> ?PR?_SMARTCARFORWARD?MOTOR
  +--> ?PR?_SMARTCARRIGHT?MOTOR
  +--> ?PR?_SMARTCARLEFT?MOTOR



SYMBOL TABLE OF MODULE:  ..\output\template (MAIN)

  VALUE           TYPE          NAME
  ----------------------------------

  -------         MODULE        MAIN
  C:0000H         SYMBOL        _ICE_DUMMY_
  D:0090H         PUBLIC        P1
  D:0030H         PUBLIC        LeftSpeed
  D:00A0H         PUBLIC        P2
  D:00B0H         PUBLIC        P3
  D:00A8H         PUBLIC        IE
  D:00B8H         PUBLIC        IP
  C:086BH         PUBLIC        main
  D:0098H         PUBLIC        SCON
  D:0088H         PUBLIC        TCON
  B:00B0H.0       PUBLIC        KEY_S2
  B:00A0H.3       PUBLIC        BUZZER
  D:00C8H         PUBLIC        T2CON
BL51 BANKED LINKER/LOCATER V6.22                                                      08/02/2019  20:32:56  PAGE 4


  C:0889H         PUBLIC        keyscan
  D:0031H         PUBLIC        RightSpeed
  D:00D0H         PUBLIC        PSW
  -------         PROC          KEYSCAN
  C:0889H         LINE#         29
  C:0889H         LINE#         30
  C:0889H         LINE#         31
  C:0889H         LINE#         32
  C:0889H         LINE#         33
  C:088CH         LINE#         34
  C:088CH         LINE#         35
  C:0893H         LINE#         36
  C:0896H         LINE#         37
  C:0896H         LINE#         38
  C:0899H         LINE#         39
  C:089BH         LINE#         40
  C:08A2H         LINE#         41
  C:08A4H         LINE#         42
  C:08A4H         LINE#         43
  C:08A4H         LINE#         44
  C:08A4H         LINE#         45
  C:08A4H         LINE#         46
  -------         ENDPROC       KEYSCAN
  -------         PROC          MAIN
  C:086BH         LINE#         48
  C:086BH         LINE#         49
  C:086BH         LINE#         50
  C:086EH         LINE#         51
  C:0871H         LINE#         52
  C:0874H         LINE#         53
  C:0877H         LINE#         54
  C:087AH         LINE#         55
  C:087DH         LINE#         56
  C:0880H         LINE#         57
  C:0880H         LINE#         58
  C:0880H         LINE#         59
  C:0887H         LINE#         60
  -------         ENDPROC       MAIN
  -------         ENDMOD        MAIN

  -------         MODULE        MOTOR
  C:0000H         SYMBOL        _ICE_DUMMY_
  D:0090H         PUBLIC        P1
  D:00A0H         PUBLIC        P2
  D:00B0H         PUBLIC        P3
  D:0032H         PUBLIC        RightMotorSpeed
  D:00A8H         PUBLIC        IE
  C:0915H         PUBLIC        _SmartCarBack
  D:0033H         PUBLIC        LeftMotorSpeed
  D:00B8H         PUBLIC        IP
  C:093CH         PUBLIC        _SmartCarRight
  C:0922H         PUBLIC        _SmartCarLeft
  D:0098H         PUBLIC        SCON
  D:0088H         PUBLIC        TCON
  C:0996H         PUBLIC        SmartCarStops
  B:0090H.2       PUBLIC        IN1
  B:0090H.3       PUBLIC        IN2
BL51 BANKED LINKER/LOCATER V6.22                                                      08/02/2019  20:32:56  PAGE 5


  B:0090H.6       PUBLIC        IN3
  B:0090H.7       PUBLIC        IN4
  C:0949H         PUBLIC        _SmartCarRightTurn
  C:092FH         PUBLIC        _SmartCarLeftTurn
  D:00C8H         PUBLIC        T2CON
  D:00D0H         PUBLIC        PSW
  C:000EH         PUBLIC        _SmartCarForward
  -------         PROC          _SMARTCARFORWARD
  D:0007H         SYMBOL        LeftSpeedVal
  D:0005H         SYMBOL        RightSpeedVal
  C:000EH         LINE#         14
  C:000EH         LINE#         15
  C:000EH         LINE#         16
  C:0010H         LINE#         17
  C:0012H         LINE#         18
  C:0016H         LINE#         19
  C:001AH         LINE#         20
  -------         ENDPROC       _SMARTCARFORWARD
  -------         PROC          _SMARTCARBACK
  D:0007H         SYMBOL        LeftSpeedVal
  D:0005H         SYMBOL        RightSpeedVal
  C:0915H         LINE#         29
  C:0915H         LINE#         30
  C:0915H         LINE#         31
  C:0917H         LINE#         32
  C:0919H         LINE#         33
  C:091DH         LINE#         34
  C:0921H         LINE#         35
  -------         ENDPROC       _SMARTCARBACK
  -------         PROC          _SMARTCARLEFT
  D:0007H         SYMBOL        LeftSpeedVal
  D:0005H         SYMBOL        RightSpeedVal
  C:0922H         LINE#         44
  C:0922H         LINE#         45
  C:0922H         LINE#         46
  C:0924H         LINE#         47
  C:0926H         LINE#         48
  C:092AH         LINE#         49
  C:092EH         LINE#         50
  -------         ENDPROC       _SMARTCARLEFT
  -------         PROC          _SMARTCARLEFTTURN
  D:0007H         SYMBOL        LeftSpeedVal
  D:0005H         SYMBOL        RightSpeedVal
  C:092FH         LINE#         52
  C:092FH         LINE#         53
  C:092FH         LINE#         54
  C:0931H         LINE#         55
  C:0933H         LINE#         56
  C:0937H         LINE#         57
  C:093BH         LINE#         58
  -------         ENDPROC       _SMARTCARLEFTTURN
  -------         PROC          _SMARTCARRIGHT
  D:0007H         SYMBOL        LeftSpeedVal
  D:0005H         SYMBOL        RightSpeedVal
  C:093CH         LINE#         67
  C:093CH         LINE#         68
  C:093CH         LINE#         69
BL51 BANKED LINKER/LOCATER V6.22                                                      08/02/2019  20:32:56  PAGE 6


  C:093EH         LINE#         70
  C:0940H         LINE#         71
  C:0944H         LINE#         72
  C:0948H         LINE#         73
  -------         ENDPROC       _SMARTCARRIGHT
  -------         PROC          _SMARTCARRIGHTTURN
  D:0007H         SYMBOL        LeftSpeedVal
  D:0005H         SYMBOL        RightSpeedVal
  C:0949H         LINE#         75
  C:0949H         LINE#         76
  C:0949H         LINE#         77
  C:094BH         LINE#         78
  C:094DH         LINE#         79
  C:0951H         LINE#         80
  C:0955H         LINE#         81
  -------         ENDPROC       _SMARTCARRIGHTTURN
  -------         PROC          SMARTCARSTOPS
  C:0996H         LINE#         88
  C:0996H         LINE#         89
  C:0996H         LINE#         90
  C:099AH         LINE#         91
  C:099EH         LINE#         92
  -------         ENDPROC       SMARTCARSTOPS
  -------         ENDMOD        MOTOR

  -------         MODULE        TIMER_ISR
  C:0000H         SYMBOL        _ICE_DUMMY_
  D:0090H         PUBLIC        P1
  D:00A0H         PUBLIC        P2
  D:00B0H         PUBLIC        P3
  B:00A8H.7       PUBLIC        EA
  B:0090H.5       PUBLIC        RightMotor_EN
  D:00A8H         PUBLIC        IE
  B:0090H.4       PUBLIC        LeftMotor_EN
  D:00B8H         PUBLIC        IP
  D:001FH         PUBLIC        PWM_T
  B:00A0H.0       PUBLIC        EchoPin
  D:0098H         PUBLIC        SCON
  D:0089H         PUBLIC        TMOD
  D:0088H         PUBLIC        TCON
  C:072DH         PUBLIC        tm0_isr
  C:09C3H         PUBLIC        tm1_isr
  B:00A8H.1       PUBLIC        ET0
  B:00A8H.3       PUBLIC        ET1
  C:0956H         PUBLIC        Timer0Init
  C:099FH         PUBLIC        Timer1Init
  D:008CH         PUBLIC        TH0
  D:008DH         PUBLIC        TH1
  D:008AH         PUBLIC        TL0
  D:008BH         PUBLIC        TL1
  B:0088H.4       PUBLIC        TR0
  C:0003H         PUBLIC        IntRegInit
  D:00C8H         PUBLIC        T2CON
  D:00D0H         PUBLIC        PSW
  -------         PROC          INTREGINIT
  C:0003H         LINE#         13
  C:0003H         LINE#         14
BL51 BANKED LINKER/LOCATER V6.22                                                      08/02/2019  20:32:56  PAGE 7


  C:0003H         LINE#         15
  C:0005H         LINE#         16
  C:0007H         LINE#         17
  C:0009H         LINE#         18
  -------         ENDPROC       INTREGINIT
  -------         PROC          TIMER0INIT
  C:0956H         LINE#         20
  C:0956H         LINE#         21
  C:0956H         LINE#         22
  C:0959H         LINE#         23
  C:095CH         LINE#         24
  C:095FH         LINE#         25
  C:0961H         LINE#         26
  -------         ENDPROC       TIMER0INIT
  -------         PROC          TIMER1INIT
  C:099FH         LINE#         29
  C:099FH         LINE#         30
  C:099FH         LINE#         31
  C:09A2H         LINE#         32
  C:09A5H         LINE#         33
  C:09A7H         LINE#         34
  -------         ENDPROC       TIMER1INIT
  -------         PROC          TM0_ISR
  C:072DH         LINE#         36
  C:0731H         LINE#         38
  C:0733H         LINE#         39
  C:0738H         LINE#         40
  C:0738H         LINE#         41
  C:073BH         LINE#         42
  C:073BH         LINE#         43
  C:0742H         LINE#         44
  C:0742H         LINE#         45
  C:0744H         LINE#         46
  C:0744H         LINE#         47
  C:074BH         LINE#         48
  C:074BH         LINE#         49
  C:074DH         LINE#         50
  C:074DH         LINE#         51
  C:0754H         LINE#         52
  C:0754H         LINE#         53
  C:0756H         LINE#         54
  C:0756H         LINE#         55
  C:075DH         LINE#         56
  C:075DH         LINE#         57
  C:075FH         LINE#         58
  C:075FH         LINE#         59
  -------         ENDPROC       TM0_ISR
  -------         PROC          TM1_ISR
  C:09C3H         LINE#         61
  C:09C3H         LINE#         63
  C:09C5H         LINE#         64
  C:09C7H         LINE#         65
  -------         ENDPROC       TM1_ISR
  -------         ENDMOD        TIMER_ISR

  -------         MODULE        DELAY
  C:0000H         SYMBOL        _ICE_DUMMY_
BL51 BANKED LINKER/LOCATER V6.22                                                      08/02/2019  20:32:56  PAGE 8


  D:0090H         PUBLIC        P1
  D:00A0H         PUBLIC        P2
  D:00B0H         PUBLIC        P3
  C:08BDH         PUBLIC        _Delay1ms
  D:00A8H         PUBLIC        IE
  D:00B8H         PUBLIC        IP
  C:09BAH         PUBLIC        Delay2500us
  C:09A8H         PUBLIC        Delay1550us
  D:0098H         PUBLIC        SCON
  D:0088H         PUBLIC        TCON
  C:09C8H         PUBLIC        Delay15us
  C:09B1H         PUBLIC        Delay17500us
  C:0982H         PUBLIC        Delay19400us
  C:096EH         PUBLIC        Delay18450us
  D:00C8H         PUBLIC        T2CON
  C:0978H         PUBLIC        Delay600us
  D:00D0H         PUBLIC        PSW
  -------         PROC          _DELAY1MS
  D:0006H         SYMBOL        ms
  -------         DO            
  D:0004H         SYMBOL        i
  -------         ENDDO         
  C:08BDH         LINE#         10
  C:08BDH         LINE#         11
  C:08BDH         LINE#         13
  C:08BDH         LINE#         14
  C:08C1H         LINE#         15
  C:08CAH         LINE#         16
  C:08D3H         LINE#         17
  -------         ENDPROC       _DELAY1MS
  -------         PROC          DELAY15US
  -------         DO            
  D:0007H         SYMBOL        i
  -------         ENDDO         
  C:09C8H         LINE#         19
  C:09C8H         LINE#         20
  C:09C8H         LINE#         23
  C:09CAH         LINE#         24
  C:09CCH         LINE#         25
  -------         ENDPROC       DELAY15US
  -------         PROC          DELAY1550US
  -------         DO            
  D:0007H         SYMBOL        i
  D:0006H         SYMBOL        j
  -------         ENDDO         
  C:09A8H         LINE#         29
  C:09A8H         LINE#         30
  C:09A8H         LINE#         33
  C:09AAH         LINE#         34
  C:09ACH         LINE#         36
  C:09ACH         LINE#         37
  C:09AEH         LINE#         38
  C:09B0H         LINE#         39
  -------         ENDPROC       DELAY1550US
  -------         PROC          DELAY18450US
  -------         DO            
  D:0007H         SYMBOL        i
BL51 BANKED LINKER/LOCATER V6.22                                                      08/02/2019  20:32:56  PAGE 9


  D:0006H         SYMBOL        j
  -------         ENDDO         
  C:096EH         LINE#         41
  C:096EH         LINE#         42
  C:096EH         LINE#         45
  C:096FH         LINE#         46
  C:0971H         LINE#         47
  C:0973H         LINE#         49
  C:0973H         LINE#         50
  C:0975H         LINE#         51
  C:0977H         LINE#         52
  -------         ENDPROC       DELAY18450US
  -------         PROC          DELAY600US
  -------         DO            
  D:0007H         SYMBOL        i
  D:0006H         SYMBOL        j
  -------         ENDDO         
  C:0978H         LINE#         54
  C:0978H         LINE#         55
  C:0978H         LINE#         58
  C:0979H         LINE#         59
  C:097BH         LINE#         60
  C:097DH         LINE#         62
  C:097DH         LINE#         63
  C:097FH         LINE#         64
  C:0981H         LINE#         65
  -------         ENDPROC       DELAY600US
  -------         PROC          DELAY19400US
  -------         DO            
  D:0007H         SYMBOL        i
  D:0006H         SYMBOL        j
  -------         ENDDO         
  C:0982H         LINE#         66
  C:0982H         LINE#         67
  C:0982H         LINE#         70
  C:0983H         LINE#         71
  C:0985H         LINE#         72
  C:0987H         LINE#         74
  C:0987H         LINE#         75
  C:0989H         LINE#         76
  C:098BH         LINE#         77
  -------         ENDPROC       DELAY19400US
  -------         PROC          DELAY17500US
  -------         DO            
  D:0007H         SYMBOL        i
  D:0006H         SYMBOL        j
  -------         ENDDO         
  C:09B1H         LINE#         79
  C:09B1H         LINE#         80
  C:09B1H         LINE#         83
  C:09B3H         LINE#         84
  C:09B5H         LINE#         86
  C:09B5H         LINE#         87
  C:09B7H         LINE#         88
  C:09B9H         LINE#         89
  -------         ENDPROC       DELAY17500US
  -------         PROC          DELAY2500US
BL51 BANKED LINKER/LOCATER V6.22                                                      08/02/2019  20:32:56  PAGE 10


  -------         DO            
  D:0007H         SYMBOL        i
  D:0006H         SYMBOL        j
  -------         ENDDO         
  C:09BAH         LINE#         90
  C:09BAH         LINE#         91
  C:09BAH         LINE#         94
  C:09BCH         LINE#         95
  C:09BEH         LINE#         97
  C:09BEH         LINE#         98
  C:09C0H         LINE#         99
  C:09C2H         LINE#         100
  -------         ENDPROC       DELAY2500US
  -------         ENDMOD        DELAY

  -------         MODULE        ULTRASONIC
  C:0000H         SYMBOL        _ICE_DUMMY_
  D:0090H         PUBLIC        P1
  D:00A0H         PUBLIC        P2
  D:00B0H         PUBLIC        P3
  D:00A8H         PUBLIC        IE
  D:00B8H         PUBLIC        IP
  B:00A0H.0       PUBLIC        EchoPin
  D:0098H         PUBLIC        SCON
  D:0088H         PUBLIC        TCON
  B:00A0H.1       PUBLIC        TrigPin
  C:0906H         PUBLIC        TrigUltrasonic
  D:008DH         PUBLIC        TH1
  D:008BH         PUBLIC        TL1
  C:06E8H         PUBLIC        GetDistance
  B:0088H.6       PUBLIC        TR1
  D:00C8H         PUBLIC        T2CON
  D:00D0H         PUBLIC        PSW
  -------         PROC          TRIGULTRASONIC
  C:0906H         LINE#         7
  C:0906H         LINE#         8
  C:0906H         LINE#         9
  C:0908H         LINE#         10
  C:0909H         LINE#         11
  C:090AH         LINE#         12
  C:090BH         LINE#         13
  C:090CH         LINE#         14
  C:090DH         LINE#         15
  C:090FH         LINE#         16
  C:0912H         LINE#         17
  C:0914H         LINE#         18
  -------         ENDPROC       TRIGULTRASONIC
  -------         PROC          GETDISTANCE
  -------         DO            
  D:0025H         SYMBOL        Distance
  D:0027H         SYMBOL        Time
  -------         ENDDO         
  C:06E8H         LINE#         28
  C:06E8H         LINE#         29
  C:06E8H         LINE#         30
  C:06EDH         LINE#         31
  C:06F1H         LINE#         32
BL51 BANKED LINKER/LOCATER V6.22                                                      08/02/2019  20:32:56  PAGE 11


  C:06F4H         LINE#         33
  C:06F7H         LINE#         34
  C:06F9H         LINE#         35
  C:06FCH         LINE#         36
  C:06FEH         LINE#         37
  C:070EH         LINE#         38
  C:0711H         LINE#         39
  C:0713H         LINE#         40
  C:072CH         LINE#         41
  C:072CH         LINE#         42
  -------         ENDPROC       GETDISTANCE
  -------         ENDMOD        ULTRASONIC

  -------         MODULE        APP
  C:0000H         SYMBOL        _ICE_DUMMY_
  D:0090H         PUBLIC        P1
  D:00A0H         PUBLIC        P2
  D:00B0H         PUBLIC        P3
  C:06A1H         PUBLIC        RefreshDistance
  B:00B0H.3       PUBLIC        TrackSensorLeft
  D:00A8H         PUBLIC        IE
  B:0020H.0       PUBLIC        Timer1Overflow
  D:00B8H         PUBLIC        IP
  C:0644H         PUBLIC        _TrackingAvoid
  D:0008H         PUBLIC        RightDistance
  C:0793H         PUBLIC        IR_Tracking
  D:0098H         PUBLIC        SCON
  D:000AH         PUBLIC        DistBuf
  D:0088H         PUBLIC        TCON
  D:0014H         PUBLIC        FrontDistance
  D:0016H         PUBLIC        LeftDistance
  C:0453H         PUBLIC        _DispDistance
  B:0090H.1       PUBLIC        UAvoidSensorRight
  C:02C4H         PUBLIC        PTZ_Avoid
  B:0090H.0       PUBLIC        UAvoidSensorLeft
  B:00A0H.3       PUBLIC        BUZZER
  D:0018H         PUBLIC        disbuff
  D:00C8H         PUBLIC        T2CON
  C:0786H         PUBLIC        ASCII
  C:0508H         PUBLIC        _bubble
  C:08A5H         PUBLIC        IR_Avoid
  B:00B0H.2       PUBLIC        TrackSensorRight
  D:00D0H         PUBLIC        PSW
  -------         PROC          _DISPDISTANCE
  D:0034H         SYMBOL        Val
  C:0453H         LINE#         24
  C:0457H         LINE#         25
  C:0457H         LINE#         26
  C:0465H         LINE#         27
  C:0465H         LINE#         28
  C:0467H         LINE#         29
  C:0474H         LINE#         30
  C:0474H         LINE#         32
  C:0474H         LINE#         34
  C:0481H         LINE#         35
  C:049BH         LINE#         36
  C:04B5H         LINE#         37
BL51 BANKED LINKER/LOCATER V6.22                                                      08/02/2019  20:32:56  PAGE 12


  C:04C2H         LINE#         38
  C:04CFH         LINE#         39
  C:04DDH         LINE#         40
  C:04EBH         LINE#         41
  C:04F9H         LINE#         42
  C:0507H         LINE#         43
  C:0507H         LINE#         44
  -------         ENDPROC       _DISPDISTANCE
  -------         PROC          _BUBBLE
  D:0001H         SYMBOL        a
  D:0029H         SYMBOL        n
  -------         DO            
  D:002AH         SYMBOL        i
  D:002CH         SYMBOL        j
  D:002EH         SYMBOL        temp
  -------         ENDDO         
  C:0508H         LINE#         46
  C:050AH         LINE#         47
  C:050AH         LINE#         49
  C:0524H         LINE#         50
  C:0524H         LINE#         51
  C:053AH         LINE#         52
  C:053AH         LINE#         53
  C:0564H         LINE#         54
  C:0564H         LINE#         55
  C:0568H         LINE#         56
  C:058BH         LINE#         57
  C:059FH         LINE#         58
  C:059FH         LINE#         59
  C:05A9H         LINE#         60
  C:05B7H         LINE#         62
  -------         ENDPROC       _BUBBLE
  -------         PROC          REFRESHDISTANCE
  -------         DO            
  D:0038H         SYMBOL        num
  D:0006H         SYMBOL        Dist
  -------         ENDDO         
  C:06A1H         LINE#         70
  C:06A1H         LINE#         71
  C:06A1H         LINE#         74
  C:06A4H         LINE#         75
  C:06A4H         LINE#         76
  C:06B3H         LINE#         77
  C:06BAH         LINE#         78
  C:06C3H         LINE#         79
  C:06CEH         LINE#         80
  C:06E7H         LINE#         81
  C:06E7H         LINE#         82
  -------         ENDPROC       REFRESHDISTANCE
  -------         PROC          IR_AVOID
  C:08A5H         LINE#         84
  C:08A5H         LINE#         85
  C:08A5H         LINE#         86
  C:08A8H         LINE#         87
  C:08A8H         LINE#         88
  C:08AFH         LINE#         89
  C:08B6H         LINE#         90
BL51 BANKED LINKER/LOCATER V6.22                                                      08/02/2019  20:32:56  PAGE 13


  C:08B6H         LINE#         91
  C:08B9H         LINE#         92
  C:08B9H         LINE#         93
  C:08B9H         LINE#         94
  C:08BCH         LINE#         95
  C:08BCH         LINE#         96
  -------         ENDPROC       IR_AVOID
  -------         PROC          IR_TRACKING
  C:0793H         LINE#         103
  C:0793H         LINE#         104
  C:0793H         LINE#         106
  C:0799H         LINE#         107
  C:0799H         LINE#         108
  C:07A0H         LINE#         109
  C:07A6H         LINE#         110
  C:07A6H         LINE#         111
  C:07ADH         LINE#         112
  C:07B3H         LINE#         113
  C:07B3H         LINE#         115
  C:07BAH         LINE#         116
  C:07BAH         LINE#         117
  -------         ENDPROC       IR_TRACKING
  -------         PROC          _TRACKINGAVOID
  D:0021H         SYMBOL        val
  -------         DO            
  D:0023H         SYMBOL        Dis
  -------         ENDDO         
  C:0644H         LINE#         126
  C:0648H         LINE#         127
  C:0648H         LINE#         129
  C:064FH         LINE#         130
  C:065AH         LINE#         131
  C:065AH         LINE#         132
  C:065AH         LINE#         133
  C:065CH         LINE#         134
  C:065FH         LINE#         135
  C:0666H         LINE#         136
  C:066DH         LINE#         137
  C:0678H         LINE#         138
  C:067AH         LINE#         139
  C:0680H         LINE#         140
  C:0680H         LINE#         141
  C:0687H         LINE#         142
  C:0687H         LINE#         143
  C:0687H         LINE#         145
  C:0687H         LINE#         146
  C:068CH         LINE#         147
  C:068CH         LINE#         148
  C:068FH         LINE#         149
  C:06A0H         LINE#         150
  C:06A0H         LINE#         151
  -------         ENDPROC       _TRACKINGAVOID
  -------         PROC          PTZ_AVOID
  -------         DO            
  D:0036H         SYMBOL        Dis
  -------         ENDDO         
  C:02C4H         LINE#         190
BL51 BANKED LINKER/LOCATER V6.22                                                      08/02/2019  20:32:56  PAGE 14


  C:02C4H         LINE#         191
  C:02C4H         LINE#         193
  C:02CBH         LINE#         194
  C:02D9H         LINE#         195
  C:02D9H         LINE#         196
  C:02E1H         LINE#         197
  C:02E8H         LINE#         198
  C:02EBH         LINE#         199
  C:02F2H         LINE#         202
  C:02F5H         LINE#         203
  C:02FCH         LINE#         204
  C:0304H         LINE#         205
  C:030BH         LINE#         206
  C:0312H         LINE#         209
  C:0315H         LINE#         210
  C:031CH         LINE#         211
  C:0324H         LINE#         212
  C:032BH         LINE#         213
  C:0332H         LINE#         216
  C:0335H         LINE#         217
  C:033CH         LINE#         218
  C:0344H         LINE#         219
  C:034BH         LINE#         220
  C:0352H         LINE#         221
  C:0373H         LINE#         222
  C:0373H         LINE#         223
  C:0373H         LINE#         224
  C:037AH         LINE#         225
  C:0381H         LINE#         227
  C:0384H         LINE#         228
  C:038BH         LINE#         229
  C:0393H         LINE#         230
  C:039AH         LINE#         231
  C:03A1H         LINE#         232
  C:03ACH         LINE#         233
  C:03B8H         LINE#         234
  C:03B8H         LINE#         235
  C:03C0H         LINE#         236
  C:03C7H         LINE#         237
  C:03CEH         LINE#         238
  C:03D5H         LINE#         239
  C:03D5H         LINE#         240
  C:03E2H         LINE#         241
  C:03E2H         LINE#         242
  C:03EAH         LINE#         243
  C:03F1H         LINE#         244
  C:03F8H         LINE#         245
  C:03FFH         LINE#         246
  C:0406H         LINE#         247
  C:041CH         LINE#         248
  C:041CH         LINE#         249
  C:0424H         LINE#         250
  C:042BH         LINE#         251
  C:0432H         LINE#         252
  C:0439H         LINE#         253
  C:0439H         LINE#         254
  C:0439H         LINE#         256
BL51 BANKED LINKER/LOCATER V6.22                                                      08/02/2019  20:32:56  PAGE 15


  C:0439H         LINE#         257
  C:043EH         LINE#         258
  C:043EH         LINE#         259
  C:0441H         LINE#         260
  C:0452H         LINE#         261
  C:0452H         LINE#         262
  -------         ENDPROC       PTZ_AVOID
  -------         ENDMOD        APP

  -------         MODULE        SERVO
  C:0000H         SYMBOL        _ICE_DUMMY_
  D:0090H         PUBLIC        P1
  D:00A0H         PUBLIC        P2
  D:00B0H         PUBLIC        P3
  B:00A8H.7       PUBLIC        EA
  D:00A8H         PUBLIC        IE
  C:0829H         PUBLIC        ServoRight
  D:00B8H         PUBLIC        IP
  C:07E3H         PUBLIC        ServoFront
  C:0806H         PUBLIC        ServoLeft
  D:0098H         PUBLIC        SCON
  D:0088H         PUBLIC        TCON
  B:00A0H.7       PUBLIC        ServoPin
  D:00C8H         PUBLIC        T2CON
  D:00D0H         PUBLIC        PSW
  -------         PROC          SERVOFRONT
  -------         DO            
  D:0021H         SYMBOL        i
  -------         ENDDO         
  C:07E3H         LINE#         10
  C:07E3H         LINE#         11
  C:07E3H         LINE#         13
  C:07E5H         LINE#         14
  C:07E8H         LINE#         15
  C:07E8H         LINE#         16
  C:07EAH         LINE#         17
  C:07EDH         LINE#         18
  C:07EFH         LINE#         19
  C:07F2H         LINE#         20
  C:07FDH         LINE#         21
  C:07FFH         LINE#         22
  -------         ENDPROC       SERVOFRONT
  -------         PROC          SERVOLEFT
  -------         DO            
  D:0039H         SYMBOL        i
  -------         ENDDO         
  C:0806H         LINE#         30
  C:0806H         LINE#         31
  C:0806H         LINE#         33
  C:0808H         LINE#         34
  C:080BH         LINE#         35
  C:080BH         LINE#         36
  C:080DH         LINE#         37
  C:0810H         LINE#         38
  C:0812H         LINE#         39
  C:0815H         LINE#         40
  C:0820H         LINE#         41
BL51 BANKED LINKER/LOCATER V6.22                                                      08/02/2019  20:32:56  PAGE 16


  C:0822H         LINE#         42
  -------         ENDPROC       SERVOLEFT
  -------         PROC          SERVORIGHT
  -------         DO            
  D:003AH         SYMBOL        i
  -------         ENDDO         
  C:0829H         LINE#         50
  C:0829H         LINE#         51
  C:0829H         LINE#         53
  C:082BH         LINE#         54
  C:082EH         LINE#         55
  C:082EH         LINE#         56
  C:0830H         LINE#         57
  C:0833H         LINE#         58
  C:0835H         LINE#         59
  C:0838H         LINE#         60
  C:0843H         LINE#         61
  C:0845H         LINE#         62
  -------         ENDPROC       SERVORIGHT
  -------         ENDMOD        SERVO

  -------         MODULE        LCD1602
  C:0000H         SYMBOL        _ICE_DUMMY_
  D:0080H         PUBLIC        P0
  D:0090H         PUBLIC        P1
  D:00A0H         PUBLIC        P2
  C:08E6H         PUBLIC        _LCD1602_Write_Cmd
  D:00B0H         PUBLIC        P3
  C:08D4H         PUBLIC        Read_Busy
  C:08F6H         PUBLIC        _LCD1602_Write_Dat
  D:00A8H         PUBLIC        IE
  C:0962H         PUBLIC        _LCD1602_Set_Cursor
  B:00B0H.4       PUBLIC        LCD1602_EN
  D:00B8H         PUBLIC        IP
  B:00B0H.5       PUBLIC        LCD1602_RS
  C:098CH         PUBLIC        _LCD1602_Dis_OneChar
  B:00B0H.6       PUBLIC        LCD1602_RW
  D:0098H         PUBLIC        SCON
  D:0088H         PUBLIC        TCON
  C:07BBH         PUBLIC        _LCD1602_Dis_Str
  D:00C8H         PUBLIC        T2CON
  D:00D0H         PUBLIC        PSW
  -------         PROC          READ_BUSY
  -------         DO            
  D:0007H         SYMBOL        busy
  -------         ENDDO         
  C:08D4H         LINE#         8
  C:08D4H         LINE#         9
  C:08D4H         LINE#         11
  C:08D7H         LINE#         12
  C:08D9H         LINE#         13
  C:08DBH         LINE#         15
  C:08DBH         LINE#         16
  C:08DDH         LINE#         17
  C:08DFH         LINE#         18
  C:08E1H         LINE#         19
  C:08E5H         LINE#         20
BL51 BANKED LINKER/LOCATER V6.22                                                      08/02/2019  20:32:56  PAGE 17


  -------         ENDPROC       READ_BUSY
  -------         PROC          _LCD1602_WRITE_CMD
  D:0006H         SYMBOL        cmd
  C:08E6H         LINE#         27
  C:08E8H         LINE#         28
  C:08E8H         LINE#         29
  C:08EBH         LINE#         30
  C:08EDH         LINE#         31
  C:08EFH         LINE#         32
  C:08F1H         LINE#         33
  C:08F3H         LINE#         34
  C:08F5H         LINE#         35
  -------         ENDPROC       _LCD1602_WRITE_CMD
  -------         PROC          _LCD1602_WRITE_DAT
  D:0006H         SYMBOL        dat
  C:08F6H         LINE#         42
  C:08F8H         LINE#         43
  C:08F8H         LINE#         44
  C:08FBH         LINE#         45
  C:08FDH         LINE#         46
  C:08FFH         LINE#         47
  C:0901H         LINE#         48
  C:0903H         LINE#         49
  C:0905H         LINE#         50
  -------         ENDPROC       _LCD1602_WRITE_DAT
  -------         PROC          _LCD1602_SET_CURSOR
  D:0007H         SYMBOL        x
  D:0005H         SYMBOL        y
  C:0962H         LINE#         81
  C:0962H         LINE#         82
  C:0962H         LINE#         83
  C:0968H         LINE#         84
  C:096BH         LINE#         85
  -------         ENDPROC       _LCD1602_SET_CURSOR
  -------         PROC          _LCD1602_DIS_ONECHAR
  D:0006H         SYMBOL        x
  D:0005H         SYMBOL        y
  D:0004H         SYMBOL        dat
  C:098CH         LINE#         94
  C:098EH         LINE#         95
  C:098EH         LINE#         96
  C:0991H         LINE#         97
  -------         ENDPROC       _LCD1602_DIS_ONECHAR
  -------         PROC          _LCD1602_DIS_STR
  D:0007H         SYMBOL        x
  D:0005H         SYMBOL        y
  D:001CH         SYMBOL        str
  C:07BBH         LINE#         106
  C:07C1H         LINE#         107
  C:07C1H         LINE#         108
  C:07C4H         LINE#         109
  C:07CFH         LINE#         110
  C:07CFH         LINE#         111
  C:07E0H         LINE#         112
  C:07E2H         LINE#         113
  -------         ENDPROC       _LCD1602_DIS_STR
  -------         ENDMOD        LCD1602
BL51 BANKED LINKER/LOCATER V6.22                                                      08/02/2019  20:32:56  PAGE 18



  -------         MODULE        ?C?FPMUL
  C:001EH         PUBLIC        ?C?FPMUL
  -------         ENDMOD        ?C?FPMUL

  -------         MODULE        ?C?FCAST
  C:012EH         PUBLIC        ?C?FCASTC
  C:0129H         PUBLIC        ?C?FCASTI
  C:0124H         PUBLIC        ?C?FCASTL
  -------         ENDMOD        ?C?FCAST

  -------         MODULE        ?C?CASTF
  C:0162H         PUBLIC        ?C?CASTF
  -------         ENDMOD        ?C?CASTF

  -------         MODULE        ?C?CLDPTR
  C:01E3H         PUBLIC        ?C?CLDPTR
  -------         ENDMOD        ?C?CLDPTR

  -------         MODULE        ?C?UIDIV
  C:01FCH         PUBLIC        ?C?UIDIV
  -------         ENDMOD        ?C?UIDIV

  -------         MODULE        ?C?ILDOPTR
  C:0251H         PUBLIC        ?C?ILDOPTR
  -------         ENDMOD        ?C?ILDOPTR

  -------         MODULE        ?C?ISTOPTR
  C:0289H         PUBLIC        ?C?ISTOPTR
  -------         ENDMOD        ?C?ISTOPTR

  -------         MODULE        ?C?LNEG
  C:02B6H         PUBLIC        ?C?LNEG
  -------         ENDMOD        ?C?LNEG

*** WARNING L16: UNCALLED SEGMENT, IGNORED FOR OVERLAY PROCESS
    SEGMENT: ?PR?PTZ_AVOID?APP

Program Size: data=59.1 xdata=0 code=2508
LINK/LOCATE RUN COMPLETE.  1 WARNING(S),  0 ERROR(S)
