C51 COMPILER V9.00   DELAY                                                                 07/25/2019 16:26:29 PAGE 1   


C51 COMPILER V9.00, COMPILATION OF MODULE DELAY
OBJECT MODULE PLACED IN ..\output\Delay.obj
COMPILER INVOKED BY: C:\Keil\C51\BIN\C51.EXE ..\source\Delay.c BROWSE DEBUG OBJECTEXTEND PRINT(.\Delay.lst) OBJECT(..\ou
                    -tput\Delay.obj)

line level    source

   1          #include "config.h"
   2          #include "Delay.h"
   3          
   4          /*====================================
   5          函数名  ：Delay1ms(INT16U ms)
   6          参数    ：ms，毫秒延时形参
   7          返回值  ：无
   8          描述    ：12T 51单片机自适应主时钟毫秒级延时函数
   9          ====================================*/
  10          void Delay1ms(uint ms)
  11          {
  12   1           uint i;
  13   1               do{
  14   2                    i = MAIN_Fosc / 96000; 
  15   2                        while(--i);   //96T per loop
  16   2           }while(--ms);
  17   1      }
  18          
  19          ///*舵机方波延时朝向小车正前方*/
  20          //void Delay1550us()            //@11.0592MHz
  21          //{
  22          //      unsigned char i, j;
  23          //
  24          //      i = 3;
  25          //      j = 196;
  26          //      do
  27          //      {
  28          //              while (--j);
  29          //      } while (--i);
  30          //}
  31          //
  32          //void Delay18450us()           //@11.0592MHz
  33          //{
  34          //      unsigned char i, j;
  35          //
  36          //      _nop_();
  37          //      i = 34;
  38          //      j = 16;
  39          //      do
  40          //      {
  41          //              while (--j);
  42          //      } while (--i);
  43          //}
  44          ///*舵机方波延时向小车右方*/
  45          //void Delay600us()             //@11.0592MHz
  46          //{
  47          //      unsigned char i, j;
  48          //
  49          //      _nop_();
  50          //      i = 2;
  51          //      j = 15;
  52          //      do
  53          //      {
  54          //              while (--j);
C51 COMPILER V9.00   DELAY                                                                 07/25/2019 16:26:29 PAGE 2   

  55          //      } while (--i);
  56          //}
  57          //void Delay19400us()           //@11.0592MHz
  58          //{
  59          //      unsigned char i, j;
  60          //
  61          //      _nop_();
  62          //      i = 35;
  63          //      j = 197;
  64          //      do
  65          //      {
  66          //              while (--j);
  67          //      } while (--i);
  68          //}
  69          ///*舵机方波延时朝向小车左方*/
  70          //void Delay17500us()           //@11.0592MHz
  71          //{
  72          //      unsigned char i, j;
  73          //
  74          //      i = 32;
  75          //      j = 93;
  76          //      do
  77          //      {
  78          //              while (--j);
  79          //      } while (--i);
  80          //}
  81          //void Delay2500us()            //@11.0592MHz
  82          //{
  83          //      unsigned char i, j;
  84          //
  85          //      i = 5;
  86          //      j = 120;
  87          //      do
  88          //      {
  89          //              while (--j);
  90          //      } while (--i);
  91          //}


MODULE INFORMATION:   STATIC OVERLAYABLE
   CODE SIZE        =     23    ----
   CONSTANT SIZE    =   ----    ----
   XDATA SIZE       =   ----    ----
   PDATA SIZE       =   ----    ----
   DATA SIZE        =   ----    ----
   IDATA SIZE       =   ----    ----
   BIT SIZE         =   ----    ----
END OF MODULE INFORMATION.


C51 COMPILATION COMPLETE.  0 WARNING(S),  0 ERROR(S)
