C51 COMPILER V9.00   APP                                                                   08/03/2019 20:49:44 PAGE 1   


C51 COMPILER V9.00, COMPILATION OF MODULE APP
OBJECT MODULE PLACED IN ..\output\app.obj
COMPILER INVOKED BY: C:\Keil\C51\BIN\C51.EXE ..\source\app.c BROWSE DEBUG OBJECTEXTEND PRINT(.\app.lst) OBJECT(..\output
                    -\app.obj)

line level    source

   1          #include "config.h"
   2          #include "timer_ISR.h"
   3          #include "LCD1602.h"
   4          #include "ultrasonic.h"
   5          #include "Delay.h"
   6          #include "motor.h"
   7          #include "Servo.h"
   8          #include "app.h"
   9          #include "main.h"
  10          
  11          bit Timer1Overflow;     //计数器1溢出标志位
  12          uchar code ASCII[13] = "0123456789";
  13          uchar disbuff[4]={0,0,0,0};//用于分别存放距离的值米，厘米，毫米
  14          uint LeftDistance = 0, RightDistance = 0, FrontDistance = 0; //云台测距距离缓存
  15          uint DistBuf[5] = {0};//distance data buffer
  16          
  17          /*====================================
  18          函数名  ：DispDistance(unsigned long Val)
  19          参数    ：距离
  20          返回值  ：无
  21          描述    ：LCD1602显示距离
  22          显示距离单位：毫米
  23          ====================================*/
  24          void DispDistance(unsigned int Val)
  25          {
  26   1              if((Val >= 5000) || (Timer1Overflow == 1))//超出测量范围
  27   1              {
  28   2                      Timer1Overflow = 0; //清除定时器溢出标志位
  29   2                      LCD1602_Dis_Str(0, 1, "!!! Out of range"); //LCD1602显示字符串  
  30   2              }
  31   1              else
  32   1              {
  33   2                      /*显示距离单位毫米*/
  34   2                      disbuff[0]=Val/1000; //距离数值千位
  35   2                      disbuff[1]=Val%1000/100;//距离数值百位
  36   2                      disbuff[2]=Val%100/10;//距离数值十位
  37   2                      disbuff[3]=Val%10; //距离数值个位
  38   2                      LCD1602_Dis_Str(0, 1, "Distance:0000 MM"); //显示：Distance:000.0cm
  39   2                  LCD1602_Dis_OneChar(9, 1,  ASCII[disbuff[0]]); //显示千位
  40   2                  LCD1602_Dis_OneChar(10, 1, ASCII[disbuff[1]]);      
  41   2                  LCD1602_Dis_OneChar(11, 1, ASCII[disbuff[2]]);      
  42   2                  LCD1602_Dis_OneChar(12, 1, ASCII[disbuff[3]]);                              
  43   2              }               
  44   1      }
  45          //冒泡排序
  46          void bubble(unsigned int *a,unsigned char n) /*定义两个参数：数组首地址与数组大小*/
  47          {
  48   1              unsigned int i,j,temp;  
  49   1              for(i = 0;i < n-1; i++) 
  50   1              {       
  51   2                      for(j = i + 1; j < n; j++) /*注意循环的上下限*/
  52   2                      {
  53   3                              if(a[i] > a[j])
  54   3                              {
C51 COMPILER V9.00   APP                                                                   08/03/2019 20:49:44 PAGE 2   

  55   4                                      temp = a[i];            
  56   4                                      a[i] = a[j];            
  57   4                                      a[j] = temp;                    
  58   4                              }
  59   3                      }
  60   2              }
  61   1      
  62   1      }
  63          /*====================================
  64          函数名  ：RefreshDistance
  65          参数    ：无
  66          返回值  ：经过冒泡排序后的距离
  67          描述    ：经过5次测距，去除最大值和最小值，取中间3次平均值
  68          距离单位：毫米
  69          ====================================*/
  70          unsigned int RefreshDistance()
  71          {
  72   1              uchar num;
  73   1              uint Dist;
  74   1              for(num=0; num<5; num++)
  75   1              {
  76   2                      DistBuf[num] = GetDistance();
  77   2                      Delay1ms(60);//测距周期不低于60毫秒     
  78   2              }
  79   1              bubble(DistBuf, 5);//
  80   1              Dist = (DistBuf[1]+DistBuf[2]+DistBuf[3])/3; //去掉最大和最小取中间平均值
  81   1              return(Dist);
  82   1      }
  83          /*红外避障*/
  84          void IR_Avoid()
  85          {
  86   1              if(UAvoidSensorLeft == 0)
  87   1              {
  88   2                      SmartCarRight(LeftSpeed, RightSpeed);//右转     
  89   2              }else if(UAvoidSensorRight == 0)
  90   1              {
  91   2                      SmartCarLeft(LeftSpeed, RightSpeed);//左转              
  92   2              }else
  93   1              {
  94   2                      SmartCarForward(LeftSpeed, RightSpeed);//前进   
  95   2              }
  96   1      }
  97          /*====================================
  98          函数名  ：IR_Tracking
  99          参数    ：无
 100          返回值  ：无
 101          描述    ：智能小车红外循迹
 102          ====================================*/
 103          void IR_Tracking()
 104          {
 105   1                      /*1为识别到黑线*/
 106   1              if((TrackSensorLeft == 1) && (TrackSensorRight == 1))
 107   1              {       
 108   2                      SmartCarForward(LeftSpeed, RightSpeed);//前进   
 109   2              }else if((TrackSensorLeft == 0) && (TrackSensorRight == 1))
 110   1              {
 111   2                      SmartCarRight(200, RightSpeed);//右转
 112   2              }else if((TrackSensorLeft == 1) && (TrackSensorRight == 0))
 113   1              {
 114   2      
 115   2                      SmartCarLeft(LeftSpeed, 200);//左转     
 116   2              }
C51 COMPILER V9.00   APP                                                                   08/03/2019 20:49:44 PAGE 3   

 117   1      }
 118          /*====================================
 119          函数名  ：IR_Follow
 120          参数    ：无
 121          返回值  ：无
 122          描述    ：智能小车红外避障-物体跟随
 123          ====================================*/
 124          void IR_Follow()
 125          {
 126   1              if((FollowSensorLeft == 0) && (FollowSensorRight == 0)) //左右红外传感器都检测到物体，智能小车前进
 127   1              {
 128   2                      SmartCarForward(LeftSpeed, RightSpeed);//前进
 129   2              }else if((FollowSensorLeft == 1) && (FollowSensorRight == 0))//左边未识别到障碍物并且右边识别到，智能小车
             -右转
 130   1              {
 131   2                      SmartCarRight(LeftSpeed, RightSpeed);//右转                     
 132   2              }else if((FollowSensorLeft == 0) && (FollowSensorRight == 1))//左边识别到障碍物并且右边未识别到，智能小车
             -左转
 133   1              {
 134   2                      SmartCarLeft(LeftSpeed, RightSpeed);//左转      
 135   2              }else if((FollowSensorLeft == 1) && (FollowSensorRight == 1))//左右都未识别到障碍物，智能小车停车
 136   1              {
 137   2                      SmartCarStops();
 138   2              }
 139   1      }
 140          /*====================================
 141          函数名  ：TrackingAvoid
 142          参数    ：val设置避障触发距离
 143          返回值  ：无
 144          描述    ：智能小车黑线循迹加避障，当出现障碍物时，智能小车停车等待
 145          障碍物移除后智能小车继续循迹
 146          距离单位：毫米
 147          ====================================*/
 148          void TrackingAvoid(uint val)
 149          {
 150   1              uint Dis;//距离暂存变量
 151   1              Dis = GetDistance();//获取超声波测距距离,单位：毫米
 152   1              if(Dis < val)
 153   1              {       
 154   2                      do{
 155   3                              BUZZER_on;//开启蜂鸣器
 156   3                              SmartCarStops();        //停车
 157   3                              Delay1ms(60);
 158   3                              Dis = GetDistance();//获取超声波测距距离,单位：毫米
 159   3                      }while(Dis < val);
 160   2                      BUZZER_off;//关闭蜂鸣器
 161   2                      if((TrackSensorLeft == 0) && (TrackSensorRight == 0))
 162   2                      {
 163   3                              SmartCarBack(80, 80);//如果左右都出线了执行后退，回到黑线上
 164   3                      }
 165   2              }
 166   1              else
 167   1              {
 168   2                      for(Dis=0; Dis<1800; Dis++)//测距周期不低于60ms 这里借用Dis变量做循环
 169   2                      {
 170   3                              IR_Tracking();//红外循迹
 171   3                      }
 172   2              }
 173   1      }
 174          
 175          /*====================================
 176          函数名  ：FollowAvoid
C51 COMPILER V9.00   APP                                                                   08/03/2019 20:49:44 PAGE 4   

 177          参数    ：val设置停车触发距离
 178          返回值  ：无
 179          描述    ：智能小车执行物体跟随过程中与
 180                            被跟随物体距离过近停车，直到
 181                            超出预设安全距离后才继续前进。
 182          距离单位：毫米
 183          ====================================*/
 184          void FollowAvoid(uint val)
 185          {
 186   1              uint Dis;//距离暂存变量
 187   1              Dis = GetDistance();//获取超声波测距距离,单位：毫米
 188   1              if(Dis < val)
 189   1              {       
 190   2                      do{
 191   3                              BUZZER_on;//开启蜂鸣器
 192   3                              SmartCarStops();        //停车
 193   3                              Delay1ms(60);
 194   3                              Dis = GetDistance();//获取超声波测距距离,单位：毫米
 195   3                      }while(Dis < val);
 196   2                      BUZZER_off;//关闭蜂鸣器
 197   2              }
 198   1              else
 199   1              {
 200   2                      for(Dis=0; Dis<1800; Dis++)//测距周期不低于60ms 这里借用Dis变量做循环
 201   2                      {
 202   3                              IR_Follow();//红外物体跟随
 203   3                      }
 204   2              }
 205   1      }
 206          /*====================================
 207          函数名  ：UltrasonicAvoid
 208          参数    ：val设置避障触发距离
 209          返回值  ：无
 210          描述    ：智能小车超声波避障
 211          距离单位：毫米
 212          ====================================*/
 213          //void UltrasonicAvoid(uint val)
 214          //{
 215          //      uint Dis;//距离暂存变量
 216          //      Dis = GetDistance();//获取超声波测距距离,单位：毫米
 217          //      LCD1602_Dis_OneChar(0, 0, 'F'); //F表示前方距离
 218          //      DispDistance(Dis);//LCD1602显示超声波测距距离
 219          //      if(Dis < val)
 220          //      {       
 221          //              SmartCarStops();        //停车
 222          //              Delay1ms(100);
 223          //              SmartCarBack(LeftSpeed, RightSpeed);//后退
 224          //              Delay1ms(50);//延时50ms
 225          //              SmartCarLeftTurn(LeftSpeed, RightSpeed);//原地左转
 226          //              Delay1ms(100);//延时100ms
 227          //      }
 228          //      else
 229          //      {
 230          //              for(Dis=0; Dis<1800; Dis++)//测距周期不低于60ms 这里借用Dis变量做循环
 231          //              {
 232          //                      IR_Avoid();//红外避障
 233          //              }
 234          //      }
 235          //
 236          //}
 237          /*====================================
 238          函数名  ：PTZ_Avoid
C51 COMPILER V9.00   APP                                                                   08/03/2019 20:49:44 PAGE 5   

 239          参数    ：无
 240          返回值  ：小车车头前方距离
 241          描述    ：智能小车舵机云台避障
 242          距离单位：毫米
 243          ====================================*/
 244          void PTZ_Avoid()
 245          {
 246   1              uint Dis;//距离暂存变量
 247   1              Dis = GetDistance();//获取超声波测距距离,单位：毫米
 248   1              if(Dis < 300)
 249   1              {
 250   2                      LCD1602_Dis_OneChar(0, 0, 'D');
 251   2                      DispDistance(Dis);//LCD1602显示超声波测距距离   
 252   2                      SmartCarStops();        //停车
 253   2                      Delay1ms(100);
 254   2      
 255   2                      /*舵机左转测距*/
 256   2                      ServoLeft();
 257   2                      LeftDistance = RefreshDistance();
 258   2                      LCD1602_Dis_OneChar(0, 0, 'L');
 259   2                      DispDistance(LeftDistance);//LCD1602显示超声波测距距离
 260   2                      Delay1ms(100);
 261   2      
 262   2                      /*舵机右转测距*/
 263   2                      ServoRight();
 264   2                      RightDistance = RefreshDistance();
 265   2                      LCD1602_Dis_OneChar(0, 0, 'R');
 266   2                      DispDistance(RightDistance);//LCD1602显示超声波测距距离
 267   2                      Delay1ms(100);
 268   2      
 269   2                      /*舵机正前方测距*/
 270   2                      ServoFront();
 271   2                      FrontDistance = RefreshDistance();
 272   2                      LCD1602_Dis_OneChar(0, 0, 'F');
 273   2                      DispDistance(FrontDistance);//LCD1602显示超声波测距距离
 274   2                      Delay1ms(100);
 275   2                      if((FrontDistance<100) && (LeftDistance<100) && (RightDistance<100))
 276   2                      {
 277   3                              do{
 278   4                                      SmartCarLeftTurn(255, 255);//原地左转
 279   4                                      Delay1ms(50);
 280   4                                      /*舵机正前方测距*/
 281   4                                      ServoFront();
 282   4                                      Dis = RefreshDistance();
 283   4                                      LCD1602_Dis_OneChar(0, 0, 'D');
 284   4                                      DispDistance(Dis);//LCD1602显示超声波测距距离
 285   4                                      Delay1ms(100);          
 286   4                              }while(Dis < 200);
 287   3                      }else if(LeftDistance > RightDistance)
 288   2                      {
 289   3                              LCD1602_Dis_OneChar(0, 0, 'L');
 290   3                              DispDistance(LeftDistance);//LCD1602显示超声波测距距离
 291   3                              Delay1ms(100);
 292   3                              SmartCarLeftTurn(255, 255);//原地左转
 293   3                              Delay1ms(80);           
 294   3                      }else if(RightDistance > LeftDistance)
 295   2                      {
 296   3                              LCD1602_Dis_OneChar(0, 0, 'R');
 297   3                              DispDistance(RightDistance);//LCD1602显示超声波测距距离
 298   3                              Delay1ms(100);
 299   3                              SmartCarRightTurn(255, 255);//原地右转
 300   3                              Delay1ms(80);   
C51 COMPILER V9.00   APP                                                                   08/03/2019 20:49:44 PAGE 6   

 301   3                      }else if((FrontDistance>LeftDistance) && (FrontDistance>RightDistance))
 302   2                      {
 303   3                              LCD1602_Dis_OneChar(0, 0, 'F');
 304   3                              DispDistance(FrontDistance);//LCD1602显示超声波测距距离
 305   3                              Delay1ms(100);
 306   3                              SmartCarForward(LeftSpeed, RightSpeed);//前进
 307   3                      }               
 308   2              }
 309   1              else
 310   1              {
 311   2                      for(Dis=0; Dis<1800; Dis++)//测距周期不低于60ms 这里借用Dis变量做循环
 312   2                      {
 313   3                              IR_Avoid();//红外避障
 314   3                      }
 315   2              }                       
 316   1      }
 317          


MODULE INFORMATION:   STATIC OVERLAYABLE
   CODE SIZE        =   1114    ----
   CONSTANT SIZE    =     47    ----
   XDATA SIZE       =   ----    ----
   PDATA SIZE       =   ----    ----
   DATA SIZE        =     20      20
   IDATA SIZE       =   ----    ----
   BIT SIZE         =      1    ----
END OF MODULE INFORMATION.


C51 COMPILATION COMPLETE.  0 WARNING(S),  0 ERROR(S)
