BL51 BANKED LINKER/LOCATER V6.22                                                        08/03/2019  20:49:46  PAGE 1


BL51 BANKED LINKER/LOCATER V6.22, INVOKED BY:
C:\KEIL\C51\BIN\BL51.EXE ..\output\main.obj, ..\output\motor.obj, ..\output\timer_ISR.obj, ..\output\Delay.obj, ..\outpu
>> t\ultrasonic.obj, ..\output\app.obj, ..\output\servo.obj, ..\output\LCD1602.obj TO ..\output\template PRINT (.\templa
>> te.m51) RAMSIZE (256)


MEMORY MODEL: SMALL WITH FLOATING POINT ARITHMETIC


INPUT MODULES INCLUDED:
  ..\output\main.obj (MAIN)
  ..\output\motor.obj (MOTOR)
  ..\output\timer_ISR.obj (TIMER_ISR)
  ..\output\Delay.obj (DELAY)
  ..\output\ultrasonic.obj (ULTRASONIC)
  ..\output\app.obj (APP)
  ..\output\servo.obj (SERVO)
  ..\output\LCD1602.obj (LCD1602)
  C:\KEIL\C51\LIB\C51FPS.LIB (?C?FPMUL)
  C:\KEIL\C51\LIB\C51FPS.LIB (?C?FCAST)
  C:\KEIL\C51\LIB\C51FPS.LIB (?C?CASTF)
  C:\KEIL\C51\LIB\C51FPS.LIB (?C?FPGETOPN)
  C:\KEIL\C51\LIB\C51S.LIB (?C_STARTUP)
  C:\KEIL\C51\LIB\C51S.LIB (?C?CLDPTR)
  C:\KEIL\C51\LIB\C51S.LIB (?C?UIDIV)
  C:\KEIL\C51\LIB\C51S.LIB (?C?ILDOPTR)
  C:\KEIL\C51\LIB\C51S.LIB (?C?ISTOPTR)
  C:\KEIL\C51\LIB\C51S.LIB (?C?LNEG)
  C:\KEIL\C51\LIB\C51S.LIB (?C_INIT)


LINK MAP OF MODULE:  ..\output\template (MAIN)


            TYPE    BASE      LENGTH    RELOCATION   SEGMENT NAME
            -----------------------------------------------------

            * * * * * * *   D A T A   M E M O R Y   * * * * * * *
            REG     0000H     0008H     ABSOLUTE     "REG BANK 0"
            DATA    0008H     0014H     UNIT         ?DT?APP
            DATA    001CH     0004H     UNIT         ?DT?_TRACKINGAVOID?APP
            BIT     0020H.0   0000H.1   UNIT         ?BI?APP
                    0020H.1   0000H.7                *** GAP ***
            DATA    0021H     0008H     UNIT         _DATA_GROUP_
            DATA    0029H     0007H     UNIT         ?DT?_BUBBLE?APP
            DATA    0030H     0003H     UNIT         ?DT?_LCD1602_DIS_STR?LCD1602
            DATA    0033H     0002H     UNIT         ?DT?MAIN
            DATA    0035H     0002H     UNIT         ?DT?MOTOR
            DATA    0037H     0002H     UNIT         ?DT?_DISPDISTANCE?APP
            DATA    0039H     0002H     UNIT         ?DT?PTZ_AVOID?APP
            DATA    003BH     0001H     UNIT         ?DT?TIMER_ISR
            DATA    003CH     0001H     UNIT         ?DT?REFRESHDISTANCE?APP
            DATA    003DH     0001H     UNIT         ?DT?SERVOLEFT?SERVO
            DATA    003EH     0001H     UNIT         ?DT?SERVORIGHT?SERVO
            IDATA   003FH     0001H     UNIT         ?STACK

            * * * * * * *   C O D E   M E M O R Y   * * * * * * *
            CODE    0000H     0003H     ABSOLUTE     
BL51 BANKED LINKER/LOCATER V6.22                                                      08/03/2019  20:49:46  PAGE 2


            CODE    0003H     0007H     UNIT         ?PR?INTREGINIT?TIMER_ISR
                    000AH     0001H                  *** GAP ***
            CODE    000BH     0003H     ABSOLUTE     
            CODE    000EH     000DH     UNIT         ?PR?_SMARTCARFORWARD?MOTOR
            CODE    001BH     0003H     ABSOLUTE     
            CODE    001EH     02A6H     UNIT         ?C?LIB_CODE
            CODE    02C4H     018FH     UNIT         ?PR?PTZ_AVOID?APP
            CODE    0453H     00B5H     UNIT         ?PR?_DISPDISTANCE?APP
            CODE    0508H     00B0H     UNIT         ?PR?_BUBBLE?APP
            CODE    05B8H     008CH     UNIT         ?C_C51STARTUP
            CODE    0644H     005DH     UNIT         ?PR?_TRACKINGAVOID?APP
            CODE    06A1H     0051H     UNIT         ?PR?_FOLLOWAVOID?APP
            CODE    06F2H     0047H     UNIT         ?PR?REFRESHDISTANCE?APP
            CODE    0739H     0045H     UNIT         ?PR?GETDISTANCE?ULTRASONIC
            CODE    077EH     0037H     UNIT         ?PR?TM0_ISR?TIMER_ISR
            CODE    07B5H     0031H     UNIT         ?PR?IR_FOLLOW?APP
            CODE    07E6H     002FH     UNIT         ?CO?APP
            CODE    0815H     0028H     UNIT         ?PR?IR_TRACKING?APP
            CODE    083DH     0028H     UNIT         ?PR?_LCD1602_DIS_STR?LCD1602
            CODE    0865H     0023H     UNIT         ?PR?SERVOFRONT?SERVO
            CODE    0888H     0023H     UNIT         ?PR?SERVOLEFT?SERVO
            CODE    08ABH     0023H     UNIT         ?PR?SERVORIGHT?SERVO
            CODE    08CEH     001FH     UNIT         ?C_INITSEG
            CODE    08EDH     001EH     UNIT         ?PR?MAIN?MAIN
            CODE    090BH     001CH     UNIT         ?PR?KEYSCAN?MAIN
            CODE    0927H     0018H     UNIT         ?PR?IR_AVOID?APP
            CODE    093FH     0017H     UNIT         ?PR?_DELAY1MS?DELAY
            CODE    0956H     0012H     UNIT         ?PR?READ_BUSY?LCD1602
            CODE    0968H     0010H     UNIT         ?PR?_LCD1602_WRITE_CMD?LCD1602
            CODE    0978H     0010H     UNIT         ?PR?_LCD1602_WRITE_DAT?LCD1602
            CODE    0988H     000FH     UNIT         ?PR?TRIGULTRASONIC?ULTRASONIC
            CODE    0997H     000DH     UNIT         ?PR?_SMARTCARBACK?MOTOR
            CODE    09A4H     000DH     UNIT         ?PR?_SMARTCARLEFT?MOTOR
            CODE    09B1H     000DH     UNIT         ?PR?_SMARTCARLEFTTURN?MOTOR
            CODE    09BEH     000DH     UNIT         ?PR?_SMARTCARRIGHT?MOTOR
            CODE    09CBH     000DH     UNIT         ?PR?_SMARTCARRIGHTTURN?MOTOR
            CODE    09D8H     000CH     UNIT         ?PR?TIMER0INIT?TIMER_ISR
            CODE    09E4H     000CH     UNIT         ?PR?_LCD1602_SET_CURSOR?LCD1602
            CODE    09F0H     000AH     UNIT         ?PR?DELAY18450US?DELAY
            CODE    09FAH     000AH     UNIT         ?PR?DELAY600US?DELAY
            CODE    0A04H     000AH     UNIT         ?PR?DELAY19400US?DELAY
            CODE    0A0EH     000AH     UNIT         ?PR?_LCD1602_DIS_ONECHAR?LCD1602
            CODE    0A18H     0009H     UNIT         ?PR?SMARTCARSTOPS?MOTOR
            CODE    0A21H     0009H     UNIT         ?PR?TIMER1INIT?TIMER_ISR
            CODE    0A2AH     0009H     UNIT         ?PR?DELAY1550US?DELAY
            CODE    0A33H     0009H     UNIT         ?PR?DELAY17500US?DELAY
            CODE    0A3CH     0009H     UNIT         ?PR?DELAY2500US?DELAY
            CODE    0A45H     0005H     UNIT         ?PR?TM1_ISR?TIMER_ISR
            CODE    0A4AH     0005H     UNIT         ?PR?DELAY15US?DELAY



OVERLAY MAP OF MODULE:   ..\output\template (MAIN)


SEGMENT                                    DATA_GROUP 
  +--> CALLED SEGMENT                    START    LENGTH
BL51 BANKED LINKER/LOCATER V6.22                                                      08/03/2019  20:49:46  PAGE 3


--------------------------------------------------------
?C_C51STARTUP                            -----    -----
  +--> ?PR?MAIN?MAIN
  +--> ?C_INITSEG

?PR?MAIN?MAIN                            -----    -----
  +--> ?PR?INTREGINIT?TIMER_ISR
  +--> ?PR?TIMER0INIT?TIMER_ISR
  +--> ?PR?TIMER1INIT?TIMER_ISR
  +--> ?PR?SERVOFRONT?SERVO
  +--> ?PR?KEYSCAN?MAIN
  +--> ?PR?_FOLLOWAVOID?APP

?PR?SERVOFRONT?SERVO                     0021H    0001H
  +--> ?PR?DELAY1550US?DELAY
  +--> ?PR?DELAY18450US?DELAY
  +--> ?PR?_DELAY1MS?DELAY

?PR?KEYSCAN?MAIN                         -----    -----
  +--> ?PR?_DELAY1MS?DELAY

?PR?_FOLLOWAVOID?APP                     0021H    0004H
  +--> ?PR?GETDISTANCE?ULTRASONIC
  +--> ?PR?SMARTCARSTOPS?MOTOR
  +--> ?PR?_DELAY1MS?DELAY
  +--> ?PR?IR_FOLLOW?APP

?PR?GETDISTANCE?ULTRASONIC               0025H    0004H
  +--> ?PR?TRIGULTRASONIC?ULTRASONIC

?PR?TRIGULTRASONIC?ULTRASONIC            -----    -----
  +--> ?PR?DELAY15US?DELAY

?PR?IR_FOLLOW?APP                        -----    -----
  +--> ?PR?_SMARTCARFORWARD?MOTOR
  +--> ?PR?_SMARTCARRIGHT?MOTOR
  +--> ?PR?_SMARTCARLEFT?MOTOR
  +--> ?PR?SMARTCARSTOPS?MOTOR



SYMBOL TABLE OF MODULE:  ..\output\template (MAIN)

  VALUE           TYPE          NAME
  ----------------------------------

  -------         MODULE        MAIN
  C:0000H         SYMBOL        _ICE_DUMMY_
  D:0090H         PUBLIC        P1
  D:0033H         PUBLIC        LeftSpeed
  D:00A0H         PUBLIC        P2
  D:00B0H         PUBLIC        P3
  D:00A8H         PUBLIC        IE
  D:00B8H         PUBLIC        IP
  C:08EDH         PUBLIC        main
  D:0098H         PUBLIC        SCON
  D:0088H         PUBLIC        TCON
BL51 BANKED LINKER/LOCATER V6.22                                                      08/03/2019  20:49:46  PAGE 4


  B:00B0H.0       PUBLIC        KEY_S2
  B:00A0H.3       PUBLIC        BUZZER
  D:00C8H         PUBLIC        T2CON
  C:090BH         PUBLIC        keyscan
  D:0034H         PUBLIC        RightSpeed
  D:00D0H         PUBLIC        PSW
  -------         PROC          KEYSCAN
  C:090BH         LINE#         29
  C:090BH         LINE#         30
  C:090BH         LINE#         31
  C:090BH         LINE#         32
  C:090BH         LINE#         33
  C:090EH         LINE#         34
  C:090EH         LINE#         35
  C:0915H         LINE#         36
  C:0918H         LINE#         37
  C:0918H         LINE#         38
  C:091BH         LINE#         39
  C:091DH         LINE#         40
  C:0924H         LINE#         41
  C:0926H         LINE#         42
  C:0926H         LINE#         43
  C:0926H         LINE#         44
  C:0926H         LINE#         45
  C:0926H         LINE#         46
  -------         ENDPROC       KEYSCAN
  -------         PROC          MAIN
  C:08EDH         LINE#         48
  C:08EDH         LINE#         49
  C:08EDH         LINE#         50
  C:08F0H         LINE#         51
  C:08F3H         LINE#         52
  C:08F6H         LINE#         53
  C:08F9H         LINE#         54
  C:08FCH         LINE#         55
  C:08FFH         LINE#         56
  C:0902H         LINE#         57
  C:0902H         LINE#         58
  C:0902H         LINE#         59
  C:0909H         LINE#         60
  -------         ENDPROC       MAIN
  -------         ENDMOD        MAIN

  -------         MODULE        MOTOR
  C:0000H         SYMBOL        _ICE_DUMMY_
  D:0090H         PUBLIC        P1
  D:00A0H         PUBLIC        P2
  D:00B0H         PUBLIC        P3
  D:0035H         PUBLIC        RightMotorSpeed
  D:00A8H         PUBLIC        IE
  C:0997H         PUBLIC        _SmartCarBack
  D:0036H         PUBLIC        LeftMotorSpeed
  D:00B8H         PUBLIC        IP
  C:09BEH         PUBLIC        _SmartCarRight
  C:09A4H         PUBLIC        _SmartCarLeft
  D:0098H         PUBLIC        SCON
  D:0088H         PUBLIC        TCON
BL51 BANKED LINKER/LOCATER V6.22                                                      08/03/2019  20:49:46  PAGE 5


  C:0A18H         PUBLIC        SmartCarStops
  B:0090H.2       PUBLIC        IN1
  B:0090H.3       PUBLIC        IN2
  B:0090H.6       PUBLIC        IN3
  B:0090H.7       PUBLIC        IN4
  C:09CBH         PUBLIC        _SmartCarRightTurn
  C:09B1H         PUBLIC        _SmartCarLeftTurn
  D:00C8H         PUBLIC        T2CON
  D:00D0H         PUBLIC        PSW
  C:000EH         PUBLIC        _SmartCarForward
  -------         PROC          _SMARTCARFORWARD
  D:0007H         SYMBOL        LeftSpeedVal
  D:0005H         SYMBOL        RightSpeedVal
  C:000EH         LINE#         14
  C:000EH         LINE#         15
  C:000EH         LINE#         16
  C:0010H         LINE#         17
  C:0012H         LINE#         18
  C:0016H         LINE#         19
  C:001AH         LINE#         20
  -------         ENDPROC       _SMARTCARFORWARD
  -------         PROC          _SMARTCARBACK
  D:0007H         SYMBOL        LeftSpeedVal
  D:0005H         SYMBOL        RightSpeedVal
  C:0997H         LINE#         29
  C:0997H         LINE#         30
  C:0997H         LINE#         31
  C:0999H         LINE#         32
  C:099BH         LINE#         33
  C:099FH         LINE#         34
  C:09A3H         LINE#         35
  -------         ENDPROC       _SMARTCARBACK
  -------         PROC          _SMARTCARLEFT
  D:0007H         SYMBOL        LeftSpeedVal
  D:0005H         SYMBOL        RightSpeedVal
  C:09A4H         LINE#         44
  C:09A4H         LINE#         45
  C:09A4H         LINE#         46
  C:09A6H         LINE#         47
  C:09A8H         LINE#         48
  C:09ACH         LINE#         49
  C:09B0H         LINE#         50
  -------         ENDPROC       _SMARTCARLEFT
  -------         PROC          _SMARTCARLEFTTURN
  D:0007H         SYMBOL        LeftSpeedVal
  D:0005H         SYMBOL        RightSpeedVal
  C:09B1H         LINE#         52
  C:09B1H         LINE#         53
  C:09B1H         LINE#         54
  C:09B3H         LINE#         55
  C:09B5H         LINE#         56
  C:09B9H         LINE#         57
  C:09BDH         LINE#         58
  -------         ENDPROC       _SMARTCARLEFTTURN
  -------         PROC          _SMARTCARRIGHT
  D:0007H         SYMBOL        LeftSpeedVal
  D:0005H         SYMBOL        RightSpeedVal
BL51 BANKED LINKER/LOCATER V6.22                                                      08/03/2019  20:49:46  PAGE 6


  C:09BEH         LINE#         67
  C:09BEH         LINE#         68
  C:09BEH         LINE#         69
  C:09C0H         LINE#         70
  C:09C2H         LINE#         71
  C:09C6H         LINE#         72
  C:09CAH         LINE#         73
  -------         ENDPROC       _SMARTCARRIGHT
  -------         PROC          _SMARTCARRIGHTTURN
  D:0007H         SYMBOL        LeftSpeedVal
  D:0005H         SYMBOL        RightSpeedVal
  C:09CBH         LINE#         75
  C:09CBH         LINE#         76
  C:09CBH         LINE#         77
  C:09CDH         LINE#         78
  C:09CFH         LINE#         79
  C:09D3H         LINE#         80
  C:09D7H         LINE#         81
  -------         ENDPROC       _SMARTCARRIGHTTURN
  -------         PROC          SMARTCARSTOPS
  C:0A18H         LINE#         88
  C:0A18H         LINE#         89
  C:0A18H         LINE#         90
  C:0A1CH         LINE#         91
  C:0A20H         LINE#         92
  -------         ENDPROC       SMARTCARSTOPS
  -------         ENDMOD        MOTOR

  -------         MODULE        TIMER_ISR
  C:0000H         SYMBOL        _ICE_DUMMY_
  D:0090H         PUBLIC        P1
  D:00A0H         PUBLIC        P2
  D:00B0H         PUBLIC        P3
  B:00A8H.7       PUBLIC        EA
  B:0090H.5       PUBLIC        RightMotor_EN
  D:00A8H         PUBLIC        IE
  B:0090H.4       PUBLIC        LeftMotor_EN
  D:00B8H         PUBLIC        IP
  D:003BH         PUBLIC        PWM_T
  B:00A0H.0       PUBLIC        EchoPin
  D:0098H         PUBLIC        SCON
  D:0089H         PUBLIC        TMOD
  D:0088H         PUBLIC        TCON
  C:077EH         PUBLIC        tm0_isr
  C:0A45H         PUBLIC        tm1_isr
  B:00A8H.1       PUBLIC        ET0
  B:00A8H.3       PUBLIC        ET1
  C:09D8H         PUBLIC        Timer0Init
  C:0A21H         PUBLIC        Timer1Init
  D:008CH         PUBLIC        TH0
  D:008DH         PUBLIC        TH1
  D:008AH         PUBLIC        TL0
  D:008BH         PUBLIC        TL1
  B:0088H.4       PUBLIC        TR0
  C:0003H         PUBLIC        IntRegInit
  D:00C8H         PUBLIC        T2CON
  D:00D0H         PUBLIC        PSW
BL51 BANKED LINKER/LOCATER V6.22                                                      08/03/2019  20:49:46  PAGE 7


  -------         PROC          INTREGINIT
  C:0003H         LINE#         13
  C:0003H         LINE#         14
  C:0003H         LINE#         15
  C:0005H         LINE#         16
  C:0007H         LINE#         17
  C:0009H         LINE#         18
  -------         ENDPROC       INTREGINIT
  -------         PROC          TIMER0INIT
  C:09D8H         LINE#         20
  C:09D8H         LINE#         21
  C:09D8H         LINE#         22
  C:09DBH         LINE#         23
  C:09DEH         LINE#         24
  C:09E1H         LINE#         25
  C:09E3H         LINE#         26
  -------         ENDPROC       TIMER0INIT
  -------         PROC          TIMER1INIT
  C:0A21H         LINE#         29
  C:0A21H         LINE#         30
  C:0A21H         LINE#         31
  C:0A24H         LINE#         32
  C:0A27H         LINE#         33
  C:0A29H         LINE#         34
  -------         ENDPROC       TIMER1INIT
  -------         PROC          TM0_ISR
  C:077EH         LINE#         36
  C:0782H         LINE#         38
  C:0784H         LINE#         39
  C:0789H         LINE#         40
  C:0789H         LINE#         41
  C:078CH         LINE#         42
  C:078CH         LINE#         43
  C:0793H         LINE#         44
  C:0793H         LINE#         45
  C:0795H         LINE#         46
  C:0795H         LINE#         47
  C:079CH         LINE#         48
  C:079CH         LINE#         49
  C:079EH         LINE#         50
  C:079EH         LINE#         51
  C:07A5H         LINE#         52
  C:07A5H         LINE#         53
  C:07A7H         LINE#         54
  C:07A7H         LINE#         55
  C:07AEH         LINE#         56
  C:07AEH         LINE#         57
  C:07B0H         LINE#         58
  C:07B0H         LINE#         59
  -------         ENDPROC       TM0_ISR
  -------         PROC          TM1_ISR
  C:0A45H         LINE#         61
  C:0A45H         LINE#         63
  C:0A47H         LINE#         64
  C:0A49H         LINE#         65
  -------         ENDPROC       TM1_ISR
  -------         ENDMOD        TIMER_ISR
BL51 BANKED LINKER/LOCATER V6.22                                                      08/03/2019  20:49:46  PAGE 8



  -------         MODULE        DELAY
  C:0000H         SYMBOL        _ICE_DUMMY_
  D:0090H         PUBLIC        P1
  D:00A0H         PUBLIC        P2
  D:00B0H         PUBLIC        P3
  C:093FH         PUBLIC        _Delay1ms
  D:00A8H         PUBLIC        IE
  D:00B8H         PUBLIC        IP
  C:0A3CH         PUBLIC        Delay2500us
  C:0A2AH         PUBLIC        Delay1550us
  D:0098H         PUBLIC        SCON
  D:0088H         PUBLIC        TCON
  C:0A4AH         PUBLIC        Delay15us
  C:0A33H         PUBLIC        Delay17500us
  C:0A04H         PUBLIC        Delay19400us
  C:09F0H         PUBLIC        Delay18450us
  D:00C8H         PUBLIC        T2CON
  C:09FAH         PUBLIC        Delay600us
  D:00D0H         PUBLIC        PSW
  -------         PROC          _DELAY1MS
  D:0006H         SYMBOL        ms
  -------         DO            
  D:0004H         SYMBOL        i
  -------         ENDDO         
  C:093FH         LINE#         10
  C:093FH         LINE#         11
  C:093FH         LINE#         13
  C:093FH         LINE#         14
  C:0943H         LINE#         15
  C:094CH         LINE#         16
  C:0955H         LINE#         17
  -------         ENDPROC       _DELAY1MS
  -------         PROC          DELAY15US
  -------         DO            
  D:0007H         SYMBOL        i
  -------         ENDDO         
  C:0A4AH         LINE#         19
  C:0A4AH         LINE#         20
  C:0A4AH         LINE#         23
  C:0A4CH         LINE#         24
  C:0A4EH         LINE#         25
  -------         ENDPROC       DELAY15US
  -------         PROC          DELAY1550US
  -------         DO            
  D:0007H         SYMBOL        i
  D:0006H         SYMBOL        j
  -------         ENDDO         
  C:0A2AH         LINE#         29
  C:0A2AH         LINE#         30
  C:0A2AH         LINE#         33
  C:0A2CH         LINE#         34
  C:0A2EH         LINE#         36
  C:0A2EH         LINE#         37
  C:0A30H         LINE#         38
  C:0A32H         LINE#         39
  -------         ENDPROC       DELAY1550US
BL51 BANKED LINKER/LOCATER V6.22                                                      08/03/2019  20:49:46  PAGE 9


  -------         PROC          DELAY18450US
  -------         DO            
  D:0007H         SYMBOL        i
  D:0006H         SYMBOL        j
  -------         ENDDO         
  C:09F0H         LINE#         41
  C:09F0H         LINE#         42
  C:09F0H         LINE#         45
  C:09F1H         LINE#         46
  C:09F3H         LINE#         47
  C:09F5H         LINE#         49
  C:09F5H         LINE#         50
  C:09F7H         LINE#         51
  C:09F9H         LINE#         52
  -------         ENDPROC       DELAY18450US
  -------         PROC          DELAY600US
  -------         DO            
  D:0007H         SYMBOL        i
  D:0006H         SYMBOL        j
  -------         ENDDO         
  C:09FAH         LINE#         54
  C:09FAH         LINE#         55
  C:09FAH         LINE#         58
  C:09FBH         LINE#         59
  C:09FDH         LINE#         60
  C:09FFH         LINE#         62
  C:09FFH         LINE#         63
  C:0A01H         LINE#         64
  C:0A03H         LINE#         65
  -------         ENDPROC       DELAY600US
  -------         PROC          DELAY19400US
  -------         DO            
  D:0007H         SYMBOL        i
  D:0006H         SYMBOL        j
  -------         ENDDO         
  C:0A04H         LINE#         66
  C:0A04H         LINE#         67
  C:0A04H         LINE#         70
  C:0A05H         LINE#         71
  C:0A07H         LINE#         72
  C:0A09H         LINE#         74
  C:0A09H         LINE#         75
  C:0A0BH         LINE#         76
  C:0A0DH         LINE#         77
  -------         ENDPROC       DELAY19400US
  -------         PROC          DELAY17500US
  -------         DO            
  D:0007H         SYMBOL        i
  D:0006H         SYMBOL        j
  -------         ENDDO         
  C:0A33H         LINE#         79
  C:0A33H         LINE#         80
  C:0A33H         LINE#         83
  C:0A35H         LINE#         84
  C:0A37H         LINE#         86
  C:0A37H         LINE#         87
  C:0A39H         LINE#         88
BL51 BANKED LINKER/LOCATER V6.22                                                      08/03/2019  20:49:46  PAGE 10


  C:0A3BH         LINE#         89
  -------         ENDPROC       DELAY17500US
  -------         PROC          DELAY2500US
  -------         DO            
  D:0007H         SYMBOL        i
  D:0006H         SYMBOL        j
  -------         ENDDO         
  C:0A3CH         LINE#         90
  C:0A3CH         LINE#         91
  C:0A3CH         LINE#         94
  C:0A3EH         LINE#         95
  C:0A40H         LINE#         97
  C:0A40H         LINE#         98
  C:0A42H         LINE#         99
  C:0A44H         LINE#         100
  -------         ENDPROC       DELAY2500US
  -------         ENDMOD        DELAY

  -------         MODULE        ULTRASONIC
  C:0000H         SYMBOL        _ICE_DUMMY_
  D:0090H         PUBLIC        P1
  D:00A0H         PUBLIC        P2
  D:00B0H         PUBLIC        P3
  D:00A8H         PUBLIC        IE
  D:00B8H         PUBLIC        IP
  B:00A0H.0       PUBLIC        EchoPin
  D:0098H         PUBLIC        SCON
  D:0088H         PUBLIC        TCON
  B:00A0H.1       PUBLIC        TrigPin
  C:0988H         PUBLIC        TrigUltrasonic
  D:008DH         PUBLIC        TH1
  D:008BH         PUBLIC        TL1
  C:0739H         PUBLIC        GetDistance
  B:0088H.6       PUBLIC        TR1
  D:00C8H         PUBLIC        T2CON
  D:00D0H         PUBLIC        PSW
  -------         PROC          TRIGULTRASONIC
  C:0988H         LINE#         7
  C:0988H         LINE#         8
  C:0988H         LINE#         9
  C:098AH         LINE#         10
  C:098BH         LINE#         11
  C:098CH         LINE#         12
  C:098DH         LINE#         13
  C:098EH         LINE#         14
  C:098FH         LINE#         15
  C:0991H         LINE#         16
  C:0994H         LINE#         17
  C:0996H         LINE#         18
  -------         ENDPROC       TRIGULTRASONIC
  -------         PROC          GETDISTANCE
  -------         DO            
  D:0025H         SYMBOL        Distance
  D:0027H         SYMBOL        Time
  -------         ENDDO         
  C:0739H         LINE#         28
  C:0739H         LINE#         29
BL51 BANKED LINKER/LOCATER V6.22                                                      08/03/2019  20:49:46  PAGE 11


  C:0739H         LINE#         30
  C:073EH         LINE#         31
  C:0742H         LINE#         32
  C:0745H         LINE#         33
  C:0748H         LINE#         34
  C:074AH         LINE#         35
  C:074DH         LINE#         36
  C:074FH         LINE#         37
  C:075FH         LINE#         38
  C:0762H         LINE#         39
  C:0764H         LINE#         40
  C:077DH         LINE#         41
  C:077DH         LINE#         42
  -------         ENDPROC       GETDISTANCE
  -------         ENDMOD        ULTRASONIC

  -------         MODULE        APP
  C:0000H         SYMBOL        _ICE_DUMMY_
  D:0090H         PUBLIC        P1
  D:00A0H         PUBLIC        P2
  D:00B0H         PUBLIC        P3
  B:00B0H.4       PUBLIC        FollowSensorLeft
  C:06F2H         PUBLIC        RefreshDistance
  B:00B0H.3       PUBLIC        TrackSensorLeft
  D:00A8H         PUBLIC        IE
  B:0020H.0       PUBLIC        Timer1Overflow
  D:00B8H         PUBLIC        IP
  C:0644H         PUBLIC        _TrackingAvoid
  D:0008H         PUBLIC        RightDistance
  C:0815H         PUBLIC        IR_Tracking
  D:0098H         PUBLIC        SCON
  D:000AH         PUBLIC        DistBuf
  D:0088H         PUBLIC        TCON
  D:0014H         PUBLIC        FrontDistance
  D:0016H         PUBLIC        LeftDistance
  C:0453H         PUBLIC        _DispDistance
  B:0090H.1       PUBLIC        UAvoidSensorRight
  C:02C4H         PUBLIC        PTZ_Avoid
  B:0090H.0       PUBLIC        UAvoidSensorLeft
  B:00A0H.3       PUBLIC        BUZZER
  D:0018H         PUBLIC        disbuff
  D:00C8H         PUBLIC        T2CON
  C:0808H         PUBLIC        ASCII
  C:06A1H         PUBLIC        _FollowAvoid
  C:0508H         PUBLIC        _bubble
  C:0927H         PUBLIC        IR_Avoid
  C:07B5H         PUBLIC        IR_Follow
  B:00B0H.5       PUBLIC        FollowSensorRight
  B:00B0H.2       PUBLIC        TrackSensorRight
  D:00D0H         PUBLIC        PSW
  -------         PROC          _DISPDISTANCE
  D:0037H         SYMBOL        Val
  C:0453H         LINE#         24
  C:0457H         LINE#         25
  C:0457H         LINE#         26
  C:0465H         LINE#         27
  C:0465H         LINE#         28
BL51 BANKED LINKER/LOCATER V6.22                                                      08/03/2019  20:49:46  PAGE 12


  C:0467H         LINE#         29
  C:0474H         LINE#         30
  C:0474H         LINE#         32
  C:0474H         LINE#         34
  C:0481H         LINE#         35
  C:049BH         LINE#         36
  C:04B5H         LINE#         37
  C:04C2H         LINE#         38
  C:04CFH         LINE#         39
  C:04DDH         LINE#         40
  C:04EBH         LINE#         41
  C:04F9H         LINE#         42
  C:0507H         LINE#         43
  C:0507H         LINE#         44
  -------         ENDPROC       _DISPDISTANCE
  -------         PROC          _BUBBLE
  D:0001H         SYMBOL        a
  D:0029H         SYMBOL        n
  -------         DO            
  D:002AH         SYMBOL        i
  D:002CH         SYMBOL        j
  D:002EH         SYMBOL        temp
  -------         ENDDO         
  C:0508H         LINE#         46
  C:050AH         LINE#         47
  C:050AH         LINE#         49
  C:0524H         LINE#         50
  C:0524H         LINE#         51
  C:053AH         LINE#         52
  C:053AH         LINE#         53
  C:0564H         LINE#         54
  C:0564H         LINE#         55
  C:0568H         LINE#         56
  C:058BH         LINE#         57
  C:059FH         LINE#         58
  C:059FH         LINE#         59
  C:05A9H         LINE#         60
  C:05B7H         LINE#         62
  -------         ENDPROC       _BUBBLE
  -------         PROC          REFRESHDISTANCE
  -------         DO            
  D:003CH         SYMBOL        num
  D:0006H         SYMBOL        Dist
  -------         ENDDO         
  C:06F2H         LINE#         70
  C:06F2H         LINE#         71
  C:06F2H         LINE#         74
  C:06F5H         LINE#         75
  C:06F5H         LINE#         76
  C:0704H         LINE#         77
  C:070BH         LINE#         78
  C:0714H         LINE#         79
  C:071FH         LINE#         80
  C:0738H         LINE#         81
  C:0738H         LINE#         82
  -------         ENDPROC       REFRESHDISTANCE
  -------         PROC          IR_AVOID
BL51 BANKED LINKER/LOCATER V6.22                                                      08/03/2019  20:49:46  PAGE 13


  C:0927H         LINE#         84
  C:0927H         LINE#         85
  C:0927H         LINE#         86
  C:092AH         LINE#         87
  C:092AH         LINE#         88
  C:0931H         LINE#         89
  C:0938H         LINE#         90
  C:0938H         LINE#         91
  C:093BH         LINE#         92
  C:093BH         LINE#         93
  C:093BH         LINE#         94
  C:093EH         LINE#         95
  C:093EH         LINE#         96
  -------         ENDPROC       IR_AVOID
  -------         PROC          IR_TRACKING
  C:0815H         LINE#         103
  C:0815H         LINE#         104
  C:0815H         LINE#         106
  C:081BH         LINE#         107
  C:081BH         LINE#         108
  C:0822H         LINE#         109
  C:0828H         LINE#         110
  C:0828H         LINE#         111
  C:082FH         LINE#         112
  C:0835H         LINE#         113
  C:0835H         LINE#         115
  C:083CH         LINE#         116
  C:083CH         LINE#         117
  -------         ENDPROC       IR_TRACKING
  -------         PROC          IR_FOLLOW
  C:07B5H         LINE#         124
  C:07B5H         LINE#         125
  C:07B5H         LINE#         126
  C:07BBH         LINE#         127
  C:07BBH         LINE#         128
  C:07C2H         LINE#         129
  C:07C8H         LINE#         130
  C:07C8H         LINE#         131
  C:07CFH         LINE#         132
  C:07D5H         LINE#         133
  C:07D5H         LINE#         134
  C:07DCH         LINE#         135
  C:07E2H         LINE#         136
  C:07E2H         LINE#         137
  C:07E5H         LINE#         138
  C:07E5H         LINE#         139
  -------         ENDPROC       IR_FOLLOW
  -------         PROC          _TRACKINGAVOID
  D:001CH         SYMBOL        val
  -------         DO            
  D:001EH         SYMBOL        Dis
  -------         ENDDO         
  C:0644H         LINE#         148
  C:0648H         LINE#         149
  C:0648H         LINE#         151
  C:064FH         LINE#         152
  C:065AH         LINE#         153
BL51 BANKED LINKER/LOCATER V6.22                                                      08/03/2019  20:49:46  PAGE 14


  C:065AH         LINE#         154
  C:065AH         LINE#         155
  C:065CH         LINE#         156
  C:065FH         LINE#         157
  C:0666H         LINE#         158
  C:066DH         LINE#         159
  C:0678H         LINE#         160
  C:067AH         LINE#         161
  C:0680H         LINE#         162
  C:0680H         LINE#         163
  C:0687H         LINE#         164
  C:0687H         LINE#         165
  C:0687H         LINE#         167
  C:0687H         LINE#         168
  C:068CH         LINE#         169
  C:068CH         LINE#         170
  C:068FH         LINE#         171
  C:06A0H         LINE#         172
  C:06A0H         LINE#         173
  -------         ENDPROC       _TRACKINGAVOID
  -------         PROC          _FOLLOWAVOID
  D:0021H         SYMBOL        val
  -------         DO            
  D:0023H         SYMBOL        Dis
  -------         ENDDO         
  C:06A1H         LINE#         184
  C:06A5H         LINE#         185
  C:06A5H         LINE#         187
  C:06ACH         LINE#         188
  C:06B7H         LINE#         189
  C:06B7H         LINE#         190
  C:06B7H         LINE#         191
  C:06B9H         LINE#         192
  C:06BCH         LINE#         193
  C:06C3H         LINE#         194
  C:06CAH         LINE#         195
  C:06D5H         LINE#         196
  C:06D7H         LINE#         197
  C:06D8H         LINE#         199
  C:06D8H         LINE#         200
  C:06DDH         LINE#         201
  C:06DDH         LINE#         202
  C:06E0H         LINE#         203
  C:06F1H         LINE#         204
  C:06F1H         LINE#         205
  -------         ENDPROC       _FOLLOWAVOID
  -------         PROC          PTZ_AVOID
  -------         DO            
  D:0039H         SYMBOL        Dis
  -------         ENDDO         
  C:02C4H         LINE#         244
  C:02C4H         LINE#         245
  C:02C4H         LINE#         247
  C:02CBH         LINE#         248
  C:02D9H         LINE#         249
  C:02D9H         LINE#         250
  C:02E1H         LINE#         251
BL51 BANKED LINKER/LOCATER V6.22                                                      08/03/2019  20:49:46  PAGE 15


  C:02E8H         LINE#         252
  C:02EBH         LINE#         253
  C:02F2H         LINE#         256
  C:02F5H         LINE#         257
  C:02FCH         LINE#         258
  C:0304H         LINE#         259
  C:030BH         LINE#         260
  C:0312H         LINE#         263
  C:0315H         LINE#         264
  C:031CH         LINE#         265
  C:0324H         LINE#         266
  C:032BH         LINE#         267
  C:0332H         LINE#         270
  C:0335H         LINE#         271
  C:033CH         LINE#         272
  C:0344H         LINE#         273
  C:034BH         LINE#         274
  C:0352H         LINE#         275
  C:0373H         LINE#         276
  C:0373H         LINE#         277
  C:0373H         LINE#         278
  C:037AH         LINE#         279
  C:0381H         LINE#         281
  C:0384H         LINE#         282
  C:038BH         LINE#         283
  C:0393H         LINE#         284
  C:039AH         LINE#         285
  C:03A1H         LINE#         286
  C:03ACH         LINE#         287
  C:03B8H         LINE#         288
  C:03B8H         LINE#         289
  C:03C0H         LINE#         290
  C:03C7H         LINE#         291
  C:03CEH         LINE#         292
  C:03D5H         LINE#         293
  C:03D5H         LINE#         294
  C:03E2H         LINE#         295
  C:03E2H         LINE#         296
  C:03EAH         LINE#         297
  C:03F1H         LINE#         298
  C:03F8H         LINE#         299
  C:03FFH         LINE#         300
  C:0406H         LINE#         301
  C:041CH         LINE#         302
  C:041CH         LINE#         303
  C:0424H         LINE#         304
  C:042BH         LINE#         305
  C:0432H         LINE#         306
  C:0439H         LINE#         307
  C:0439H         LINE#         308
  C:0439H         LINE#         310
  C:0439H         LINE#         311
  C:043EH         LINE#         312
  C:043EH         LINE#         313
  C:0441H         LINE#         314
  C:0452H         LINE#         315
  C:0452H         LINE#         316
BL51 BANKED LINKER/LOCATER V6.22                                                      08/03/2019  20:49:46  PAGE 16


  -------         ENDPROC       PTZ_AVOID
  -------         ENDMOD        APP

  -------         MODULE        SERVO
  C:0000H         SYMBOL        _ICE_DUMMY_
  D:0090H         PUBLIC        P1
  D:00A0H         PUBLIC        P2
  D:00B0H         PUBLIC        P3
  B:00A8H.7       PUBLIC        EA
  D:00A8H         PUBLIC        IE
  C:08ABH         PUBLIC        ServoRight
  D:00B8H         PUBLIC        IP
  C:0865H         PUBLIC        ServoFront
  C:0888H         PUBLIC        ServoLeft
  D:0098H         PUBLIC        SCON
  D:0088H         PUBLIC        TCON
  B:00A0H.7       PUBLIC        ServoPin
  D:00C8H         PUBLIC        T2CON
  D:00D0H         PUBLIC        PSW
  -------         PROC          SERVOFRONT
  -------         DO            
  D:0021H         SYMBOL        i
  -------         ENDDO         
  C:0865H         LINE#         10
  C:0865H         LINE#         11
  C:0865H         LINE#         13
  C:0867H         LINE#         14
  C:086AH         LINE#         15
  C:086AH         LINE#         16
  C:086CH         LINE#         17
  C:086FH         LINE#         18
  C:0871H         LINE#         19
  C:0874H         LINE#         20
  C:087FH         LINE#         21
  C:0881H         LINE#         22
  -------         ENDPROC       SERVOFRONT
  -------         PROC          SERVOLEFT
  -------         DO            
  D:003DH         SYMBOL        i
  -------         ENDDO         
  C:0888H         LINE#         30
  C:0888H         LINE#         31
  C:0888H         LINE#         33
  C:088AH         LINE#         34
  C:088DH         LINE#         35
  C:088DH         LINE#         36
  C:088FH         LINE#         37
  C:0892H         LINE#         38
  C:0894H         LINE#         39
  C:0897H         LINE#         40
  C:08A2H         LINE#         41
  C:08A4H         LINE#         42
  -------         ENDPROC       SERVOLEFT
  -------         PROC          SERVORIGHT
  -------         DO            
  D:003EH         SYMBOL        i
  -------         ENDDO         
BL51 BANKED LINKER/LOCATER V6.22                                                      08/03/2019  20:49:46  PAGE 17


  C:08ABH         LINE#         50
  C:08ABH         LINE#         51
  C:08ABH         LINE#         53
  C:08ADH         LINE#         54
  C:08B0H         LINE#         55
  C:08B0H         LINE#         56
  C:08B2H         LINE#         57
  C:08B5H         LINE#         58
  C:08B7H         LINE#         59
  C:08BAH         LINE#         60
  C:08C5H         LINE#         61
  C:08C7H         LINE#         62
  -------         ENDPROC       SERVORIGHT
  -------         ENDMOD        SERVO

  -------         MODULE        LCD1602
  C:0000H         SYMBOL        _ICE_DUMMY_
  D:0080H         PUBLIC        P0
  D:0090H         PUBLIC        P1
  D:00A0H         PUBLIC        P2
  C:0968H         PUBLIC        _LCD1602_Write_Cmd
  D:00B0H         PUBLIC        P3
  C:0956H         PUBLIC        Read_Busy
  C:0978H         PUBLIC        _LCD1602_Write_Dat
  D:00A8H         PUBLIC        IE
  C:09E4H         PUBLIC        _LCD1602_Set_Cursor
  B:00B0H.4       PUBLIC        LCD1602_EN
  D:00B8H         PUBLIC        IP
  B:00B0H.5       PUBLIC        LCD1602_RS
  C:0A0EH         PUBLIC        _LCD1602_Dis_OneChar
  B:00B0H.6       PUBLIC        LCD1602_RW
  D:0098H         PUBLIC        SCON
  D:0088H         PUBLIC        TCON
  C:083DH         PUBLIC        _LCD1602_Dis_Str
  D:00C8H         PUBLIC        T2CON
  D:00D0H         PUBLIC        PSW
  -------         PROC          READ_BUSY
  -------         DO            
  D:0007H         SYMBOL        busy
  -------         ENDDO         
  C:0956H         LINE#         8
  C:0956H         LINE#         9
  C:0956H         LINE#         11
  C:0959H         LINE#         12
  C:095BH         LINE#         13
  C:095DH         LINE#         15
  C:095DH         LINE#         16
  C:095FH         LINE#         17
  C:0961H         LINE#         18
  C:0963H         LINE#         19
  C:0967H         LINE#         20
  -------         ENDPROC       READ_BUSY
  -------         PROC          _LCD1602_WRITE_CMD
  D:0006H         SYMBOL        cmd
  C:0968H         LINE#         27
  C:096AH         LINE#         28
  C:096AH         LINE#         29
BL51 BANKED LINKER/LOCATER V6.22                                                      08/03/2019  20:49:46  PAGE 18


  C:096DH         LINE#         30
  C:096FH         LINE#         31
  C:0971H         LINE#         32
  C:0973H         LINE#         33
  C:0975H         LINE#         34
  C:0977H         LINE#         35
  -------         ENDPROC       _LCD1602_WRITE_CMD
  -------         PROC          _LCD1602_WRITE_DAT
  D:0006H         SYMBOL        dat
  C:0978H         LINE#         42
  C:097AH         LINE#         43
  C:097AH         LINE#         44
  C:097DH         LINE#         45
  C:097FH         LINE#         46
  C:0981H         LINE#         47
  C:0983H         LINE#         48
  C:0985H         LINE#         49
  C:0987H         LINE#         50
  -------         ENDPROC       _LCD1602_WRITE_DAT
  -------         PROC          _LCD1602_SET_CURSOR
  D:0007H         SYMBOL        x
  D:0005H         SYMBOL        y
  C:09E4H         LINE#         81
  C:09E4H         LINE#         82
  C:09E4H         LINE#         83
  C:09EAH         LINE#         84
  C:09EDH         LINE#         85
  -------         ENDPROC       _LCD1602_SET_CURSOR
  -------         PROC          _LCD1602_DIS_ONECHAR
  D:0006H         SYMBOL        x
  D:0005H         SYMBOL        y
  D:0004H         SYMBOL        dat
  C:0A0EH         LINE#         94
  C:0A10H         LINE#         95
  C:0A10H         LINE#         96
  C:0A13H         LINE#         97
  -------         ENDPROC       _LCD1602_DIS_ONECHAR
  -------         PROC          _LCD1602_DIS_STR
  D:0007H         SYMBOL        x
  D:0005H         SYMBOL        y
  D:0030H         SYMBOL        str
  C:083DH         LINE#         106
  C:0843H         LINE#         107
  C:0843H         LINE#         108
  C:0846H         LINE#         109
  C:0851H         LINE#         110
  C:0851H         LINE#         111
  C:0862H         LINE#         112
  C:0864H         LINE#         113
  -------         ENDPROC       _LCD1602_DIS_STR
  -------         ENDMOD        LCD1602

  -------         MODULE        ?C?FPMUL
  C:001EH         PUBLIC        ?C?FPMUL
  -------         ENDMOD        ?C?FPMUL

  -------         MODULE        ?C?FCAST
BL51 BANKED LINKER/LOCATER V6.22                                                      08/03/2019  20:49:46  PAGE 19


  C:012EH         PUBLIC        ?C?FCASTC
  C:0129H         PUBLIC        ?C?FCASTI
  C:0124H         PUBLIC        ?C?FCASTL
  -------         ENDMOD        ?C?FCAST

  -------         MODULE        ?C?CASTF
  C:0162H         PUBLIC        ?C?CASTF
  -------         ENDMOD        ?C?CASTF

  -------         MODULE        ?C?CLDPTR
  C:01E3H         PUBLIC        ?C?CLDPTR
  -------         ENDMOD        ?C?CLDPTR

  -------         MODULE        ?C?UIDIV
  C:01FCH         PUBLIC        ?C?UIDIV
  -------         ENDMOD        ?C?UIDIV

  -------         MODULE        ?C?ILDOPTR
  C:0251H         PUBLIC        ?C?ILDOPTR
  -------         ENDMOD        ?C?ILDOPTR

  -------         MODULE        ?C?ISTOPTR
  C:0289H         PUBLIC        ?C?ISTOPTR
  -------         ENDMOD        ?C?ISTOPTR

  -------         MODULE        ?C?LNEG
  C:02B6H         PUBLIC        ?C?LNEG
  -------         ENDMOD        ?C?LNEG

*** WARNING L16: UNCALLED SEGMENT, IGNORED FOR OVERLAY PROCESS
    SEGMENT: ?PR?_TRACKINGAVOID?APP

*** WARNING L16: UNCALLED SEGMENT, IGNORED FOR OVERLAY PROCESS
    SEGMENT: ?PR?PTZ_AVOID?APP

Program Size: data=63.1 xdata=0 code=2638
LINK/LOCATE RUN COMPLETE.  2 WARNING(S),  0 ERROR(S)
