C51 COMPILER V9.00   MAIN                                                                  07/07/2024 12:44:59 PAGE 1   


C51 COMPILER V9.00, COMPILATION OF MODULE MAIN
OBJECT MODULE PLACED IN ..\output\main.obj
COMPILER INVOKED BY: C:\Keil\C51\BIN\C51.EXE ..\source\main.c BROWSE DEBUG OBJECTEXTEND PRINT(.\main.lst) OBJECT(..\outp
                    -ut\main.obj)

line level    source

   1          /*
   2          * 【编写时间】： 2019年8月6日
   3          * 【作    者】： 清翔电子:01
   4          * 【版    本】： 1.7 优化超声波云台避障逻辑
   5          * 【网    站】： http://www.qxmcu.com/ 
   6          * 【淘宝店铺】： http://qxmcu.taobao.com/ 
   7          * 【实验平台】： QX-MCS51 单片机开发板 & QX-A51智能小车
   8          * 【外部晶振】： 11.0592mhz     
   9          * 【主控芯片】： STC89C52
  10          * 【编译环境】： Keil μVisio4
  11          * 【程序功能】： 云台避障，超声波云台与红外避障，1602液晶显示距离
  12          * 【使用说明】： 1、必须接上1602液晶显示器
  13                                           2、请将接在主控板和小车底板上的P32-P35的4P杜邦线拔掉
  14                                           3、再装不两条杜邦线，分别把小车底盘上P34接到主控板的P10上，P35接到主控板的P11上
  15          
  16                                           液晶第一行显示云台测距方向，分别为D、F前方，L左面,R右面
  17                                           第二行是显示的距离，单位毫米
  18                                           可以通过这个显示信息来调节智能小车避障逻辑，理论上不同实验环境
  19                                           下都需要调试才能达到理想效果。
  20                                           执行逻辑app.c文件夹内PTZ_Avoid函数
  21          * 【注意事项】： 云台不防撞
  22          */
  23          
  24          #define  _MAIN_C
  25          #include "config.h"
  26          #include "motor.h"
  27          #include "Delay.h"
  28          #include "timer_ISR.h"
  29          #include "LCD1602.h"
  30          #include "ultrasonic.h"
  31          #include "app.h"
  32          #include "Servo.h"
  33          #include "main.h"
  34          
  35          uchar LeftSpeed, RightSpeed;//设置左右轮速度
  36          void keyscan()
  37          {
  38   1              for(;;) //死循环
  39   1              {
  40   2                      if(KEY_S2 == 0)// 实时检测S2按键是否被按下
  41   2                      {
  42   3                              Delay1ms(5); //软件消抖
  43   3                              if(KEY_S2 == 0)//再检测S2是否被按下
  44   3                              {
  45   4                                      while(!KEY_S2);//松手检测
  46   4                                      BUZZER_on;      //开启蜂鸣器
  47   4                                      Delay1ms(200);//200毫秒延时
  48   4                                      BUZZER_off;     //关闭蜂鸣器
  49   4                                      break;          //退出FOR死循环
  50   4                              }
  51   3                      }
  52   2              }       
  53   1      }
  54          void main()
C51 COMPILER V9.00   MAIN                                                                  07/07/2024 12:44:59 PAGE 2   

  55          {
  56   1      //      LeftSpeed       = 150;//设置左轮速度
  57   1      //      RightSpeed      = 150;//设置右轮速度
  58   1              IntRegInit();//中断寄存器初始化
  59   1      //      Timer0Init();//PWM调速初始化
  60   1              Timer1Init();//初始化定时器
  61   1              Init_LCD1602(); //LCD1602初始化
  62   1              ServoFront(); //初始化舵机朝向
  63   1              LCD1602_Dis_Str(0, 0, "Please press the"); //LCD1602写字符串
  64   1              LCD1602_Dis_Str(0, 1, "S2 to start"); //LCD1602写字符串请按下S2启动小车
  65   1              keyscan();//按S2按键启动
  66   1              LCD1602_Clear_Screen();//LCD1602清屏    
  67   1              while(1)
  68   1              {
  69   2      //              PTZ_Avoid(300);//舵机云台避障，LCD1602显示距离,形参设置触发距离，单位：毫米
  70   2                      My_TEST();
  71   2                      My_TEST_2();
  72   2              }
  73   1      } 


MODULE INFORMATION:   STATIC OVERLAYABLE
   CODE SIZE        =     79    ----
   CONSTANT SIZE    =     29    ----
   XDATA SIZE       =   ----    ----
   PDATA SIZE       =   ----    ----
   DATA SIZE        =      2    ----
   IDATA SIZE       =   ----    ----
   BIT SIZE         =   ----    ----
END OF MODULE INFORMATION.


C51 COMPILATION COMPLETE.  0 WARNING(S),  0 ERROR(S)
