BL51 BANKED LINKER/LOCATER V6.22                                                        07/26/2019  12:40:34  PAGE 1


BL51 BANKED LINKER/LOCATER V6.22, INVOKED BY:
C:\KEIL\C51\BIN\BL51.EXE ..\output\servo.obj, ..\output\Delay.obj, ..\output\main.obj TO ..\output\template PRINT (.\tem
>> plate.m51) RAMSIZE (256)


MEMORY MODEL: SMALL


INPUT MODULES INCLUDED:
  ..\output\servo.obj (SERVO)
  ..\output\Delay.obj (DELAY)
  ..\output\main.obj (MAIN)
  C:\KEIL\C51\LIB\C51S.LIB (?C_STARTUP)


LINK MAP OF MODULE:  ..\output\template (SERVO)


            TYPE    BASE      LENGTH    RELOCATION   SEGMENT NAME
            -----------------------------------------------------

            * * * * * * *   D A T A   M E M O R Y   * * * * * * *
            REG     0000H     0008H     ABSOLUTE     "REG BANK 0"
            DATA    0008H     0001H     UNIT         ?DT?SERVOLEFT?SERVO
            DATA    0009H     0001H     UNIT         ?DT?SERVORIGHT?SERVO
            DATA    000AH     0001H     UNIT         _DATA_GROUP_
            IDATA   000BH     0001H     UNIT         ?STACK

            * * * * * * *   C O D E   M E M O R Y   * * * * * * *
            CODE    0000H     0003H     ABSOLUTE     
            CODE    0003H     001FH     UNIT         ?PR?SERVOFRONT?SERVO
            CODE    0022H     001FH     UNIT         ?PR?SERVOLEFT?SERVO
            CODE    0041H     001FH     UNIT         ?PR?SERVORIGHT?SERVO
            CODE    0060H     001EH     UNIT         ?PR?_DELAY?DELAY
            CODE    007EH     000CH     UNIT         ?PR?MAIN?MAIN
            CODE    008AH     000CH     UNIT         ?C_C51STARTUP
            CODE    0096H     000AH     UNIT         ?PR?DELAY18450US?DELAY
            CODE    00A0H     000AH     UNIT         ?PR?DELAY600US?DELAY
            CODE    00AAH     000AH     UNIT         ?PR?DELAY19400US?DELAY
            CODE    00B4H     0009H     UNIT         ?PR?DELAY1550US?DELAY
            CODE    00BDH     0009H     UNIT         ?PR?DELAY17500US?DELAY
            CODE    00C6H     0009H     UNIT         ?PR?DELAY2500US?DELAY
            CODE    00CFH     0008H     UNIT         ?PR?_DELAY10US?DELAY



OVERLAY MAP OF MODULE:   ..\output\template (SERVO)


SEGMENT                          DATA_GROUP 
  +--> CALLED SEGMENT          START    LENGTH
----------------------------------------------
?C_C51STARTUP                  -----    -----
  +--> ?PR?MAIN?MAIN

?PR?MAIN?MAIN                  -----    -----
  +--> ?PR?_DELAY?DELAY
  +--> ?PR?SERVOFRONT?SERVO
BL51 BANKED LINKER/LOCATER V6.22                                                      07/26/2019  12:40:34  PAGE 2



?PR?SERVOFRONT?SERVO           000AH    0001H
  +--> ?PR?DELAY1550US?DELAY
  +--> ?PR?DELAY18450US?DELAY
  +--> ?PR?_DELAY?DELAY



SYMBOL TABLE OF MODULE:  ..\output\template (SERVO)

  VALUE           TYPE          NAME
  ----------------------------------

  -------         MODULE        SERVO
  C:0000H         SYMBOL        _ICE_DUMMY_
  D:0090H         PUBLIC        P1
  D:00A0H         PUBLIC        P2
  D:00B0H         PUBLIC        P3
  D:00A8H         PUBLIC        IE
  C:0041H         PUBLIC        ServoRight
  D:00B8H         PUBLIC        IP
  C:0003H         PUBLIC        ServoFront
  C:0022H         PUBLIC        ServoLeft
  D:0098H         PUBLIC        SCON
  D:0088H         PUBLIC        TCON
  B:00A0H.7       PUBLIC        ServoPin
  D:00C8H         PUBLIC        T2CON
  D:00D0H         PUBLIC        PSW
  -------         PROC          SERVOFRONT
  -------         DO            
  D:000AH         SYMBOL        i
  -------         ENDDO         
  C:0003H         LINE#         10
  C:0003H         LINE#         11
  C:0003H         LINE#         13
  C:0006H         LINE#         14
  C:0006H         LINE#         15
  C:0008H         LINE#         16
  C:000BH         LINE#         17
  C:000DH         LINE#         18
  C:0010H         LINE#         19
  C:001BH         LINE#         20
  -------         ENDPROC       SERVOFRONT
  -------         PROC          SERVOLEFT
  -------         DO            
  D:0008H         SYMBOL        i
  -------         ENDDO         
  C:0022H         LINE#         28
  C:0022H         LINE#         29
  C:0022H         LINE#         31
  C:0025H         LINE#         32
  C:0025H         LINE#         33
  C:0027H         LINE#         34
  C:002AH         LINE#         35
  C:002CH         LINE#         36
  C:002FH         LINE#         37
  C:003AH         LINE#         38
BL51 BANKED LINKER/LOCATER V6.22                                                      07/26/2019  12:40:34  PAGE 3


  -------         ENDPROC       SERVOLEFT
  -------         PROC          SERVORIGHT
  -------         DO            
  D:0009H         SYMBOL        i
  -------         ENDDO         
  C:0041H         LINE#         46
  C:0041H         LINE#         47
  C:0041H         LINE#         49
  C:0044H         LINE#         50
  C:0044H         LINE#         51
  C:0046H         LINE#         52
  C:0049H         LINE#         53
  C:004BH         LINE#         54
  C:004EH         LINE#         55
  C:0059H         LINE#         56
  -------         ENDPROC       SERVORIGHT
  -------         ENDMOD        SERVO

  -------         MODULE        DELAY
  C:0000H         SYMBOL        _ICE_DUMMY_
  D:0090H         PUBLIC        P1
  D:00A0H         PUBLIC        P2
  D:00B0H         PUBLIC        P3
  D:00A8H         PUBLIC        IE
  C:0060H         PUBLIC        _delay
  D:00B8H         PUBLIC        IP
  C:00C6H         PUBLIC        Delay2500us
  C:00B4H         PUBLIC        Delay1550us
  D:0098H         PUBLIC        SCON
  D:0088H         PUBLIC        TCON
  C:00CFH         PUBLIC        _Delay10us
  C:00BDH         PUBLIC        Delay17500us
  C:00AAH         PUBLIC        Delay19400us
  C:0096H         PUBLIC        Delay18450us
  D:00C8H         PUBLIC        T2CON
  C:00A0H         PUBLIC        Delay600us
  D:00D0H         PUBLIC        PSW
  -------         PROC          _DELAY10US
  D:0007H         SYMBOL        i
  -------         DO            
  D:0006H         SYMBOL        j
  -------         ENDDO         
  C:00CFH         LINE#         4
  C:00CFH         LINE#         5
  C:00CFH         LINE#         7
  C:00CFH         LINE#         8
  C:00D1H         LINE#         9
  C:00D1H         LINE#         10
  C:00D2H         LINE#         11
  C:00D4H         LINE#         12
  C:00D6H         LINE#         13
  -------         ENDPROC       _DELAY10US
  -------         PROC          _DELAY
  D:0006H         SYMBOL        z
  -------         DO            
  D:0006H         SYMBOL        x
  D:0004H         SYMBOL        y
BL51 BANKED LINKER/LOCATER V6.22                                                      07/26/2019  12:40:34  PAGE 4


  -------         ENDDO         
  C:0060H         LINE#         15
  C:0060H         LINE#         16
  C:0060H         LINE#         18
  C:0069H         LINE#         19
  C:007DH         LINE#         20
  -------         ENDPROC       _DELAY
  -------         PROC          DELAY1550US
  -------         DO            
  D:0007H         SYMBOL        i
  D:0006H         SYMBOL        j
  -------         ENDDO         
  C:00B4H         LINE#         22
  C:00B4H         LINE#         23
  C:00B4H         LINE#         26
  C:00B6H         LINE#         27
  C:00B8H         LINE#         29
  C:00B8H         LINE#         30
  C:00BAH         LINE#         31
  C:00BCH         LINE#         32
  -------         ENDPROC       DELAY1550US
  -------         PROC          DELAY18450US
  -------         DO            
  D:0007H         SYMBOL        i
  D:0006H         SYMBOL        j
  -------         ENDDO         
  C:0096H         LINE#         34
  C:0096H         LINE#         35
  C:0096H         LINE#         38
  C:0097H         LINE#         39
  C:0099H         LINE#         40
  C:009BH         LINE#         42
  C:009BH         LINE#         43
  C:009DH         LINE#         44
  C:009FH         LINE#         45
  -------         ENDPROC       DELAY18450US
  -------         PROC          DELAY600US
  -------         DO            
  D:0007H         SYMBOL        i
  D:0006H         SYMBOL        j
  -------         ENDDO         
  C:00A0H         LINE#         47
  C:00A0H         LINE#         48
  C:00A0H         LINE#         51
  C:00A1H         LINE#         52
  C:00A3H         LINE#         53
  C:00A5H         LINE#         55
  C:00A5H         LINE#         56
  C:00A7H         LINE#         57
  C:00A9H         LINE#         58
  -------         ENDPROC       DELAY600US
  -------         PROC          DELAY19400US
  -------         DO            
  D:0007H         SYMBOL        i
  D:0006H         SYMBOL        j
  -------         ENDDO         
  C:00AAH         LINE#         59
BL51 BANKED LINKER/LOCATER V6.22                                                      07/26/2019  12:40:34  PAGE 5


  C:00AAH         LINE#         60
  C:00AAH         LINE#         63
  C:00ABH         LINE#         64
  C:00ADH         LINE#         65
  C:00AFH         LINE#         67
  C:00AFH         LINE#         68
  C:00B1H         LINE#         69
  C:00B3H         LINE#         70
  -------         ENDPROC       DELAY19400US
  -------         PROC          DELAY17500US
  -------         DO            
  D:0007H         SYMBOL        i
  D:0006H         SYMBOL        j
  -------         ENDDO         
  C:00BDH         LINE#         72
  C:00BDH         LINE#         73
  C:00BDH         LINE#         76
  C:00BFH         LINE#         77
  C:00C1H         LINE#         79
  C:00C1H         LINE#         80
  C:00C3H         LINE#         81
  C:00C5H         LINE#         82
  -------         ENDPROC       DELAY17500US
  -------         PROC          DELAY2500US
  -------         DO            
  D:0007H         SYMBOL        i
  D:0006H         SYMBOL        j
  -------         ENDDO         
  C:00C6H         LINE#         83
  C:00C6H         LINE#         84
  C:00C6H         LINE#         87
  C:00C8H         LINE#         88
  C:00CAH         LINE#         90
  C:00CAH         LINE#         91
  C:00CCH         LINE#         92
  C:00CEH         LINE#         93
  -------         ENDPROC       DELAY2500US
  -------         ENDMOD        DELAY

  -------         MODULE        MAIN
  C:0000H         SYMBOL        _ICE_DUMMY_
  D:0090H         PUBLIC        P1
  D:00A0H         PUBLIC        P2
  D:00B0H         PUBLIC        P3
  D:00A8H         PUBLIC        IE
  D:00B8H         PUBLIC        IP
  C:007EH         PUBLIC        main
  D:0098H         PUBLIC        SCON
  D:0088H         PUBLIC        TCON
  D:00C8H         PUBLIC        T2CON
  D:00D0H         PUBLIC        PSW
  -------         PROC          MAIN
  C:007EH         LINE#         7
  C:007EH         LINE#         8
  C:007EH         LINE#         9
  C:0085H         LINE#         10
  C:0088H         LINE#         11
BL51 BANKED LINKER/LOCATER V6.22                                                      07/26/2019  12:40:34  PAGE 6


  -------         ENDPROC       MAIN
  -------         ENDMOD        MAIN

*** WARNING L16: UNCALLED SEGMENT, IGNORED FOR OVERLAY PROCESS
    SEGMENT: ?PR?SERVOLEFT?SERVO

*** WARNING L16: UNCALLED SEGMENT, IGNORED FOR OVERLAY PROCESS
    SEGMENT: ?PR?SERVORIGHT?SERVO

*** WARNING L16: UNCALLED SEGMENT, IGNORED FOR OVERLAY PROCESS
    SEGMENT: ?PR?_DELAY10US?DELAY

Program Size: data=12.0 xdata=0 code=215
LINK/LOCATE RUN COMPLETE.  3 WARNING(S),  0 ERROR(S)
